<html>
<body>
<pre>
<h1>µVision Build Log</h1>
<h2>Tool Versions:</h2>
IDE-Version: ¦ÌVision V5.31.0.0
Copyright (C) 2020 ARM Ltd and ARM Germany GmbH. All rights reserved.
License Information: Zhang Achilles, bough, LIC=D0DRA-1VF17-HJG6M-X6QKC-9HMEG-X6873
 
Tool Versions:
Toolchain:       MDK-ARM Plus  Version: 5.31.0.0
Toolchain Path:  C:\Keil_v5\ARM\ARMCC\Bin
C Compiler:      Armcc.exe V5.06 update 6 (build 750)
Assembler:       Armasm.exe V5.06 update 6 (build 750)
Linker/Locator:  ArmLink.exe V5.06 update 6 (build 750)
Library Manager: ArmAr.exe V5.06 update 6 (build 750)
Hex Converter:   FromElf.exe V5.06 update 6 (build 750)
CPU DLL:         SARMCM3.DLL V5.31.0.0
Dialog DLL:      DARMCM1.DLL V1.19.3.0
Target DLL:      Segger\JL2CM3.dll V2.99.38.0
Dialog DLL:      TARMCM1.DLL V1.14.2.0
 
<h2>Project:</h2>
D:\workspace\ARM M0\PHY\PHY_BG268_TFT\proj\BG268 TFT.uvprojx
Project File Date:  12/04/2021

<h2>Output:</h2>
*** Using Compiler 'V5.06 update 6 (build 750)', folder: 'C:\Keil_v5\ARM\ARMCC\Bin'
Build target 'BG268_TFT'
compiling bleSmartPeripheral_Main.c...
compiling OSAL_bleSmartPeripheral.c...
compiling battery.c...
compiling bleSmartPeripheral.c...
compiling systems_parameters.c...
compiling display.c...
user\src\display.c(83): warning:  #550-D: variable "fIsChargeDisplaying"  was set but never used
  static bool fIsChargeDisplaying = false;
user\src\display.c(84): warning:  #177-D: variable "fIsHotDisplayOn"  was declared but never referenced
  static bool fIsHotDisplayOn = false;
user\src\display.c: 2 warnings, 0 errors
compiling temp.c...
compiling user_error.c...
compiling light.c...
compiling command_center.c...
user\src\command_center.c(191): warning:  #177-D: variable "KEY_TESTMODE_Press_times"  was declared but never referenced
  static uint8 KEY_TESTMODE_Press_times = 0;
user\src\command_center.c: 1 warning, 0 errors
compiling user_lightEffect.c...
compiling user_color.c...
compiling user_watchdog.c...
compiling user_flash.c...
compiling user_test.c...
compiling user_utils.c...
compiling user_remainTimer.c...
compiling clock.c...
compiling protocol_uart.c...
compiling common.c...
compiling pwrmgr.c...
compiling gpio.c...
compiling uart.c...
compiling my_printf.c...
..\components\driver\log\my_printf.c(339): warning:  #223-D: function "protocol_uart_Init" declared implicitly
  	protocol_uart_Init();
..\components\driver\log\my_printf.c: 1 warning, 0 errors
compiling adc.c...
compiling pwm.c...
compiling flash.c...
compiling keys.c...
compiling spi.c...
compiling watchdog.c...
compiling devinfoservice.c...
compiling battservice.c...
compiling gap.c...
compiling gapgattserver.c...
compiling peripheral.c...
compiling gapbondmgr.c...
compiling ota_app_service.c...
compiling LumeControlprofile.c...
compiling simpleGATTprofile.c...
user\src\simpleGATTprofile.c(203): warning:  #550-D: variable "char5lenth"  was set but never used
  static uint16 char5lenth = 0;
user\src\simpleGATTprofile.c: 1 warning, 0 errors
compiling LumeCubeprofile.c...
compiling gattservapp.c...
compiling main.c...
compiling osal_snv.c...
compiling jump_table.c...
linking...
Program Size: Code=53140 RO-data=4416 RW-data=2736 ZI-data=15164  
After Build - User command #1: fromelf.exe --bin  -o  ./bin  ./Objects/BG268_TFT.axf
After Build - User command #2: fromelf.exe .\Objects\BG268_TFT.axf --i32combined --output .\bin\BG268_TFT.hex
".\Objects\BG268_TFT.axf" - 0 Error(s), 5 Warning(s).

<h2>Software Packages used:</h2>

Package Vendor: ARM
                http://www.keil.com/pack/ARM.CMSIS.5.7.0.pack
                ARM.CMSIS.5.7.0
                CMSIS (Cortex Microcontroller Software Interface Standard)
   * Component: CORE Version: 5.4.0
   * Component: Startup Version: 1.2.2

<h2>Collection of Component include folders:</h2>
  .\RTE\_BG268_TFT
  C:\Keil_v5\Sky\AppData\Local\Arm\Packs\ARM\CMSIS\5.7.0\CMSIS\Core\Include
  C:\Keil_v5\Sky\AppData\Local\Arm\Packs\ARM\CMSIS\5.7.0\Device\ARM\ARMCM0\Include

<h2>Collection of Component Files used:</h2>

   * Component: ARM::CMSIS:CORE:5.4.0

   * Component: ARM::Device:Startup:1.2.2
      Source file:   Device\ARM\ARMCM0\Source\ARM\startup_ARMCM0.s
      Source file:   Device\ARM\ARMCM0\Source\system_ARMCM0.c
      Include file:  Device\ARM\ARMCM0\Include\ARMCM0.h
Build Time Elapsed:  00:00:03
</pre>
</body>
</html>
