Component: ARM Compiler 5.06 update 6 (build 750) Tool: armlink [4d35ed]

==============================================================================

Section Cross References

    osal_blesmartperipheral.o(i.osalInitTasks) refers to peripheral.o(i.GAPRole_Init) for GAPRole_Init
    osal_blesmartperipheral.o(i.osalInitTasks) refers to gattservapp.o(i.GATTServApp_Init) for GATTServApp_Init
    osal_blesmartperipheral.o(i.osalInitTasks) refers to systems_parameters.o(i.systems_parameters_Init) for systems_parameters_Init
    osal_blesmartperipheral.o(i.osalInitTasks) refers to blesmartperipheral.o(i.bleSmartPeripheral_Init) for bleSmartPeripheral_Init
    osal_blesmartperipheral.o(i.osalInitTasks) refers to protocol_uart.o(i.protocol_uart_Init) for protocol_uart_Init
    osal_blesmartperipheral.o(i.osalInitTasks) refers to light.o(i.light_Init) for light_Init
    osal_blesmartperipheral.o(i.osalInitTasks) refers to command_center.o(i.command_center_Init) for command_center_Init
    osal_blesmartperipheral.o(i.osalInitTasks) refers to user_watchdog.o(i.userWatchDogInit) for userWatchDogInit
    osal_blesmartperipheral.o(i.osalInitTasks) refers to osal_blesmartperipheral.o(.data) for .data
    osal_blesmartperipheral.o(.constdata) refers to peripheral.o(i.GAPRole_ProcessEvent) for GAPRole_ProcessEvent
    osal_blesmartperipheral.o(.constdata) refers to gattservapp.o(i.GATTServApp_ProcessEvent) for GATTServApp_ProcessEvent
    osal_blesmartperipheral.o(.constdata) refers to blesmartperipheral.o(i.bleSmartPeripheral_ProcessEvent) for bleSmartPeripheral_ProcessEvent
    osal_blesmartperipheral.o(.constdata) refers to protocol_uart.o(i.protocol_uart_ProcessEvent) for protocol_uart_ProcessEvent
    osal_blesmartperipheral.o(.constdata) refers to light.o(i.light_ProcessEvent) for light_ProcessEvent
    osal_blesmartperipheral.o(.constdata) refers to command_center.o(i.command_center_ProcessEvent) for command_center_ProcessEvent
    osal_blesmartperipheral.o(.constdata) refers to user_watchdog.o(i.userWatchDogProcessEvent) for userWatchDogProcessEvent
    blesmartperipheral.o(i.GAP_GetConnetInt) refers to systems_parameters.o(i.systems_param_Get_param) for systems_param_Get_param
    blesmartperipheral.o(i.GAP_GetadvInt) refers to systems_parameters.o(i.systems_param_Get_param) for systems_param_Get_param
    blesmartperipheral.o(i.GetgapProfileState) refers to blesmartperipheral.o(.data) for .data
    blesmartperipheral.o(i.bleSmartPeripheral_Init) refers to memseta.o(.text) for __aeabi_memclr4
    blesmartperipheral.o(i.bleSmartPeripheral_Init) refers to systems_parameters.o(i.systems_param_Get_param) for systems_param_Get_param
    blesmartperipheral.o(i.bleSmartPeripheral_Init) refers to peripheral.o(i.GAPRole_SetParameter) for GAPRole_SetParameter
    blesmartperipheral.o(i.bleSmartPeripheral_Init) refers to blesmartperipheral.o(i.GAP_GetadvInt) for GAP_GetadvInt
    blesmartperipheral.o(i.bleSmartPeripheral_Init) refers to blesmartperipheral.o(i.GAP_GetConnetInt) for GAP_GetConnetInt
    blesmartperipheral.o(i.bleSmartPeripheral_Init) refers to gapgattserver.o(i.GGS_SetParameter) for GGS_SetParameter
    blesmartperipheral.o(i.bleSmartPeripheral_Init) refers to gapgattserver.o(i.GGS_AddService) for GGS_AddService
    blesmartperipheral.o(i.bleSmartPeripheral_Init) refers to battservice.o(i.Batt_AddService) for Batt_AddService
    blesmartperipheral.o(i.bleSmartPeripheral_Init) refers to devinfoservice.o(i.DevInfo_AddService) for DevInfo_AddService
    blesmartperipheral.o(i.bleSmartPeripheral_Init) refers to simplegattprofile.o(i.SimpleProfile_AddService) for SimpleProfile_AddService
    blesmartperipheral.o(i.bleSmartPeripheral_Init) refers to simplegattprofile.o(i.SimpleProfile_RegisterAppCBs) for SimpleProfile_RegisterAppCBs
    blesmartperipheral.o(i.bleSmartPeripheral_Init) refers to ota_app_service.o(i.ota_app_AddService) for ota_app_AddService
    blesmartperipheral.o(i.bleSmartPeripheral_Init) refers to keys.o(i.keys_RegisterDebounceCBs) for keys_RegisterDebounceCBs
    blesmartperipheral.o(i.bleSmartPeripheral_Init) refers to blesmartperipheral.o(.data) for .data
    blesmartperipheral.o(i.bleSmartPeripheral_ProcessEvent) refers to peripheral.o(i.GAPRole_StartDevice) for GAPRole_StartDevice
    blesmartperipheral.o(i.bleSmartPeripheral_ProcessEvent) refers to keys.o(i.keys_Debounce_Handle) for keys_Debounce_Handle
    blesmartperipheral.o(i.bleSmartPeripheral_ProcessEvent) refers to blesmartperipheral.o(.data) for .data
    blesmartperipheral.o(i.peripheralStateNotificationCB) refers to peripheral.o(i.GAPRole_GetParameter) for GAPRole_GetParameter
    blesmartperipheral.o(i.peripheralStateNotificationCB) refers to systems_parameters.o(i.systems_param_Set_param) for systems_param_Set_param
    blesmartperipheral.o(i.peripheralStateNotificationCB) refers to memseta.o(.text) for __aeabi_memclr4
[...]
    devInfoSerialNumberUUID                  0x2000257a   Data           2  devinfoservice.o(.constdata)
    devInfoFirmwareRevUUID                   0x2000257c   Data           2  devinfoservice.o(.constdata)
    devInfoHardwareRevUUID                   0x2000257e   Data           2  devinfoservice.o(.constdata)
    devInfoSoftwareRevUUID                   0x20002580   Data           2  devinfoservice.o(.constdata)
    devInfoMfrNameUUID                       0x20002582   Data           2  devinfoservice.o(.constdata)
    devInfo11073CertUUID                     0x20002584   Data           2  devinfoservice.o(.constdata)
    devInfoPnpIdUUID                         0x20002586   Data           2  devinfoservice.o(.constdata)
    devInfoCBs                               0x20002590   Data          12  devinfoservice.o(.constdata)
    gapServiceCBs                            0x200025a4   Data          12  gapgattserver.o(.constdata)
    ota_ServiceUUID                          0x200025b8   Data          16  ota_app_service.o(.constdata)
    ota_CommandUUID                          0x200025c8   Data          16  ota_app_service.o(.constdata)
    ota_ResponseUUID                         0x200025d8   Data          16  ota_app_service.o(.constdata)
    ota_ProfileCBs                           0x200025f0   Data          12  ota_app_service.o(.constdata)
    simpleProfileServUUID                    0x200025fc   Data           2  simplegattprofile.o(.constdata)
    simpleProfilechar1UUID                   0x200025fe   Data           2  simplegattprofile.o(.constdata)
    simpleProfilechar2UUID                   0x20002600   Data           2  simplegattprofile.o(.constdata)
    simpleProfilechar3UUID                   0x20002602   Data           2  simplegattprofile.o(.constdata)
    simpleProfilechar4UUID                   0x20002604   Data           2  simplegattprofile.o(.constdata)
    simpleProfilechar5UUID                   0x20002606   Data           2  simplegattprofile.o(.constdata)
    simpleProfilechar6UUID                   0x20002608   Data           2  simplegattprofile.o(.constdata)
    simpleProfileCBs                         0x20002614   Data          12  simplegattprofile.o(.constdata)
    Region$$Table$$Base                      0x20002648   Number         0  anon$$obj.o(Region$$Table)
    Region$$Table$$Limit                     0x20002698   Number         0  anon$$obj.o(Region$$Table)
    tasksEvents                              0x20002698   Data           4  osal_blesmartperipheral.o(.data)
    bleSmartPeripheral_TaskID                0x2000269d   Data           1  blesmartperipheral.o(.data)
    fIsInvalidMacAddr                        0x200026e3   Data           1  command_center.o(.data)
    command_center_TaskID                    0x200026e7   Data           1  command_center.o(.data)
    defaultTestTimerConst                    0x200026e8   Data           2  command_center.o(.data)
    vBurnInTestTimer                         0x200026ea   Data           2  command_center.o(.data)
    fullyParams                              0x200026f0   Data           4  command_center.o(.data)
    vAdcErrorTimes                           0x200026f4   Data           1  command_center.o(.data)
    scene                                    0x200026fc   Data          20  display.o(.data)
    light_TaskID                             0x20002710   Data           1  light.o(.data)
    fIsLightEffectOn                         0x20002724   Data           1  user_lighteffect.o(.data)
    vLEDStepCtrlTimeCnt                      0x20002725   Data           1  user_lighteffect.o(.data)
    fIsRisingNow                             0x20002726   Data           1  user_lighteffect.o(.data)
    customizeFlashTimeArray                  0x20002727   Data           1  user_lighteffect.o(.data)
    customizeGradualTimeArray                0x20002728   Data           1  user_lighteffect.o(.data)
    vCandleIndex                             0x20002729   Data           1  user_lighteffect.o(.data)
    pLedStruct                               0x2000272c   Data           4  user_lighteffect.o(.data)
    pUserColor                               0x20002730   Data           4  user_lighteffect.o(.data)
    vTemperatureCoe                          0x20002734   Data           4  user_color.o(.data)
    fIsUpdateRemainTimer                     0x20002758   Data           1  user_remaintimer.o(.data)
    vCwMaxTimer                              0x20002759   Data           1  user_remaintimer.o(.data)
    vCalcTime1s                              0x2000275a   Data           1  user_remaintimer.o(.data)
    vRemainTimer                             0x2000275c   Data           2  user_remaintimer.o(.data)
    vRemainCheckTimes                        0x2000275e   Data           2  user_remaintimer.o(.data)
    protocol_uart_TaskID                     0x20002760   Data           1  protocol_uart.o(.data)
    put_char_size                            0x2000276c   Data           2  my_printf.o(.data)
    s_pinmap                                 0x20002774   Data           9  adc.o(.data)
    gapRole_AdvEnabled                       0x200029e8   Data           1  peripheral.o(.data)
    gapRole_AdvEventType                     0x200029f0   Data           1  peripheral.o(.data)
    appTaskID                                0x20002a70   Data           1  gattservapp.o(.data)
    GATTServApp_TaskID                       0x20002a72   Data           1  gattservapp.o(.data)
    s_reboot_flg                             0x20002ad4   Data           1  ota_app_service.o(.data)
    s_ota_app                                0x20002ad5   Data           7  ota_app_service.o(.data)
    simpleProfileChar4Config                 0x20002b58   Data           8  simplegattprofile.o(.data)
    simpleProfileChar6Config                 0x20002b60   Data           8  simplegattprofile.o(.data)
    SystemCoreClock                          0x20002d18   Data           4  system_armcm0.o(.data)
    llModeLast                               0x20002d1c   Data           1  patch.o(.data)
    pGlobal_config                           0x20002d20   Data           4  patch.o(.data)
    g_stop_scan_t0                           0x20002d24   Data           4  patch.o(.data)
    g_stop_scan_t1                           0x20002d28   Data           4  patch.o(.data)
    g_stop_scan_t1_err                       0x20002d2c   Data           4  patch.o(.data)
    g_stop_scan_pending_ms                   0x20002d30   Data           4  patch.o(.data)
    g_rfPhyClkSel                            0x20002d34   Data           1  patch.o(.data)
    g_chipMAddr                              0x20002d35   Data           7  flash_ext.o(.data)
    __stdout                                 0x20002d3c   Data           4  stdout.o(.data)
    __microlib_freelist                      0x20002d40   Data           4  mvars.o(.data)
    __microlib_freelist_initialised          0x20002d44   Data           4  mvars.o(.data)
    UserManualInfo                           0x20002dc2   Data          20  systems_parameters.o(.bss)
    OtaFile                                  0x20002dd6   Data          20  systems_parameters.o(.bss)
    macAscii                                 0x20002dea   Data          12  systems_parameters.o(.bss)
    battInfo                                 0x20002df8   Data          52  command_center.o(.bss)
    displayParams                            0x20002e38   Data          52  display.o(.bss)
    color                                    0x20002e7c   Data          20  light.o(.bss)
    LedStruct                                0x20002e90   Data          32  user_lighteffect.o(.bss)
    pcaDataStruct                            0x20002eb0   Data          10  user_lighteffect.o(.bss)
    oriCustomizePwmDataStruct                0x20002eba   Data          10  user_lighteffect.o(.bss)
    userColor                                0x20002ec4   Data          20  user_lighteffect.o(.bss)
    deviceInfoParams                         0x20002ed8   Data         142  user_flash.o(.bss)
    put_char                                 0x200035fc   Data         120  my_printf.o(.bss)
    g_largeHeap                              0x2000472c   Data        6144  main.o(.bss)
    llModeDbg                                0x20005f2c   Data          16  patch.o(.bss)
    g_chipId                                 0x20005f3c   Data          65  flash_ext.o(.bss)
    __heap_base                              0x20005f80   Data           0  startup_armcm0.o(HEAP)
    __heap_limit                             0x20006080   Data           0  startup_armcm0.o(HEAP)
    __initial_sp                             0x20006880   Data           0  startup_armcm0.o(STACK)



==============================================================================

Memory Map of the image

  Image Entry point : 0x1fff48c1

  Load Region LR_IROM1 (Base: 0x1fff4800, Size: 0x0000e548, Max: 0x0001b7ff, ABSOLUTE, COMPRESSED[0x0000e0e4])

    Execution Region ER_IROM1 (Exec base: 0x1fff4800, Load base: 0x1fff4800, Size: 0x00012080, Max: 0x0001b7ff, ABSOLUTE, COMPRESSED[0x0000024c])

    Exec Addr    Load Addr    Size         Type   Attr      Idx    E Section Name        Object

    0x1fff4800   0x1fff4800   0x000000c0   Data   RO         4329    RESET               startup_armcm0.o
    0x1fff48c0   0x1fff48c0   0x00000000   Code   RO         4571  * .ARM.Collect$$$$00000000  mc_p.l(entry.o)
    0x1fff48c0   0x1fff48c0   0x00000004   Code   RO         4911    .ARM.Collect$$$$00000001  mc_p.l(entry2.o)
    0x1fff48c4   0x1fff48c4   0x00000004   Code   RO         4914    .ARM.Collect$$$$00000004  mc_p.l(entry5.o)
    0x1fff48c8   0x1fff48c8   0x00000000   Code   RO         4916    .ARM.Collect$$$$00000008  mc_p.l(entry7b.o)
    0x1fff48c8   0x1fff48c8   0x00000000   Code   RO         4918    .ARM.Collect$$$$0000000A  mc_p.l(entry8b.o)
    0x1fff48c8   0x1fff48c8   0x00000008   Code   RO         4919    .ARM.Collect$$$$0000000B  mc_p.l(entry9a.o)
    0x1fff48d0   0x1fff48d0   0x00000000   Code   RO         4921    .ARM.Collect$$$$0000000D  mc_p.l(entry10a.o)
    0x1fff48d0   0x1fff48d0   0x00000000   Code   RO         4923    .ARM.Collect$$$$0000000F  mc_p.l(entry11a.o)
    0x1fff48d0   0x1fff48d0   0x00000004   Code   RO         4912    .ARM.Collect$$$$00002712  mc_p.l(entry2.o)
    0x1fff48d4   0x1fff48d4   0x0000001c   Code   RO         4330    .text               startup_armcm0.o
    0x1fff48f0   0x1fff48f0   0x00000024   Code   RO         4574    .text               mc_p.l(memcpya.o)
    0x1fff4914   0x1fff4914   0x00000024   Code   RO         4576    .text               mc_p.l(memseta.o)
    0x1fff4938   0x1fff4938   0x0000001a   Code   RO         4578    .text               mc_p.l(memcmp.o)
    0x1fff4952   0x1fff4952   0x00000014   Code   RO         4871    .text               mc_p.l(uread4.o)
    0x1fff4966   0x1fff4966   0x000000b2   Code   RO         4873    .text               mf_p.l(fadd.o)
    0x1fff4a18   0x1fff4a18   0x0000007a   Code   RO         4875    .text               mf_p.l(fmul.o)
    0x1fff4a92   0x1fff4a92   0x0000007c   Code   RO         4877    .text               mf_p.l(fdiv.o)
    0x1fff4b0e   0x1fff4b0e   0x00000018   Code   RO         4879    .text               mf_p.l(fscalb.o)
    0x1fff4b26   COMPRESSED   0x00000002   PAD
    0x1fff4b28   0x1fff4b28   0x00000164   Code   RO         4881    .text               mf_p.l(dadd.o)
    0x1fff4c8c   0x1fff4c8c   0x000000d0   Code   RO         4883    .text               mf_p.l(dmul.o)
    0x1fff4d5c   0x1fff4d5c   0x000000f0   Code   RO         4885    .text               mf_p.l(ddiv.o)
    0x1fff4e4c   0x1fff4e4c   0x0000002c   Code   RO         4887    .text               mf_p.l(dscalb.o)
    0x1fff4e78   0x1fff4e78   0x00000016   Code   RO         4889    .text               mf_p.l(fflti.o)
    0x1fff4e8e   0x1fff4e8e   0x0000000e   Code   RO         4891    .text               mf_p.l(ffltui.o)
    0x1fff4e9c   0x1fff4e9c   0x00000028   Code   RO         4893    .text               mf_p.l(dflti.o)
    0x1fff4ec4   0x1fff4ec4   0x0000001c   Code   RO         4895    .text               mf_p.l(dfltui.o)
    0x1fff4ee0   0x1fff4ee0   0x00000028   Code   RO         4897    .text               mf_p.l(ffixui.o)
    0x1fff4f08   0x1fff4f08   0x0000003c   Code   RO         4899    .text               mf_p.l(dfixui.o)
    0x1fff4f44   0x1fff4f44   0x00000028   Code   RO         4901    .text               mf_p.l(f2d.o)
    0x1fff4f6c   0x1fff4f6c   0x00000028   Code   RO         4903    .text               mf_p.l(cdcmple.o)
    0x1fff4f94   0x1fff4f94   0x00000038   Code   RO         4905    .text               mf_p.l(d2f.o)
    0x1fff4fcc   0x1fff4fcc   0x00000014   Code   RO         4907    .text               mf_p.l(cfcmple.o)
    0x1fff4fe0   0x1fff4fe0   0x00000014   Code   RO         4909    .text               mf_p.l(cfrcmple.o)
    0x1fff4ff4   0x1fff4ff4   0x00000060   Code   RO         4928    .text               mc_p.l(uldiv.o)
    0x1fff5054   0x1fff5054   0x00000020   Code   RO         4930    .text               mc_p.l(llshl.o)
    0x1fff5074   0x1fff5074   0x00000022   Code   RO         4932    .text               mc_p.l(llushr.o)
    0x1fff5096   0x1fff5096   0x00000026   Code   RO         4934    .text               mc_p.l(llsshr.o)
    0x1fff50bc   0x1fff50bc   0x00000000   Code   RO         4938    .text               mc_p.l(iusefp.o)
    0x1fff50bc   0x1fff50bc   0x00000082   Code   RO         4939    .text               mf_p.l(fepilogue.o)
    0x1fff513e   0x1fff513e   0x000000be   Code   RO         4941    .text               mf_p.l(depilogue.o)
    0x1fff51fc   0x1fff51fc   0x00000040   Code   RO         4945    .text               mf_p.l(dfixul.o)
    0x1fff523c   0x1fff523c   0x00000028   Code   RO         4947    .text               mf_p.l(cdrcmple.o)
    0x1fff5264   0x1fff5264   0x00000024   Code   RO         4949    .text               mc_p.l(init.o)
    0x1fff5288   0x1fff5288   0x00000000   Code   RO         4951    .text               mc_p.l(semi.o)
    0x1fff5288   0x1fff5288   0x00000000   Code   RO         4952    .text               mc_p.l(iusesemip.o)
    0x1fff5288   0x1fff5288   0x00000056   Code   RO         4961    .text               mc_p.l(__dczerorl2.o)
    0x1fff52de   COMPRESSED   0x00000002   PAD
    0x1fff52e0   0x1fff52e0   0x0000000c   Ven    RO         4963    Veneer$$Code        anon$$obj.o
    0x1fff52ec   0x1fff52ec   0x0000000c   Ven    RO         4964    Veneer$$Code        anon$$obj.o
    0x1fff52f8   0x1fff52f8   0x0000000c   Ven    RO         4965    Veneer$$Code        anon$$obj.o
    0x1fff5304   0x1fff5304   0x0000000c   Ven    RO         4966    Veneer$$Code        anon$$obj.o
    0x1fff5310   0x1fff5310   0x0000000c   Ven    RO         4967    Veneer$$Code        anon$$obj.o
    0x1fff531c   0x1fff531c   0x0000000c   Ven    RO         4968    Veneer$$Code        anon$$obj.o
    0x1fff5328   0x1fff5328   0x0000000c   Ven    RO         4969    Veneer$$Code        anon$$obj.o
    0x1fff5334   0x1fff5334   0x0000000c   Ven    RO         4970    Veneer$$Code        anon$$obj.o
    0x1fff5340   0x1fff5340   0x0000000c   Ven    RO         4971    Veneer$$Code        anon$$obj.o
    0x1fff534c   0x1fff534c   0x0000000c   Ven    RO         4972    Veneer$$Code        anon$$obj.o
    0x1fff5358   0x1fff5358   0x0000000c   Ven    RO         4973    Veneer$$Code        anon$$obj.o
    0x1fff5364   0x1fff5364   0x0000000c   Ven    RO         4974    Veneer$$Code        anon$$obj.o
    0x1fff5370   0x1fff5370   0x0000000c   Ven    RO         4975    Veneer$$Code        anon$$obj.o
    0x1fff537c   0x1fff537c   0x0000000c   Ven    RO         4976    Veneer$$Code        anon$$obj.o
    0x1fff5388   0x1fff5388   0x0000000c   Ven    RO         4977    Veneer$$Code        anon$$obj.o
    0x1fff5394   0x1fff5394   0x0000000c   Ven    RO         4978    Veneer$$Code        anon$$obj.o
    0x1fff53a0   0x1fff53a0   0x0000000c   Ven    RO         4979    Veneer$$Code        anon$$obj.o
    0x1fff53ac   0x1fff53ac   0x0000000c   Ven    RO         4980    Veneer$$Code        anon$$obj.o
    0x1fff53b8   0x1fff53b8   0x0000000c   Ven    RO         4981    Veneer$$Code        anon$$obj.o
    0x1fff53c4   0x1fff53c4   0x0000000c   Ven    RO         4982    Veneer$$Code        anon$$obj.o
    0x1fff53d0   0x1fff53d0   0x0000000c   Ven    RO         4983    Veneer$$Code        anon$$obj.o
    0x1fff53dc   0x1fff53dc   0x0000000c   Ven    RO         4984    Veneer$$Code        anon$$obj.o
    0x1fff53e8   0x1fff53e8   0x0000000c   Ven    RO         4985    Veneer$$Code        anon$$obj.o
    0x1fff53f4   0x1fff53f4   0x0000000c   Ven    RO         4986    Veneer$$Code        anon$$obj.o
    0x1fff5400   0x1fff5400   0x0000000c   Ven    RO         4987    Veneer$$Code        anon$$obj.o
    0x1fff540c   0x1fff540c   0x0000000c   Ven    RO         4988    Veneer$$Code        anon$$obj.o
    0x1fff5418   0x1fff5418   0x0000000c   Ven    RO         4989    Veneer$$Code        anon$$obj.o
    0x1fff5424   0x1fff5424   0x0000000c   Ven    RO         4990    Veneer$$Code        anon$$obj.o
    0x1fff5430   0x1fff5430   0x0000000c   Ven    RO         4991    Veneer$$Code        anon$$obj.o
    0x1fff543c   0x1fff543c   0x0000000c   Ven    RO         4992    Veneer$$Code        anon$$obj.o
    0x1fff5448   0x1fff5448   0x0000000c   Ven    RO         4993    Veneer$$Code        anon$$obj.o
    0x1fff5454   0x1fff5454   0x0000000c   Ven    RO         4994    Veneer$$Code        anon$$obj.o
    0x1fff5460   0x1fff5460   0x0000000c   Ven    RO         4995    Veneer$$Code        anon$$obj.o
    0x1fff546c   0x1fff546c   0x0000000c   Ven    RO         4996    Veneer$$Code        anon$$obj.o
    0x1fff5478   0x1fff5478   0x0000000c   Ven    RO         4997    Veneer$$Code        anon$$obj.o
    0x1fff5484   0x1fff5484   0x0000000c   Ven    RO         4998    Veneer$$Code        anon$$obj.o
    0x1fff5490   0x1fff5490   0x0000000c   Ven    RO         4999    Veneer$$Code        anon$$obj.o
    0x1fff549c   0x1fff549c   0x0000000c   Ven    RO         5000    Veneer$$Code        anon$$obj.o
    0x1fff54a8   0x1fff54a8   0x0000000c   Ven    RO         5001    Veneer$$Code        anon$$obj.o
    0x1fff54b4   0x1fff54b4   0x0000000c   Ven    RO         5002    Veneer$$Code        anon$$obj.o
    0x1fff54c0   0x1fff54c0   0x0000000c   Ven    RO         5003    Veneer$$Code        anon$$obj.o
    0x1fff54cc   0x1fff54cc   0x0000000c   Ven    RO         5004    Veneer$$Code        anon$$obj.o
    0x1fff54d8   0x1fff54d8   0x0000000c   Ven    RO         5005    Veneer$$Code        anon$$obj.o
    0x1fff54e4   0x1fff54e4   0x0000000c   Ven    RO         5006    Veneer$$Code        anon$$obj.o
    0x1fff54f0   0x1fff54f0   0x0000000c   Ven    RO         5007    Veneer$$Code        anon$$obj.o
    0x1fff54fc   0x1fff54fc   0x0000000c   Ven    RO         5008    Veneer$$Code        anon$$obj.o
    0x1fff5508   0x1fff5508   0x0000000c   Ven    RO         5009    Veneer$$Code        anon$$obj.o
    0x1fff5514   0x1fff5514   0x0000000c   Ven    RO         5010    Veneer$$Code        anon$$obj.o
    0x1fff5520   0x1fff5520   0x0000000c   Ven    RO         5011    Veneer$$Code        anon$$obj.o
    0x1fff552c   0x1fff552c   0x0000000c   Ven    RO         5012    Veneer$$Code        anon$$obj.o
    0x1fff5538   0x1fff5538   0x0000000c   Ven    RO         5013    Veneer$$Code        anon$$obj.o
    0x1fff5544   0x1fff5544   0x0000000c   Ven    RO         5014    Veneer$$Code        anon$$obj.o
    0x1fff5550   0x1fff5550   0x0000000c   Ven    RO         5015    Veneer$$Code        anon$$obj.o
    0x1fff555c   0x1fff555c   0x0000000c   Ven    RO         5016    Veneer$$Code        anon$$obj.o
    0x1fff5568   0x1fff5568   0x0000000c   Ven    RO         5017    Veneer$$Code        anon$$obj.o
    0x1fff5574   0x1fff5574   0x0000000c   Ven    RO         5018    Veneer$$Code        anon$$obj.o
    0x1fff5580   0x1fff5580   0x0000000c   Ven    RO         5019    Veneer$$Code        anon$$obj.o
    0x1fff558c   0x1fff558c   0x0000000c   Ven    RO         5020    Veneer$$Code        anon$$obj.o
    0x1fff5598   0x1fff5598   0x0000000c   Ven    RO         5021    Veneer$$Code        anon$$obj.o
    0x1fff55a4   0x1fff55a4   0x0000000c   Ven    RO         5022    Veneer$$Code        anon$$obj.o
    0x1fff55b0   0x1fff55b0   0x0000000c   Ven    RO         5023    Veneer$$Code        anon$$obj.o
    0x1fff55bc   0x1fff55bc   0x0000000c   Ven    RO         5024    Veneer$$Code        anon$$obj.o
    0x1fff55c8   0x1fff55c8   0x0000000c   Ven    RO         5025    Veneer$$Code        anon$$obj.o
    0x1fff55d4   0x1fff55d4   0x0000000c   Ven    RO         5026    Veneer$$Code        anon$$obj.o
    0x1fff55e0   0x1fff55e0   0x0000000c   Ven    RO         5027    Veneer$$Code        anon$$obj.o
    0x1fff55ec   0x1fff55ec   0x0000000c   Ven    RO         5028    Veneer$$Code        anon$$obj.o
    0x1fff55f8   0x1fff55f8   0x0000000c   Ven    RO         5029    Veneer$$Code        anon$$obj.o
    0x1fff5604   0x1fff5604   0x0000000c   Ven    RO         5030    Veneer$$Code        anon$$obj.o
    0x1fff5610   0x1fff5610   0x0000000c   Ven    RO         5031    Veneer$$Code        anon$$obj.o
    0x1fff561c   0x1fff561c   0x0000000c   Ven    RO         5032    Veneer$$Code        anon$$obj.o
    0x1fff5628   0x1fff5628   0x0000000c   Ven    RO         5033    Veneer$$Code        anon$$obj.o
    0x1fff5634   0x1fff5634   0x0000000c   Ven    RO         5034    Veneer$$Code        anon$$obj.o
    0x1fff5640   0x1fff5640   0x0000000c   Ven    RO         5035    Veneer$$Code        anon$$obj.o
    0x1fff564c   0x1fff564c   0x0000000c   Ven    RO         5036    Veneer$$Code        anon$$obj.o
    0x1fff5658   0x1fff5658   0x0000000c   Ven    RO         5037    Veneer$$Code        anon$$obj.o
    0x1fff5664   0x1fff5664   0x0000000c   Ven    RO         5038    Veneer$$Code        anon$$obj.o
    0x1fff5670   0x1fff5670   0x0000000c   Ven    RO         5039    Veneer$$Code        anon$$obj.o
    0x1fff567c   0x1fff567c   0x0000000c   Ven    RO         5040    Veneer$$Code        anon$$obj.o
    0x1fff5688   0x1fff5688   0x0000000c   Ven    RO         5041    Veneer$$Code        anon$$obj.o
    0x1fff5694   0x1fff5694   0x0000000c   Ven    RO         5042    Veneer$$Code        anon$$obj.o
    0x1fff56a0   0x1fff56a0   0x0000000c   Ven    RO         5043    Veneer$$Code        anon$$obj.o
    0x1fff56ac   0x1fff56ac   0x0000000c   Ven    RO         5044    Veneer$$Code        anon$$obj.o
    0x1fff56b8   0x1fff56b8   0x0000000c   Ven    RO         5045    Veneer$$Code        anon$$obj.o
    0x1fff56c4   0x1fff56c4   0x0000000c   Ven    RO         5046    Veneer$$Code        anon$$obj.o
    0x1fff56d0   0x1fff56d0   0x0000000c   Ven    RO         5047    Veneer$$Code        anon$$obj.o
    0x1fff56dc   0x1fff56dc   0x0000000c   Ven    RO         5048    Veneer$$Code        anon$$obj.o
    0x1fff56e8   0x1fff56e8   0x0000000c   Ven    RO         5049    Veneer$$Code        anon$$obj.o
    0x1fff56f4   0x1fff56f4   0x0000000c   Ven    RO         5050    Veneer$$Code        anon$$obj.o
    0x1fff5700   0x1fff5700   0x0000000c   Ven    RO         5051    Veneer$$Code        anon$$obj.o
    0x1fff570c   0x1fff570c   0x0000000c   Ven    RO         5052    Veneer$$Code        anon$$obj.o
    0x1fff5718   0x1fff5718   0x00000030   Code   RO         1691    i.BCD2ASC           user_utils.o
    0x1fff5748   0x1fff5748   0x00000024   Code   RO         3152    i.Batt_AddService   battservice.o
    0x1fff576c   0x1fff576c   0x000000d8   Code   RO          508    i.CCS_DATATRANSFER_PROCESS  command_center.o
    0x1fff5844   0x1fff5844   0x00000288   Code   RO          509    i.CCS_EventsPro_TestMode  command_center.o
    0x1fff5acc   0x1fff5acc   0x00000010   Code   RO          511    i.CCS_GET_ChargeStatus  command_center.o
    0x1fff5adc   0x1fff5adc   0x00000054   Code   RO          514    i.CCS_NotifyStatus  command_center.o
    0x1fff5b30   0x1fff5b30   0x00000004   Code   RO          515    i.CCS_SIMPLEGATT_DATA_PROCESS  command_center.o
    0x1fff5b34   0x1fff5b34   0x000000d0   Code   RO          516    i.CCS_Systems_off   command_center.o
    0x1fff5c04   0x1fff5c04   0x0000015c   Code   RO          517    i.CCS_Systems_on    command_center.o
    0x1fff5d60   0x1fff5d60   0x000002cc   Code   RO          518    i.CCS_keysChange_handle  command_center.o
    0x1fff602c   0x1fff602c   0x00000018   Code   RO         3246    i.DevInfo_AddService  devinfoservice.o
    0x1fff6044   0x1fff6044   0x00000140   Code   RO         3480    i.GAPBondMgr_LinkEst  gapbondmgr.o
    0x1fff6184   0x1fff6184   0x000000b4   Code   RO         3485    i.GAPBondMgr_ResolveAddr  gapbondmgr.o
    0x1fff6238   0x1fff6238   0x000000e8   Code   RO         3376    i.GAPRole_GetParameter  peripheral.o
    0x1fff6320   0x1fff6320   0x00000044   Code   RO         3377    i.GAPRole_Init      peripheral.o
    0x1fff6364   0x1fff6364   0x000000f4   Code   RO         3378    i.GAPRole_ProcessEvent  peripheral.o
    0x1fff6458   0x1fff6458   0x00000058   Code   RO         3380    i.GAPRole_SendUpdateParam  peripheral.o
    0x1fff64b0   0x1fff64b0   0x00000214   Code   RO         3381    i.GAPRole_SetParameter  peripheral.o
    0x1fff66c4   0x1fff66c4   0x00000038   Code   RO         3382    i.GAPRole_StartDevice  peripheral.o
    0x1fff66fc   0x1fff66fc   0x00000020   Code   RO         3383    i.GAPRole_TerminateConnection  peripheral.o
    0x1fff671c   0x1fff671c   0x0000003e   Code   RO         3457    i.GAP_DeviceInit    gap.o
    0x1fff675a   0x1fff675a   0x00000050   Code   RO          193    i.GAP_GetConnetInt  blesmartperipheral.o
    0x1fff67aa   0x1fff67aa   0x0000005a   Code   RO          194    i.GAP_GetadvInt     blesmartperipheral.o
    0x1fff6804   0x1fff6804   0x00000022   Code   RO         3654    i.GATTServApp_FindAttr  gattservapp.o
    0x1fff6826   COMPRESSED   0x00000002   PAD
    0x1fff6828   0x1fff6828   0x0000004c   Code   RO         3657    i.GATTServApp_Init  gattservapp.o
    0x1fff6874   0x1fff6874   0x00000030   Code   RO         3658    i.GATTServApp_InitCharCfg  gattservapp.o
    0x1fff68a4   0x1fff68a4   0x00000058   Code   RO         3659    i.GATTServApp_ProcessCCCWriteReq  gattservapp.o
    0x1fff68fc   0x1fff68fc   0x00000094   Code   RO         3660    i.GATTServApp_ProcessCharCfg  gattservapp.o
    0x1fff6990   0x1fff6990   0x00000038   Code   RO         3661    i.GATTServApp_ProcessEvent  gattservapp.o
    0x1fff69c8   0x1fff69c8   0x00000228   Code   RO         3662    i.GATTServApp_ReadAttr  gattservapp.o
    0x1fff6bf0   0x1fff6bf0   0x0000000e   Code   RO         3663    i.GATTServApp_ReadCharCfg  gattservapp.o
    0x1fff6bfe   COMPRESSED   0x00000002   PAD
    0x1fff6c00   0x1fff6c00   0x0000005c   Code   RO         3665    i.GATTServApp_RegisterService  gattservapp.o
    0x1fff6c5c   0x1fff6c5c   0x00000038   Code   RO         3666    i.GATTServApp_SendCCCUpdatedEvent  gattservapp.o
    0x1fff6c94   0x1fff6c94   0x00000024   Code   RO         3667    i.GATTServApp_SendServiceChangedInd  gattservapp.o
    0x1fff6cb8   0x1fff6cb8   0x00000018   Code   RO         3670    i.GATTServApp_UpdateCharCfg  gattservapp.o
    0x1fff6cd0   0x1fff6cd0   0x00000042   Code   RO         3671    i.GATTServApp_WriteAttr  gattservapp.o
    0x1fff6d12   COMPRESSED   0x00000002   PAD
    0x1fff6d14   0x1fff6d14   0x0000002c   Code   RO         3672    i.GATTServApp_WriteCharCfg  gattservapp.o
    0x1fff6d40   0x1fff6d40   0x00000020   Code   RO         3296    i.GGS_AddService    gapgattserver.o
    0x1fff6d60   0x1fff6d60   0x00000088   Code   RO         3302    i.GGS_SetParameter  gapgattserver.o
    0x1fff6de8   0x1fff6de8   0x0000000c   Code   RO          195    i.GetgapProfileState  blesmartperipheral.o
    0x1fff6df4   0x1fff6df4   0x00000012   Code   RO          519    i.HW_RESET_MCU      command_center.o
    0x1fff6e06   COMPRESSED   0x00000002   PAD
    0x1fff6e08   0x1fff6e08   0x00000150   Code   RO         4371    i.LL_SetScanControl1  rf.lib(patch.o)
    0x1fff6f58   0x1fff6f58   0x00000004   Code   RO          826    i.OLED_ShowNum      display.o
    0x1fff6f5c   0x1fff6f5c   0x00000002   Code   RO          827    i.OLED_ShowString   display.o
    0x1fff6f5e   COMPRESSED   0x00000002   PAD
    0x1fff6f60   0x1fff6f60   0x000000a8   Code   RO         4490    i.ProgramWord       rf.lib(flash_ext.o)
    0x1fff7008   0x1fff7008   0x0000003c   Code   RO         3945    i.SimpleProfile_AddService  simplegattprofile.o
    0x1fff7044   0x1fff7044   0x00000050   Code   RO         3946    i.SimpleProfile_GetParameter  simplegattprofile.o
    0x1fff7094   0x1fff7094   0x00000014   Code   RO         3947    i.SimpleProfile_RegisterAppCBs  simplegattprofile.o
    0x1fff70a8   0x1fff70a8   0x000000b8   Code   RO         3948    i.SimpleProfile_SetParameter  simplegattprofile.o
    0x1fff7160   0x1fff7160   0x00000010   Code   RO         4337    i.SystemInit        system_armcm0.o
    0x1fff7170   0x1fff7170   0x00000064   Code   RO          330    i.UserInfo_NotifyStatus  systems_parameters.o
    0x1fff71d4   0x1fff71d4   0x00000012   Code   RO         2088    i.WaitMs            common.o
    0x1fff71e6   COMPRESSED   0x00000002   PAD
    0x1fff71e8   0x1fff71e8   0x0000002c   Code   RO         2089    i.WaitRTCCount      common.o
    0x1fff7214   0x1fff7214   0x00000028   Code   RO         3107    i.Watchdog_ProcessEvent  watchdog.o
    0x1fff723c   0x1fff723c   0x00000020   Code   RO         4815    i.__0printf         mc_p.l(printfa.o)
    0x1fff725c   0x1fff725c   0x00000028   Code   RO         4817    i.__0sprintf        mc_p.l(printfa.o)
    0x1fff7284   0x1fff7284   0x0000002e   Code   RO         4943    i.__ARM_clz         mf_p.l(depilogue.o)
    0x1fff72b2   COMPRESSED   0x00000002   PAD
    0x1fff72b4   0x1fff72b4   0x00000018   Code   RO         2217    i.__NVIC_EnableIRQ  gpio.o
    0x1fff72cc   0x1fff72cc   0x00000044   Code   RO         2218    i.__NVIC_SetPriority  gpio.o
    0x1fff7310   0x1fff7310   0x00000044   Code   RO         2851    i.__NVIC_SetPriority  spi.o
    0x1fff7354   0x1fff7354   0x00000044   Code   RO         4201    i.__NVIC_SetPriority  main.o
    0x1fff7398   0x1fff7398   0x0000001c   Code   RO          331    i.__NVIC_SystemReset  systems_parameters.o
    0x1fff73b4   0x1fff73b4   0x0000001c   Code   RO         3883    i.__NVIC_SystemReset  ota_app_service.o
    0x1fff73d0   0x1fff73d0   0x0000000e   Code   RO         4955    i.__scatterload_copy  mc_p.l(handlers.o)
    0x1fff73de   0x1fff73de   0x00000002   Code   RO         4956    i.__scatterload_null  mc_p.l(handlers.o)
    0x1fff73e0   0x1fff73e0   0x0000000e   Code   RO         4957    i.__scatterload_zeroinit  mc_p.l(handlers.o)
    0x1fff73ee   COMPRESSED   0x00000002   PAD
    0x1fff73f0   0x1fff73f0   0x00000174   Code   RO         4822    i._fp_digits        mc_p.l(printfa.o)
    0x1fff7564   0x1fff7564   0x000006ec   Code   RO         4823    i._printf_core      mc_p.l(printfa.o)
    0x1fff7c50   0x1fff7c50   0x00000020   Code   RO         4824    i._printf_post_padding  mc_p.l(printfa.o)
    0x1fff7c70   0x1fff7c70   0x0000002c   Code   RO         4825    i._printf_pre_padding  mc_p.l(printfa.o)
    0x1fff7c9c   0x1fff7c9c   0x0000000a   Code   RO         4827    i._sputc            mc_p.l(printfa.o)
    0x1fff7ca6   COMPRESSED   0x00000002   PAD
    0x1fff7ca8   0x1fff7ca8   0x00000018   Code   RO         2590    i.adc_wakeup_hdl    adc.o
    0x1fff7cc0   0x1fff7cc0   0x00000014   Code   RO            1    i.app_main          blesmartperipheral_main.o
    0x1fff7cd4   0x1fff7cd4   0x00000036   Code   RO         4373    i.arry_sort         rf.lib(patch.o)
    0x1fff7d0a   COMPRESSED   0x00000002   PAD
    0x1fff7d0c   0x1fff7d0c   0x00000038   Code   RO         3158    i.battMeasure       battservice.o
    0x1fff7d44   0x1fff7d44   0x000000a4   Code   RO         3160    i.battReadAttrCB    battservice.o
    0x1fff7de8   0x1fff7de8   0x00000240   Code   RO          520    i.battVoltCompensation  command_center.o
    0x1fff8028   0x1fff8028   0x0000005c   Code   RO         3161    i.battWriteAttrCB   battservice.o
    0x1fff8084   0x1fff8084   0x0000001c   Code   RO          422    i.batt_RegisterCBs_Value  battery.o
    0x1fff80a0   0x1fff80a0   0x00000094   Code   RO          423    i.batt_adc_evt      battery.o
    0x1fff8134   0x1fff8134   0x000000ac   Code   RO          424    i.batt_adc_init     battery.o
    0x1fff81e0   0x1fff81e0   0x00000068   Code   RO          425    i.batt_cal          battery.o
    0x1fff8248   0x1fff8248   0x0000000c   Code   RO          426    i.batt_get_percent  battery.o
    0x1fff8254   0x1fff8254   0x0000000c   Code   RO          427    i.batt_get_voltage  battery.o
    0x1fff8260   0x1fff8260   0x00000018   Code   RO          428    i.batt_init         battery.o
    0x1fff8278   0x1fff8278   0x00000008   Code   RO          429    i.batt_measure      battery.o
    0x1fff8280   0x1fff8280   0x000000e4   Code   RO          828    i.batterDisplay     display.o
    0x1fff8364   0x1fff8364   0x00000170   Code   RO          196    i.bleSmartPeripheral_Init  blesmartperipheral.o
    0x1fff84d4   0x1fff84d4   0x00000048   Code   RO          197    i.bleSmartPeripheral_ProcessEvent  blesmartperipheral.o
    0x1fff851c   0x1fff851c   0x00000450   Code   RO         1733    i.calcRemainTime    user_remaintimer.o
    0x1fff896c   0x1fff896c   0x00000020   Code   RO         1272    i.checkFlashLoopOver  user_lighteffect.o
    0x1fff898c   0x1fff898c   0x00000020   Code   RO         4495    i.check_chip_id     rf.lib(flash_ext.o)
    0x1fff89ac   0x1fff89ac   0x00000020   Code   RO         4496    i.check_chip_mAddr  rf.lib(flash_ext.o)
    0x1fff89cc   0x1fff89cc   0x00000028   Code   RO         4497    i.check_internal_bus_busy  rf.lib(flash_ext.o)
    0x1fff89f4   0x1fff89f4   0x0000006c   Code   RO         4498    i.chip_id_one_bit_hot_convter  rf.lib(flash_ext.o)
    0x1fff8a60   0x1fff8a60   0x00000114   Code   RO          521    i.chkLightEffectModeVoltCompensation  command_center.o
    0x1fff8b74   0x1fff8b74   0x00000010   Code   RO         2591    i.clear_adcc_cfg    adc.o
    0x1fff8b84   0x1fff8b84   0x00000014   Code   RO         1893    i.clk_gate_disable  clock.o
    0x1fff8b98   0x1fff8b98   0x00000014   Code   RO         1894    i.clk_gate_enable   clock.o
    0x1fff8bac   0x1fff8bac   0x0000000c   Code   RO         1896    i.clk_pclk          clock.o
    0x1fff8bb8   0x1fff8bb8   0x00000016   Code   RO         1897    i.clk_reset         clock.o
    0x1fff8bce   COMPRESSED   0x00000002   PAD
    0x1fff8bd0   0x1fff8bd0   0x000000bc   Code   RO          522    i.command_center_Init  command_center.o
    0x1fff8c8c   0x1fff8c8c   0x000005fc   Code   RO          523    i.command_center_ProcessEvent  command_center.o
    0x1fff9288   0x1fff9288   0x00000050   Code   RO         1273    i.coolUpdateByCoe   user_lighteffect.o
    0x1fff92d8   0x1fff92d8   0x0000005c   Code   RO         1274    i.customizeFlashCbfunc  user_lighteffect.o
    0x1fff9334   0x1fff9334   0x00000050   Code   RO         1275    i.customizeFlashEffect  user_lighteffect.o
    0x1fff9384   0x1fff9384   0x00000008   Code   RO         1276    i.customizeFlashEndCbfunc  user_lighteffect.o
    0x1fff938c   0x1fff938c   0x00000088   Code   RO         1277    i.customizeGradualEffect  user_lighteffect.o
    0x1fff9414   0x1fff9414   0x00000104   Code   RO         1278    i.customizeGrdualCbfunc  user_lighteffect.o
    0x1fff9518   0x1fff9518   0x00000058   Code   RO         1279    i.customizeGrdualEndCbfunc  user_lighteffect.o
    0x1fff9570   0x1fff9570   0x00000088   Code   RO         3247    i.devInfo_ReadAttrCB  devinfoservice.o
    0x1fff95f8   0x1fff95f8   0x00000020   Code   RO         4500    i.disable_spif_flash_write  rf.lib(flash_ext.o)
    0x1fff9618   0x1fff9618   0x00000002   Code   RO          830    i.displayFactoryInfo  display.o
    0x1fff961a   COMPRESSED   0x00000002   PAD
    0x1fff961c   0x1fff961c   0x00000048   Code   RO          831    i.displayFloat      display.o
    0x1fff9664   0x1fff9664   0x000001c0   Code   RO          832    i.displaySystemMenu  display.o
    0x1fff9824   0x1fff9824   0x00000060   Code   RO          833    i.display_Init      display.o
    0x1fff9884   0x1fff9884   0x00000020   Code   RO         4501    i.enable_spif_flash_write  rf.lib(flash_ext.o)
    0x1fff98a4   0x1fff98a4   0x0000004c   Code   RO          524    i.entryBurnInTest   command_center.o
    0x1fff98f0   0x1fff98f0   0x000000b4   Code   RO          525    i.entryFactoryMode  command_center.o
    0x1fff99a4   0x1fff99a4   0x00000020   Code   RO          526    i.factoryModeColorTempOn  command_center.o
    0x1fff99c4   0x1fff99c4   0x00000024   Code   RO          527    i.factoryModeRGBOn  command_center.o
    0x1fff99e8   0x1fff99e8   0x0000051c   Code   RO         1280    i.fireProcess       user_lighteffect.o
    0x1fff9f04   0x1fff9f04   0x00000074   Code   RO         1281    i.flashMode2StyleAfunc  user_lighteffect.o
    0x1fff9f78   0x1fff9f78   0x0000005c   Code   RO         2789    i.flash_erase_ucds  flash.o
    0x1fff9fd4   0x1fff9fd4   0x0000001c   Code   RO         2791    i.flash_read_ucds   flash.o
    0x1fff9ff0   0x1fff9ff0   0x00000084   Code   RO         2793    i.flash_read_ucds_block_byte  flash.o
    0x1fffa074   0x1fffa074   0x00000050   Code   RO         4503    i.flash_sector_erase  rf.lib(flash_ext.o)
    0x1fffa0c4   0x1fffa0c4   0x00000034   Code   RO         2794    i.flash_write_ucds  flash.o
    0x1fffa0f8   0x1fffa0f8   0x00000084   Code   RO         2796    i.flash_write_ucds_block_byte  flash.o
    0x1fffa17c   0x1fffa17c   0x00000012   Code   RO         4925    i.fputc             mc_p.l(fputc.o)
    0x1fffa18e   COMPRESSED   0x00000002   PAD
    0x1fffa190   0x1fffa190   0x00000054   Code   RO         4843    i.free              mc_p.l(malloc.o)
    0x1fffa1e4   0x1fffa1e4   0x00000098   Code   RO         1734    i.freshRemainTimeCheck  user_remaintimer.o
    0x1fffa27c   0x1fffa27c   0x00000030   Code   RO         3496    i.gapBondMgrFindAddr  gapbondmgr.o
    0x1fffa2ac   0x1fffa2ac   0x00000036   Code   RO         3498    i.gapBondMgrGetPublicAddr  gapbondmgr.o
    0x1fffa2e2   0x1fffa2e2   0x0000001c   Code   RO         3499    i.gapBondMgrInvertCharCfgItem  gapbondmgr.o
    0x1fffa2fe   COMPRESSED   0x00000002   PAD
    0x1fffa300   0x1fffa300   0x000001f4   Code   RO         3384    i.gapRole_ProcessGAPMsg  peripheral.o
    0x1fffa4f4   0x1fffa4f4   0x000000b0   Code   RO         3385    i.gapRole_ProcessOSALMsg  peripheral.o
    0x1fffa5a4   0x1fffa5a4   0x00000058   Code   RO         3386    i.gapRole_startConnUpdate  peripheral.o
    0x1fffa5fc   0x1fffa5fc   0x0000000e   Code   RO         3673    i.gattServApp_FindAuthorizeAttrCB  gattservapp.o
    0x1fffa60a   0x1fffa60a   0x0000001c   Code   RO         3674    i.gattServApp_FindCharCfgItem  gattservapp.o
    0x1fffa626   COMPRESSED   0x00000002   PAD
    0x1fffa628   0x1fffa628   0x00000024   Code   RO         3675    i.gattServApp_FindPrepareWriteQ  gattservapp.o
    0x1fffa64c   0x1fffa64c   0x00000020   Code   RO         3676    i.gattServApp_FindServiceCBs  gattservapp.o
    0x1fffa66c   0x1fffa66c   0x0000005c   Code   RO         3677    i.gattServApp_HandleConnStatusCB  gattservapp.o
    0x1fffa6c8   0x1fffa6c8   0x00000088   Code   RO         3678    i.gattServApp_ProcessExecuteWriteReq  gattservapp.o
    0x1fffa750   0x1fffa750   0x000000f0   Code   RO         3679    i.gattServApp_ProcessFindByTypeValueReq  gattservapp.o
    0x1fffa840   0x1fffa840   0x00000164   Code   RO         3680    i.gattServApp_ProcessMsg  gattservapp.o
    0x1fffa9a4   0x1fffa9a4   0x000000a4   Code   RO         3681    i.gattServApp_ProcessPrepareWriteReq  gattservapp.o
    0x1fffaa48   0x1fffaa48   0x00000138   Code   RO         3682    i.gattServApp_ProcessReadByGrpTypeReq  gattservapp.o
    0x1fffab80   0x1fffab80   0x00000118   Code   RO         3683    i.gattServApp_ProcessReadByTypeReq  gattservapp.o
    0x1fffac98   0x1fffac98   0x000000c8   Code   RO         3684    i.gattServApp_ProcessReadMultiReq  gattservapp.o
    0x1fffad60   0x1fffad60   0x0000007a   Code   RO         3685    i.gattServApp_ProcessWriteReq  gattservapp.o
    0x1fffadda   COMPRESSED   0x00000002   PAD
    0x1fffaddc   0x1fffaddc   0x00000078   Code   RO         3687    i.gattServApp_SetNumPrepareWrites  gattservapp.o
    0x1fffae54   0x1fffae54   0x0000000c   Code   RO         2592    i.getAdcStts        adc.o
    0x1fffae60   0x1fffae60   0x00000018   Code   RO          430    i.getBattPercentByVolt  battery.o
    0x1fffae78   0x1fffae78   0x000000b8   Code   RO          431    i.getBattPercentByVoltMv  battery.o
    0x1fffaf30   0x1fffaf30   0x000000dc   Code   RO          528    i.getChargingCurrentByVolt  command_center.o
    0x1fffb00c   0x1fffb00c   0x0000000c   Code   RO          529    i.getCompensationVolt  command_center.o
    0x1fffb018   0x1fffb018   0x0000000c   Code   RO         1106    i.getLightStts      light.o
    0x1fffb024   0x1fffb024   0x0000000c   Code   RO          530    i.getSysStatus      command_center.o
    0x1fffb030   0x1fffb030   0x00000024   Code   RO          332    i.getSystemId       systems_parameters.o
    0x1fffb054   0x1fffb054   0x0000000c   Code   RO          531    i.getSystemStts     command_center.o
    0x1fffb060   0x1fffb060   0x000000c2   Code   RO         3303    i.ggs_ReadAttrCB    gapgattserver.o
    0x1fffb122   0x1fffb122   0x00000058   Code   RO         3304    i.ggs_SetAttrWPermit  gapgattserver.o
    0x1fffb17a   COMPRESSED   0x00000002   PAD
    0x1fffb17c   0x1fffb17c   0x000000e4   Code   RO         3305    i.ggs_WriteAttrCB   gapgattserver.o
    0x1fffb260   0x1fffb260   0x00000028   Code   RO         2219    i.gpio_interrupt_disable  gpio.o
    0x1fffb288   0x1fffb288   0x0000003c   Code   RO         2220    i.gpio_interrupt_enable  gpio.o
    0x1fffb2c4   0x1fffb2c4   0x00000028   Code   RO         2221    i.gpio_pin0to3_pin31to34_control  gpio.o
    0x1fffb2ec   0x1fffb2ec   0x00000044   Code   RO         2222    i.gpio_sleep_handler  gpio.o
    0x1fffb330   0x1fffb330   0x0000005c   Code   RO         2223    i.gpio_wakeup_handler  gpio.o
    0x1fffb38c   0x1fffb38c   0x00000068   Code   RO         2224    i.gpioin_event      gpio.o
    0x1fffb3f4   0x1fffb3f4   0x00000024   Code   RO         2225    i.gpioin_event_pin  gpio.o
    0x1fffb418   0x1fffb418   0x000000cc   Code   RO         2593    i.hal_ADC_IRQHandler  adc.o
    0x1fffb4e4   0x1fffb4e4   0x00000018   Code   RO         2226    i.hal_GPIO_IRQHandler  gpio.o
    0x1fffb4fc   0x1fffb4fc   0x00000038   Code   RO         2852    i.hal_SPI0_IRQHandler  spi.o
    0x1fffb534   0x1fffb534   0x00000038   Code   RO         2853    i.hal_SPI1_IRQHandler  spi.o
    0x1fffb56c   0x1fffb56c   0x00000040   Code   RO         2444    i.hal_UART0_IRQHandler  uart.o
    0x1fffb5ac   0x1fffb5ac   0x00000270   Code   RO         2595    i.hal_adc_config_channel  adc.o
    0x1fffb81c   0x1fffb81c   0x00000020   Code   RO         2596    i.hal_adc_init      adc.o
    0x1fffb83c   0x1fffb83c   0x0000004c   Code   RO         2597    i.hal_adc_start     adc.o
    0x1fffb888   0x1fffb888   0x000000e4   Code   RO         2598    i.hal_adc_stop      adc.o
    0x1fffb96c   0x1fffb96c   0x0000013c   Code   RO         2599    i.hal_adc_value_cal  adc.o
    0x1fffbaa8   0x1fffbaa8   0x00000028   Code   RO         2227    i.hal_gpio_DS_control  gpio.o
    0x1fffbad0   0x1fffbad0   0x00000040   Code   RO         2228    i.hal_gpio_cfg_analog_io  gpio.o
    0x1fffbb10   0x1fffbb10   0x00000034   Code   RO         2229    i.hal_gpio_fast_write  gpio.o
    0x1fffbb44   0x1fffbb44   0x00000028   Code   RO         2230    i.hal_gpio_fmux     gpio.o
    0x1fffbb6c   0x1fffbb6c   0x00000030   Code   RO         2231    i.hal_gpio_fmux_set  gpio.o
    0x1fffbb9c   0x1fffbb9c   0x0000005c   Code   RO         2232    i.hal_gpio_init     gpio.o
    0x1fffbbf8   0x1fffbbf8   0x00000058   Code   RO         2241    i.hal_gpio_pin_init  gpio.o
    0x1fffbc50   0x1fffbc50   0x00000038   Code   RO         2242    i.hal_gpio_pull_set  gpio.o
    0x1fffbc88   0x1fffbc88   0x00000038   Code   RO         2243    i.hal_gpio_read     gpio.o
    0x1fffbcc0   0x1fffbcc0   0x00000050   Code   RO         2245    i.hal_gpio_wakeup_set  gpio.o
    0x1fffbd10   0x1fffbd10   0x00000040   Code   RO         2246    i.hal_gpio_write    gpio.o
    0x1fffbd50   0x1fffbd50   0x00000030   Code   RO         2247    i.hal_gpioin_disable  gpio.o
    0x1fffbd80   0x1fffbd80   0x0000006c   Code   RO         2248    i.hal_gpioin_enable  gpio.o
    0x1fffbdec   0x1fffbdec   0x00000030   Code   RO         2249    i.hal_gpioin_register  gpio.o
    0x1fffbe1c   0x1fffbe1c   0x00000028   Code   RO         1901    i.hal_ms_intv       clock.o
    0x1fffbe44   0x1fffbe44   0x00000058   Code   RO         2691    i.hal_pwm_ch_start  pwm.o
    0x1fffbe9c   0x1fffbe9c   0x00000028   Code   RO         2692    i.hal_pwm_ch_stop   pwm.o
    0x1fffbec4   0x1fffbec4   0x0000001c   Code   RO         2693    i.hal_pwm_close_channel  pwm.o
    0x1fffbee0   0x1fffbee0   0x00000078   Code   RO         2694    i.hal_pwm_destroy   pwm.o
    0x1fffbf58   0x1fffbf58   0x00000058   Code   RO         2696    i.hal_pwm_init      pwm.o
    0x1fffbfb0   0x1fffbfb0   0x0000003c   Code   RO         2698    i.hal_pwm_module_init  pwm.o
    0x1fffbfec   0x1fffbfec   0x00000028   Code   RO         2699    i.hal_pwm_open_channel  pwm.o
    0x1fffc014   0x1fffc014   0x0000004c   Code   RO         2700    i.hal_pwm_set_count_val  pwm.o
    0x1fffc060   0x1fffc060   0x00000030   Code   RO         2701    i.hal_pwm_start     pwm.o
    0x1fffc090   0x1fffc090   0x00000030   Code   RO         2702    i.hal_pwm_stop      pwm.o
    0x1fffc0c0   0x1fffc0c0   0x00000018   Code   RO         1980    i.hal_pwrmgr_RAM_retention  pwrmgr.o
    0x1fffc0d8   0x1fffc0d8   0x0000001c   Code   RO         1982    i.hal_pwrmgr_RAM_retention_set  pwrmgr.o
    0x1fffc0f4   0x1fffc0f4   0x00000034   Code   RO         1983    i.hal_pwrmgr_init   pwrmgr.o
    0x1fffc128   0x1fffc128   0x00000050   Code   RO         1984    i.hal_pwrmgr_is_lock  pwrmgr.o
    0x1fffc178   0x1fffc178   0x00000054   Code   RO         1985    i.hal_pwrmgr_lock   pwrmgr.o
    0x1fffc1cc   0x1fffc1cc   0x00000044   Code   RO         1987    i.hal_pwrmgr_register  pwrmgr.o
    0x1fffc210   0x1fffc210   0x00000034   Code   RO         1988    i.hal_pwrmgr_sleep_process  pwrmgr.o
    0x1fffc244   0x1fffc244   0x00000060   Code   RO         1989    i.hal_pwrmgr_unlock  pwrmgr.o
    0x1fffc2a4   0x1fffc2a4   0x00000030   Code   RO         1991    i.hal_pwrmgr_wakeup_process  pwrmgr.o
    0x1fffc2d4   0x1fffc2d4   0x00000078   Code   RO         4202    i.hal_rfphy_init    main.o
    0x1fffc34c   0x1fffc34c   0x00000064   Code   RO         4376    i.hal_rom_code_ini  rf.lib(patch.o)
    0x1fffc3b0   0x1fffc3b0   0x0000008c   Code   RO         1902    i.hal_rtc_clock_config  clock.o
    0x1fffc43c   0x1fffc43c   0x00000050   Code   RO         2855    i.hal_spi_bus_deinit  spi.o
    0x1fffc48c   0x1fffc48c   0x00000080   Code   RO         2856    i.hal_spi_bus_init  spi.o
    0x1fffc50c   0x1fffc50c   0x00000090   Code   RO         2860    i.hal_spi_master_init  spi.o
    0x1fffc59c   0x1fffc59c   0x0000006a   Code   RO         2862    i.hal_spi_pin_deinit  spi.o
    0x1fffc606   0x1fffc606   0x00000098   Code   RO         2863    i.hal_spi_pin_init  spi.o
    0x1fffc69e   COMPRESSED   0x00000002   PAD
    0x1fffc6a0   0x1fffc6a0   0x00000048   Code   RO         2864    i.hal_spi_send_byte  spi.o
    0x1fffc6e8   0x1fffc6e8   0x000000d4   Code   RO         2105    i.hal_system_init   common.o
    0x1fffc7bc   0x1fffc7bc   0x0000000c   Code   RO         1903    i.hal_systick       clock.o
    0x1fffc7c8   0x1fffc7c8   0x0000004c   Code   RO         2446    i.hal_uart_init     uart.o
    0x1fffc814   0x1fffc814   0x0000001c   Code   RO         2447    i.hal_uart_send_buff  uart.o
    0x1fffc830   0x1fffc830   0x0000003c   Code   RO         2449    i.hal_uart_set_tx_buf  uart.o
    0x1fffc86c   0x1fffc86c   0x0000006c   Code   RO         3884    i.handleConnStatusCB  ota_app_service.o
    0x1fffc8d8   0x1fffc8d8   0x00000070   Code   RO         4294    i.hard_fault        jump_table.o
    0x1fffc948   0x1fffc948   0x000002f0   Code   RO         1470    i.hsb2Rgb           user_color.o
    0x1fffcc38   0x1fffcc38   0x0000020c   Code   RO         4377    i.init_config       rf.lib(patch.o)
    0x1fffce44   0x1fffce44   0x00000058   Code   RO         1692    i.invalidMacAddrCheck  user_utils.o
    0x1fffce9c   0x1fffce9c   0x00000050   Code   RO         2450    i.irq_rx_handler    uart.o
    0x1fffceec   0x1fffceec   0x0000007c   Code   RO         2451    i.irq_tx_empty_handler  uart.o
    0x1fffcf68   0x1fffcf68   0x00000038   Code   RO          532    i.keyBrightnessDecProcess  command_center.o
    0x1fffcfa0   0x1fffcfa0   0x00000038   Code   RO          533    i.keyBrightnessIncProcess  command_center.o
    0x1fffcfd8   0x1fffcfd8   0x0000012c   Code   RO          534    i.keyFuncDownProcess  command_center.o
    0x1fffd104   0x1fffd104   0x0000014c   Code   RO          535    i.keyFuncUpProcess  command_center.o
    0x1fffd250   0x1fffd250   0x00000020   Code   RO          536    i.keyFunctionProcess  command_center.o
    0x1fffd270   0x1fffd270   0x00000028   Code   RO         3050    i.keys_Debounce_Handle  keys.o
    0x1fffd298   0x1fffd298   0x000000b0   Code   RO         3051    i.keys_Init         keys.o
    0x1fffd348   0x1fffd348   0x00000018   Code   RO         3052    i.keys_RegisterCBs  keys.o
    0x1fffd360   0x1fffd360   0x00000018   Code   RO         3053    i.keys_RegisterDebounceCBs  keys.o
    0x1fffd378   0x1fffd378   0x00000058   Code   RO         3054    i.keys_read         keys.o
    0x1fffd3d0   0x1fffd3d0   0x000000b4   Code   RO          836    i.lcdDrawFontGbk16  display.o
    0x1fffd484   0x1fffd484   0x000000c0   Code   RO          837    i.lcdDrawFontGbk8   display.o
    0x1fffd544   0x1fffd544   0x000000b0   Code   RO          838    i.lcdDrawLine       display.o
    0x1fffd5f4   0x1fffd5f4   0x00000024   Code   RO          839    i.lcdDrawPoint      display.o
    0x1fffd618   0x1fffd618   0x00000016   Code   RO          840    i.lcdDrawSingleCharGbk16  display.o
    0x1fffd62e   0x1fffd62e   0x00000086   Code   RO          841    i.lcdDrawWidthTimesHeight  display.o
    0x1fffd6b4   0x1fffd6b4   0x00000010   Code   RO          842    i.lcdEntrySleep     display.o
    0x1fffd6c4   0x1fffd6c4   0x000000da   Code   RO          843    i.lcdRectColorDraw  display.o
    0x1fffd79e   0x1fffd79e   0x0000005e   Code   RO          844    i.lcdSetRegion      display.o
    0x1fffd7fc   0x1fffd7fc   0x00000040   Code   RO          845    i.lcd_clear         display.o
    0x1fffd83c   0x1fffd83c   0x000002f8   Code   RO          846    i.lcd_config        display.o
    0x1fffdb34   0x1fffdb34   0x00000018   Code   RO          847    i.lcd_off           display.o
    0x1fffdb4c   0x1fffdb4c   0x00000012   Code   RO          848    i.lcd_on            display.o
    0x1fffdb5e   0x1fffdb5e   0x0000003a   Code   RO          849    i.lcd_set_xy        display.o
    0x1fffdb98   0x1fffdb98   0x000000a8   Code   RO         1283    i.lightEffectFunc   user_lighteffect.o
    0x1fffdc40   0x1fffdc40   0x00000018   Code   RO         1107    i.light_Init        light.o
    0x1fffdc58   0x1fffdc58   0x00000034   Code   RO         1108    i.light_ProcessEvent  light.o
    0x1fffdc8c   0x1fffdc8c   0x00000150   Code   RO         1109    i.light_ctrl        light.o
    0x1fffdddc   0x1fffdddc   0x000000b0   Code   RO         1110    i.light_off         light.o
    0x1fffde8c   0x1fffde8c   0x0000008c   Code   RO         1111    i.light_update      light.o
    0x1fffdf18   0x1fffdf18   0x00000088   Code   RO         1284    i.lightning1Process  user_lighteffect.o
    0x1fffdfa0   0x1fffdfa0   0x00000084   Code   RO         4379    i.llSetupAdv1       rf.lib(patch.o)
    0x1fffe024   0x1fffe024   0x0000011c   Code   RO         4380    i.ll_hw_go1         rf.lib(patch.o)
    0x1fffe140   0x1fffe140   0x000000d0   Code   RO         1112    i.loadTargetColorTemperatureValue  light.o
    0x1fffe210   0x1fffe210   0x0000001c   Code   RO         1285    i.loadTargetPwmData  user_lighteffect.o
    0x1fffe22c   0x1fffe22c   0x00000074   Code   RO         1113    i.loadTargetRGBValue  light.o
    0x1fffe2a0   0x1fffe2a0   0x00000098   Code   RO          850    i.logoDisplay       display.o
    0x1fffe338   0x1fffe338   0x00000050   Code   RO         4203    i.main              main.o
    0x1fffe388   0x1fffe388   0x0000006c   Code   RO         4844    i.malloc            mc_p.l(malloc.o)
    0x1fffe3f4   0x1fffe3f4   0x0000002c   Code   RO         1735    i.minOfFloatArray   user_remaintimer.o
    0x1fffe420   0x1fffe420   0x00000018   Code   RO         3055    i.negedge_callback_wakeup  keys.o
    0x1fffe438   0x1fffe438   0x00000100   Code   RO         1471    i.originalHsv2Rgb   user_color.o
    0x1fffe538   0x1fffe538   0x00000088   Code   RO           52    i.osalInitTasks     osal_blesmartperipheral.o
    0x1fffe5c0   0x1fffe5c0   0x00000026   Code   RO         4248    i.osal_snv_read     osal_snv.o
    0x1fffe5e6   0x1fffe5e6   0x0000007e   Code   RO         4249    i.osal_snv_write    osal_snv.o
    0x1fffe664   0x1fffe664   0x00000028   Code   RO         3885    i.ota_ReadAttrCB    ota_app_service.o
    0x1fffe68c   0x1fffe68c   0x000000a4   Code   RO         3886    i.ota_WriteAttrCB   ota_app_service.o
    0x1fffe730   0x1fffe730   0x00000078   Code   RO         3887    i.ota_app_AddService  ota_app_service.o
    0x1fffe7a8   0x1fffe7a8   0x000000b0   Code   RO          198    i.peripheralStateNotificationCB  blesmartperipheral.o
    0x1fffe858   0x1fffe858   0x0000003c   Code   RO         2525    i.phy_printf        my_printf.o
    0x1fffe894   0x1fffe894   0x00000008   Code   RO         2526    i.phy_printf_init   my_printf.o
    0x1fffe89c   0x1fffe89c   0x00000018   Code   RO         3056    i.posedge_callback_wakeup  keys.o
    0x1fffe8b4   0x1fffe8b4   0x00000098   Code   RO         1736    i.powerLineAdjust   user_remaintimer.o
    0x1fffe94c   0x1fffe94c   0x000000f0   Code   RO         2527    i.print             my_printf.o
    0x1fffea3c   0x1fffea3c   0x0000002c   Code   RO         2529    i.printchar         my_printf.o
    0x1fffea68   0x1fffea68   0x00000092   Code   RO         2530    i.printi            my_printf.o
    0x1fffeafa   0x1fffeafa   0x00000070   Code   RO         2531    i.prints            my_printf.o
    0x1fffeb6a   0x1fffeb6a   0x0000004c   Code   RO          537    i.processBattLevel  command_center.o
    0x1fffebb6   COMPRESSED   0x00000002   PAD
    0x1fffebb8   0x1fffebb8   0x000000e0   Code   RO         3888    i.process_cmd       ota_app_service.o
    0x1fffec98   0x1fffec98   0x000002bc   Code   RO          538    i.protocol_uartCB_Handle  command_center.o
    0x1fffef54   0x1fffef54   0x00000056   Code   RO         1779    i.protocol_uart_GetBandrate  protocol_uart.o
    0x1fffefaa   COMPRESSED   0x00000002   PAD
    0x1fffefac   0x1fffefac   0x00000068   Code   RO         1780    i.protocol_uart_Init  protocol_uart.o
    0x1ffff014   0x1ffff014   0x00000058   Code   RO         1781    i.protocol_uart_ProcessEvent  protocol_uart.o
    0x1ffff06c   0x1ffff06c   0x000000a8   Code   RO         1782    i.protocol_uart_evt_hdl  protocol_uart.o
    0x1ffff114   0x1ffff114   0x0000003c   Code   RO         1783    i.protocol_uart_wakeup_handle  protocol_uart.o
    0x1ffff150   0x1ffff150   0x0000009a   Code   RO         1114    i.pwmInit           light.o
    0x1ffff1ea   COMPRESSED   0x00000002   PAD
    0x1ffff1ec   0x1ffff1ec   0x00000060   Code   RO         4383    i.rc32k_calibration  rf.lib(patch.o)
    0x1ffff24c   0x1ffff24c   0x00000040   Code   RO         4384    i.rc32k_calibration_check  rf.lib(patch.o)
    0x1ffff28c   0x1ffff28c   0x00000070   Code   RO         4385    i.rc32k_tracking_check  rf.lib(patch.o)
    0x1ffff2fc   0x1ffff2fc   0x00000058   Code   RO          851    i.reInitialLCD      display.o
    0x1ffff354   0x1ffff354   0x0000003c   Code   RO         1607    i.readDeviceInfo    user_flash.o
    0x1ffff390   0x1ffff390   0x00000078   Code   RO         1608    i.readExceptionStts  user_flash.o
    0x1ffff408   0x1ffff408   0x00000008   Code   RO         1609    i.readFlashData     user_flash.o
    0x1ffff410   0x1ffff410   0x0000003c   Code   RO         4504    i.read_chip_id      rf.lib(flash_ext.o)
    0x1ffff44c   0x1ffff44c   0x00000040   Code   RO         4505    i.read_chip_mAddr   rf.lib(flash_ext.o)
    0x1ffff48c   0x1ffff48c   0x000000ac   Code   RO          333    i.resetDeviceInfoParams  systems_parameters.o
    0x1ffff538   0x1ffff538   0x0000006c   Code   RO         3889    i.response          ota_app_service.o
    0x1ffff5a4   0x1ffff5a4   0x00000010   Code   RO          539    i.restartBattInfoCollection  command_center.o
    0x1ffff5b4   0x1ffff5b4   0x0000005c   Code   RO          540    i.restoreFromCustomizeModeCheck  command_center.o
    0x1ffff610   0x1ffff610   0x00000038   Code   RO          541    i.restoreFromPreinstallModeCheck  command_center.o
    0x1ffff648   0x1ffff648   0x0000002c   Code   RO          542    i.restoreMode       command_center.o
    0x1ffff674   0x1ffff674   0x00000028   Code   RO         4386    i.rf_calibrate1     rf.lib(patch.o)
    0x1ffff69c   0x1ffff69c   0x000000f0   Code   RO         4426    i.rf_phy_ana_cfg    rf.lib(rf_phy_driver.o)
    0x1ffff78c   0x1ffff78c   0x00000120   Code   RO         4427    i.rf_phy_bb_cfg     rf.lib(rf_phy_driver.o)
    0x1ffff8ac   0x1ffff8ac   0x00000060   Code   RO         4428    i.rf_phy_change_cfg  rf.lib(rf_phy_driver.o)
    0x1ffff90c   0x1ffff90c   0x00000020   Code   RO         4445    i.rf_phy_ini        rf.lib(rf_phy_driver.o)
    0x1ffff92c   0x1ffff92c   0x00000034   Code   RO         4446    i.rf_phy_set_txPower  rf.lib(rf_phy_driver.o)
    0x1ffff960   0x1ffff960   0x00000110   Code   RO         4447    i.rf_rxDcoc_cfg     rf.lib(rf_phy_driver.o)
    0x1ffffa70   0x1ffffa70   0x0000004c   Code   RO         4450    i.rf_tpCal_gen_cap_arrary  rf.lib(rf_phy_driver.o)
    0x1ffffabc   0x1ffffabc   0x0000009c   Code   RO         4451    i.rf_tp_cal         rf.lib(rf_phy_driver.o)
    0x1ffffb58   0x1ffffb58   0x00000014   Code   RO         4204    i.rf_wakeup_handler  main.o
    0x1ffffb6c   0x1ffffb6c   0x0000001c   Code   RO         1693    i.sameByteCheck     user_utils.o
    0x1ffffb88   0x1ffffb88   0x00000034   Code   RO         1286    i.sceneFire         user_lighteffect.o
    0x1ffffbbc   0x1ffffbbc   0x00000038   Code   RO         1287    i.sceneLightning1   user_lighteffect.o
    0x1ffffbf4   0x1ffffbf4   0x00000038   Code   RO         1288    i.set2FlashMode2StyleA  user_lighteffect.o
    0x1ffffc2c   0x1ffffc2c   0x00000020   Code   RO         1289    i.set2SimulatonModeStyleA  user_lighteffect.o
    0x1ffffc4c   0x1ffffc4c   0x000000ec   Code   RO          543    i.setBattLevel      command_center.o
    0x1ffffd38   0x1ffffd38   0x00000050   Code   RO          544    i.setBatteryFully   command_center.o
    0x1ffffd88   0x1ffffd88   0x00000020   Code   RO         1472    i.setBlueData       user_color.o
    0x1ffffda8   0x1ffffda8   0x0000000c   Code   RO         1473    i.setBlueDuty       user_color.o
    0x1ffffdb4   0x1ffffdb4   0x00000020   Code   RO         1474    i.setCoolData       user_color.o
    0x1ffffdd4   0x1ffffdd4   0x0000000c   Code   RO         1475    i.setCoolDuty       user_color.o
    0x1ffffde0   0x1ffffde0   0x00000020   Code   RO         1290    i.setFlashEffectPub  user_lighteffect.o
    0x1ffffe00   0x1ffffe00   0x00000020   Code   RO         1291    i.setGradualEffectPub  user_lighteffect.o
    0x1ffffe20   0x1ffffe20   0x00000020   Code   RO         1476    i.setGreenData      user_color.o
    0x1ffffe40   0x1ffffe40   0x0000000c   Code   RO         1477    i.setGreenDuty      user_color.o
    0x1ffffe4c   0x1ffffe4c   0x00000128   Code   RO         1292    i.setLEDFunc        user_lighteffect.o
    0x1fffff74   0x1fffff74   0x00000038   Code   RO          545    i.setModeInfo       command_center.o
    0x1fffffac   0x1fffffac   0x00000020   Code   RO         1478    i.setRedData        user_color.o
    0x1fffffcc   0x1fffffcc   0x0000000c   Code   RO         1479    i.setRedDuty        user_color.o
    0x1fffffd8   0x1fffffd8   0x0000000c   Code   RO         1193    i.setTemperature    temp.o
    0x1fffffe4   0x1fffffe4   0x00000024   Code   RO         1480    i.setWarmData       user_color.o
    0x20000008   0x20000008   0x00000088   Code   RO         2601    i.set_sampling_resolution  adc.o
    0x20000090   0x20000090   0x00000046   Code   RO          199    i.simpleProfileChangeCB  blesmartperipheral.o
    0x200000d6   COMPRESSED   0x00000002   PAD
    0x200000d8   0x200000d8   0x00000030   Code   RO         3950    i.simpleProfile_HandleConnStatusCB  simplegattprofile.o
    0x20000108   0x20000108   0x0000010c   Code   RO         3951    i.simpleProfile_ReadAttrCB  simplegattprofile.o
    0x20000214   0x20000214   0x0000000c   Code   RO         3952    i.simpleProfile_Set_notify_status  simplegattprofile.o
    0x20000220   0x20000220   0x000000ec   Code   RO         3953    i.simpleProfile_WriteAttrCB  simplegattprofile.o
    0x2000030c   0x2000030c   0x00000038   Code   RO         4250    i.snv_calc_addr     osal_snv.o
    0x20000344   0x20000344   0x0000003c   Code   RO         4251    i.snvwr             osal_snv.o
    0x20000380   0x20000380   0x00000040   Code   RO         2879    i.spi_int_disable   spi.o
    0x200003c0   0x200003c0   0x00000060   Code   RO         2880    i.spi_int_enable    spi.o
    0x20000420   0x20000420   0x000000e8   Code   RO         2881    i.spi_int_handle    spi.o
    0x20000508   0x20000508   0x0000005c   Code   RO         2882    i.spis_int_handle   spi.o
    0x20000564   0x20000564   0x00000038   Code   RO          546    i.startCharging     command_center.o
    0x2000059c   0x2000059c   0x00000068   Code   RO         1293    i.startLightEffect  user_lighteffect.o
    0x20000604   0x20000604   0x00000014   Code   RO          547    i.startLightEffectEvent  command_center.o
    0x20000618   0x20000618   0x0000004c   Code   RO          548    i.stopCharging      command_center.o
    0x20000664   0x20000664   0x00000014   Code   RO          549    i.stopLightEffectEvent  command_center.o
    0x20000678   0x20000678   0x00000034   Code   RO          550    i.stopSceneModeCheck  command_center.o
    0x200006ac   0x200006ac   0x0000001c   Code   RO         1610    i.storeDeviceInfo   user_flash.o
    0x200006c8   0x200006c8   0x00000040   Code   RO         1611    i.storeExceptionStts  user_flash.o
    0x20000708   0x20000708   0x00000024   Code   RO         2107    i.subWriteReg       common.o
    0x2000072c   0x2000072c   0x0000009c   Code   RO          334    i.systems_param_Get_param  systems_parameters.o
    0x200007c8   0x200007c8   0x000000d8   Code   RO          335    i.systems_param_Set_param  systems_parameters.o
    0x200008a0   0x200008a0   0x00000300   Code   RO          336    i.systems_parameters_Init  systems_parameters.o
    0x20000ba0   0x20000ba0   0x0000001c   Code   RO         1194    i.temp_RegisterCBs_Value  temp.o
    0x20000bbc   0x20000bbc   0x00000050   Code   RO         1195    i.temp_adc_evt      temp.o
    0x20000c0c   0x20000c0c   0x000000b0   Code   RO         1196    i.temp_adc_init     temp.o
    0x20000cbc   0x20000cbc   0x00000084   Code   RO         1197    i.temp_cal          temp.o
    0x20000d40   0x20000d40   0x0000000c   Code   RO         1198    i.temp_get_value    temp.o
    0x20000d4c   0x20000d4c   0x00000028   Code   RO         1199    i.temp_init         temp.o
    0x20000d74   0x20000d74   0x00000008   Code   RO         1200    i.temp_measure      temp.o
    0x20000d7c   0x20000d7c   0x0000002c   Code   RO         1295    i.turnOffAllLightEffect  user_lighteffect.o
    0x20000da8   0x20000da8   0x00000010   Code   RO         1482    i.turnOffColorTempLamp  user_color.o
    0x20000db8   0x20000db8   0x00000016   Code   RO         1483    i.turnOffRGBLamp    user_color.o
    0x20000dce   COMPRESSED   0x00000002   PAD
    0x20000dd0   0x20000dd0   0x00000068   Code   RO         2452    i.txmit_buf_polling  uart.o
    0x20000e38   0x20000e38   0x00000080   Code   RO         2453    i.txmit_buf_use_tx_buf  uart.o
    0x20000eb8   0x20000eb8   0x000000bc   Code   RO         2454    i.uart_hw_config    uart.o
    0x20000f74   0x20000f74   0x00000080   Code   RO          854    i.updateArrowDisplay  display.o
    0x20000ff4   0x20000ff4   0x00000002   Code   RO          855    i.updateBLEDisplay  display.o
    0x20000ff6   COMPRESSED   0x00000002   PAD
    0x20000ff8   0x20000ff8   0x00000104   Code   RO          856    i.updateBrightnessDisplay  display.o
    0x200010fc   0x200010fc   0x00000054   Code   RO         1484    i.updateColor       user_color.o
    0x20001150   0x20001150   0x000000f0   Code   RO         1115    i.updateColorTemp   light.o
    0x20001240   0x20001240   0x00000050   Code   RO          857    i.updateColorTempDisplay  display.o
    0x20001290   0x20001290   0x000001e8   Code   RO          337    i.updateDeviceDefaultInfo  systems_parameters.o
    0x20001478   0x20001478   0x000000f4   Code   RO          338    i.updateDeviceInfo2Flash  systems_parameters.o
    0x2000156c   0x2000156c   0x00000002   Code   RO          858    i.updateHotDisplay  display.o
    0x2000156e   COMPRESSED   0x00000002   PAD
    0x20001570   0x20001570   0x00000134   Code   RO          859    i.updateHuesDisplay  display.o
    0x200016a4   0x200016a4   0x00000028   Code   RO         1485    i.updatePWMDuty     user_color.o
    0x200016cc   0x200016cc   0x00000060   Code   RO         1116    i.updateRGBLamp     light.o
    0x2000172c   0x2000172c   0x00000074   Code   RO          861    i.updateRemainingTimeByValue  display.o
    0x200017a0   0x200017a0   0x00000050   Code   RO         1486    i.updateRgbOnly     user_color.o
    0x200017f0   0x200017f0   0x00000034   Code   RO          862    i.updateSceneDisplay  display.o
    0x20001824   0x20001824   0x0000005c   Code   RO          863    i.updateStrobeDisplay  display.o
    0x20001880   0x20001880   0x0000000c   Code   RO          551    i.updateSystemStts  command_center.o
    0x2000188c   0x2000188c   0x0000000e   Code   RO         2602    i.usbAbsSubUint16   adc.o
    0x2000189a   0x2000189a   0x00000002   Code   RO         1580    i.userWatchDogInit  user_watchdog.o
    0x2000189c   0x2000189c   0x00000008   Code   RO         1581    i.userWatchDogProcessEvent  user_watchdog.o
    0x200018a4   0x200018a4   0x0000008c   Code   RO          552    i.versionDisplay    command_center.o
    0x20001930   0x20001930   0x00000018   Code   RO         1612    i.writeFlashData    user_flash.o
    0x20001948   0x20001948   0x00000024   Code   RO          865    i.write_cmd         display.o
    0x2000196c   0x2000196c   0x00000020   Code   RO          866    i.write_data        display.o
    0x2000198c   0x2000198c   0x00000034   Data   RO           53    .constdata          osal_blesmartperipheral.o
    0x200019c0   0x200019c0   0x00000001   Data   RO           54    .constdata          osal_blesmartperipheral.o
    0x200019c1   0x200019c1   0x000000c3   Data   RO          341    .constdata          systems_parameters.o
    0x20001a84   0x20001a84   0x00000844   Data   RO          868    .constdata          display.o
    0x200022c8   0x200022c8   0x00000064   Data   RO         1118    .constdata          light.o
    0x2000232c   0x2000232c   0x00000068   Data   RO         1201    .constdata          temp.o
    0x20002394   0x20002394   0x00000013   Data   RO         1303    .constdata          user_lighteffect.o
    0x200023a7   COMPRESSED   0x00000001   PAD
    0x200023a8   0x200023a8   0x00000194   Data   RO         1487    .constdata          user_color.o
    0x2000253c   0x2000253c   0x00000010   Data   RO         1785    .constdata          protocol_uart.o
    0x2000254c   0x2000254c   0x0000000c   Data   RO         2456    .constdata          uart.o
    0x20002558   0x20002558   0x00000002   Data   RO         3162    .constdata          battservice.o
    0x2000255a   0x2000255a   0x00000002   Data   RO         3164    .constdata          battservice.o
    0x2000255c   0x2000255c   0x00000002   Data   RO         3165    .constdata          battservice.o
    0x2000255e   COMPRESSED   0x00000002   PAD
    0x20002560   0x20002560   0x00000008   Data   RO         3166    .constdata          battservice.o
    0x20002568   0x20002568   0x0000000c   Data   RO         3167    .constdata          battservice.o
    0x20002574   0x20002574   0x00000002   Data   RO         3249    .constdata          devinfoservice.o
    0x20002576   0x20002576   0x00000002   Data   RO         3250    .constdata          devinfoservice.o
    0x20002578   0x20002578   0x00000002   Data   RO         3251    .constdata          devinfoservice.o
    0x2000257a   0x2000257a   0x00000002   Data   RO         3252    .constdata          devinfoservice.o
    0x2000257c   0x2000257c   0x00000002   Data   RO         3253    .constdata          devinfoservice.o
    0x2000257e   0x2000257e   0x00000002   Data   RO         3254    .constdata          devinfoservice.o
    0x20002580   0x20002580   0x00000002   Data   RO         3255    .constdata          devinfoservice.o
    0x20002582   0x20002582   0x00000002   Data   RO         3256    .constdata          devinfoservice.o
    0x20002584   0x20002584   0x00000002   Data   RO         3257    .constdata          devinfoservice.o
    0x20002586   0x20002586   0x00000002   Data   RO         3258    .constdata          devinfoservice.o
    0x20002588   0x20002588   0x00000008   Data   RO         3259    .constdata          devinfoservice.o
    0x20002590   0x20002590   0x0000000c   Data   RO         3260    .constdata          devinfoservice.o
    0x2000259c   0x2000259c   0x00000008   Data   RO         3307    .constdata          gapgattserver.o
    0x200025a4   0x200025a4   0x0000000c   Data   RO         3308    .constdata          gapgattserver.o
    0x200025b0   0x200025b0   0x00000008   Data   RO         3690    .constdata          gattservapp.o
    0x200025b8   0x200025b8   0x00000010   Data   RO         3890    .constdata          ota_app_service.o
    0x200025c8   0x200025c8   0x00000010   Data   RO         3891    .constdata          ota_app_service.o
    0x200025d8   0x200025d8   0x00000010   Data   RO         3892    .constdata          ota_app_service.o
    0x200025e8   0x200025e8   0x00000008   Data   RO         3893    .constdata          ota_app_service.o
    0x200025f0   0x200025f0   0x0000000c   Data   RO         3894    .constdata          ota_app_service.o
    0x200025fc   0x200025fc   0x00000002   Data   RO         3955    .constdata          simplegattprofile.o
    0x200025fe   0x200025fe   0x00000002   Data   RO         3956    .constdata          simplegattprofile.o
    0x20002600   0x20002600   0x00000002   Data   RO         3957    .constdata          simplegattprofile.o
    0x20002602   0x20002602   0x00000002   Data   RO         3958    .constdata          simplegattprofile.o
    0x20002604   0x20002604   0x00000002   Data   RO         3959    .constdata          simplegattprofile.o
    0x20002606   0x20002606   0x00000002   Data   RO         3960    .constdata          simplegattprofile.o
    0x20002608   0x20002608   0x00000002   Data   RO         3961    .constdata          simplegattprofile.o
    0x2000260a   COMPRESSED   0x00000002   PAD
    0x2000260c   0x2000260c   0x00000008   Data   RO         3962    .constdata          simplegattprofile.o
    0x20002614   0x20002614   0x0000000c   Data   RO         3963    .constdata          simplegattprofile.o
    0x20002620   0x20002620   0x00000027   Data   RO          870    .conststring        display.o
    0x20002647   COMPRESSED   0x00000001   PAD
    0x20002648   0x20002648   0x00000050   Data   RO         4953    Region$$Table       anon$$obj.o
    0x20002698   COMPRESSED   0x00000004   Data   RW           55    .data               osal_blesmartperipheral.o
    0x2000269c   COMPRESSED   0x00000010   Data   RW          200    .data               blesmartperipheral.o
    0x200026ac   COMPRESSED   0x0000000c   Data   RW          342    .data               systems_parameters.o
    0x200026b8   COMPRESSED   0x00000018   Data   RW          432    .data               battery.o
    0x200026d0   COMPRESSED   0x00000024   Data   RW          555    .data               command_center.o
    0x200026f4   COMPRESSED   0x00000001   Data   RW          556    .data               command_center.o
    0x200026f5   COMPRESSED   0x00000003   PAD
    0x200026f8   COMPRESSED   0x00000018   Data   RW          871    .data               display.o
    0x20002710   COMPRESSED   0x00000001   Data   RW         1120    .data               light.o
    0x20002711   COMPRESSED   0x00000003   PAD
    0x20002714   COMPRESSED   0x0000000e   Data   RW         1202    .data               temp.o
    0x20002722   COMPRESSED   0x00000002   PAD
    0x20002724   COMPRESSED   0x00000010   Data   RW         1312    .data               user_lighteffect.o
    0x20002734   COMPRESSED   0x00000004   Data   RW         1488    .data               user_color.o
    0x20002738   COMPRESSED   0x00000020   Data   RW         1694    .data               user_utils.o
    0x20002758   COMPRESSED   0x00000008   Data   RW         1738    .data               user_remaintimer.o
    0x20002760   COMPRESSED   0x00000001   Data   RW         1786    .data               protocol_uart.o
    0x20002761   COMPRESSED   0x00000003   PAD
    0x20002764   COMPRESSED   0x00000008   Data   RW         1994    .data               pwrmgr.o
    0x2000276c   COMPRESSED   0x00000002   Data   RW         2534    .data               my_printf.o
    0x2000276e   COMPRESSED   0x0000000f   Data   RW         2604    .data               adc.o
    0x2000277d   COMPRESSED   0x00000001   Data   RW         2704    .data               pwm.o
    0x2000277e   COMPRESSED   0x0000000e   Data   RW         3057    .data               keys.o
    0x2000278c   COMPRESSED   0x00000001   Data   RW         3168    .data               battservice.o
    0x2000278d   COMPRESSED   0x00000003   PAD
    0x20002790   COMPRESSED   0x00000090   Data   RW         3169    .data               battservice.o
    0x20002820   COMPRESSED   0x00000001   Data   RW         3170    .data               battservice.o
    0x20002821   COMPRESSED   0x00000001   Data   RW         3171    .data               battservice.o
    0x20002822   COMPRESSED   0x00000008   Data   RW         3172    .data               battservice.o
    0x2000282a   COMPRESSED   0x00000001   Data   RW         3261    .data               devinfoservice.o
    0x2000282b   COMPRESSED   0x00000001   Data   RW         3262    .data               devinfoservice.o
    0x2000282c   COMPRESSED   0x00000001   Data   RW         3263    .data               devinfoservice.o
    0x2000282d   COMPRESSED   0x00000001   Data   RW         3264    .data               devinfoservice.o
    0x2000282e   COMPRESSED   0x00000001   Data   RW         3265    .data               devinfoservice.o
    0x2000282f   COMPRESSED   0x00000001   Data   RW         3266    .data               devinfoservice.o
    0x20002830   COMPRESSED   0x00000001   Data   RW         3267    .data               devinfoservice.o
    0x20002831   COMPRESSED   0x00000001   Data   RW         3268    .data               devinfoservice.o
    0x20002832   COMPRESSED   0x00000001   Data   RW         3269    .data               devinfoservice.o
    0x20002833   COMPRESSED   0x00000001   PAD
    0x20002834   COMPRESSED   0x00000130   Data   RW         3270    .data               devinfoservice.o
    0x20002964   COMPRESSED   0x00000080   Data   RW         3309    .data               gapgattserver.o
    0x200029e4   COMPRESSED   0x00000001   Data   RW         3310    .data               gapgattserver.o
    0x200029e5   COMPRESSED   0x00000001   Data   RW         3311    .data               gapgattserver.o
    0x200029e6   COMPRESSED   0x00000001   Data   RW         3312    .data               gapgattserver.o
    0x200029e7   COMPRESSED   0x00000001   PAD
    0x200029e8   COMPRESSED   0x00000061   Data   RW         3388    .data               peripheral.o
    0x20002a49   COMPRESSED   0x00000003   PAD
    0x20002a4c   COMPRESSED   0x00000024   Data   RW         3507    .data               gapbondmgr.o
    0x20002a70   COMPRESSED   0x0000005c   Data   RW         3692    .data               gattservapp.o
    0x20002acc   COMPRESSED   0x00000001   Data   RW         3693    .data               gattservapp.o
    0x20002acd   COMPRESSED   0x00000001   Data   RW         3895    .data               ota_app_service.o
    0x20002ace   COMPRESSED   0x00000001   Data   RW         3896    .data               ota_app_service.o
    0x20002acf   COMPRESSED   0x00000001   Data   RW         3897    .data               ota_app_service.o
    0x20002ad0   COMPRESSED   0x00000001   Data   RW         3898    .data               ota_app_service.o
    0x20002ad1   COMPRESSED   0x00000003   PAD
    0x20002ad4   COMPRESSED   0x00000070   Data   RW         3899    .data               ota_app_service.o
    0x20002b44   COMPRESSED   0x00000174   Data   RW         3964    .data               simplegattprofile.o
    0x20002cb8   COMPRESSED   0x00000001   Data   RW         3965    .data               simplegattprofile.o
    0x20002cb9   COMPRESSED   0x0000000f   Data   RW         3966    .data               simplegattprofile.o
    0x20002cc8   COMPRESSED   0x00000001   Data   RW         3967    .data               simplegattprofile.o
    0x20002cc9   COMPRESSED   0x0000000f   Data   RW         3968    .data               simplegattprofile.o
    0x20002cd8   COMPRESSED   0x00000001   Data   RW         3969    .data               simplegattprofile.o
    0x20002cd9   COMPRESSED   0x00000011   Data   RW         3970    .data               simplegattprofile.o
    0x20002cea   COMPRESSED   0x00000001   Data   RW         3971    .data               simplegattprofile.o
    0x20002ceb   COMPRESSED   0x0000000c   Data   RW         3972    .data               simplegattprofile.o
    0x20002cf7   COMPRESSED   0x00000001   Data   RW         3973    .data               simplegattprofile.o
    0x20002cf8   COMPRESSED   0x0000000c   Data   RW         3974    .data               simplegattprofile.o
    0x20002d04   COMPRESSED   0x00000001   Data   RW         3975    .data               simplegattprofile.o
    0x20002d05   COMPRESSED   0x00000012   Data   RW         3976    .data               simplegattprofile.o
    0x20002d17   COMPRESSED   0x00000001   PAD
    0x20002d18   COMPRESSED   0x00000004   Data   RW         4338    .data               system_armcm0.o
    0x20002d1c   COMPRESSED   0x00000018   Data   RW         4395    .data               rf.lib(patch.o)
    0x20002d34   COMPRESSED   0x00000001   Data   RW         4396    .data               rf.lib(patch.o)
    0x20002d35   COMPRESSED   0x00000007   Data   RW         4507    .data               rf.lib(flash_ext.o)
    0x20002d3c   COMPRESSED   0x00000004   Data   RW         4927    .data               mc_p.l(stdout.o)
    0x20002d40   COMPRESSED   0x00000004   Data   RW         4936    .data               mc_p.l(mvars.o)
    0x20002d44   COMPRESSED   0x00000004   Data   RW         4937    .data               mc_p.l(mvars.o)
    0x20002d48        -       0x000000a2   Zero   RW          339    .bss                systems_parameters.o
    0x20002dea        -       0x0000000c   Zero   RW          340    .bss                systems_parameters.o
    0x20002df6   COMPRESSED   0x00000002   PAD
    0x20002df8        -       0x00000034   Zero   RW          553    .bss                command_center.o
    0x20002e2c        -       0x00000040   Zero   RW          867    .bss                display.o
    0x20002e6c        -       0x00000024   Zero   RW         1117    .bss                light.o
    0x20002e90        -       0x00000034   Zero   RW         1296    .bss                user_lighteffect.o
    0x20002ec4        -       0x00000014   Zero   RW         1297    .bss                user_lighteffect.o
    0x20002ed8        -       0x0000008e   Zero   RW         1613    .bss                user_flash.o
    0x20002f66   COMPRESSED   0x00000002   PAD
    0x20002f68        -       0x00000028   Zero   RW         1737    .bss                user_remaintimer.o
    0x20002f90        -       0x0000040a   Zero   RW         1784    .bss                protocol_uart.o
    0x2000339a   COMPRESSED   0x00000002   PAD
    0x2000339c        -       0x00000078   Zero   RW         1993    .bss                pwrmgr.o
    0x20003414        -       0x000001c8   Zero   RW         2253    .bss                gpio.o
    0x200035dc        -       0x00000020   Zero   RW         2455    .bss                uart.o
    0x200035fc        -       0x00000078   Zero   RW         2533    .bss                my_printf.o
    0x20003674        -       0x00000028   Zero   RW         2603    .bss                adc.o
    0x2000369c        -       0x00000044   Zero   RW         2703    .bss                pwm.o
    0x200036e0        -       0x00000058   Zero   RW         2883    .bss                spi.o
    0x20003738        -       0x00000010   Zero   RW         3248    .bss                devinfoservice.o
    0x20003748        -       0x00000016   Zero   RW         3306    .bss                gapgattserver.o
    0x2000375e        -       0x0000003f   Zero   RW         3387    .bss                peripheral.o
    0x2000379d   COMPRESSED   0x00000001   PAD
    0x2000379e        -       0x000000a6   Zero   RW         3506    .bss                gapbondmgr.o
    0x20003844        -       0x000002e8   Zero   RW         3689    .bss                gattservapp.o
    0x20003b2c        -       0x00000c00   Zero   RW         3954    .bss                simplegattprofile.o
    0x2000472c        -       0x00001800   Zero   RW         4205    .bss                main.o
    0x20005f2c        -       0x00000010   Zero   RW         4390    .bss                rf.lib(patch.o)
    0x20005f3c        -       0x00000041   Zero   RW         4506    .bss                rf.lib(flash_ext.o)
    0x20005f7d   COMPRESSED   0x00000003   PAD
    0x20005f80        -       0x00000100   Zero   RW         4328    HEAP                startup_armcm0.o
    0x20006080        -       0x00000800   Zero   RW         4327    STACK               startup_armcm0.o



  Load Region LR_IROM2 (Base: 0x1fff0800, Size: 0x00000800, Max: 0x00000800, ABSOLUTE, COMPRESSED[0x0000040c])

    Execution Region JUMP_TABLE (Exec base: 0x1fff0800, Load base: 0x1fff0800, Size: 0x00000400, Max: 0x00000400, ABSOLUTE)

    Exec Addr    Load Addr    Size         Type   Attr      Idx    E Section Name        Object

    0x1fff0800   0x1fff0800   0x00000400   Data   RO         4296    jump_table_mem_area  jump_table.o


    Execution Region GOLBAL_CONFIG (Exec base: 0x1fff0c00, Load base: 0x1fff0c00, Size: 0x00000400, Max: 0x00000400, ABSOLUTE, COMPRESSED[0x0000000c])

    Exec Addr    Load Addr    Size         Type   Attr      Idx    E Section Name        Object

    0x1fff0c00   COMPRESSED   0x00000400   Data   RW         4295    global_config_area  jump_table.o


==============================================================================

Image component sizes


      Code (inc. data)   RO Data    RW Data    ZI Data      Debug   Object Name

      1682        172          0         15         40      21718   adc.o
       716        194          0         24          0       7741   battery.o
       348         60         26        155          0      11073   battservice.o
       868         66          0         16          0      11208   blesmartperipheral.o
        20          0          0          0          0      12699   blesmartperipheral_main.o
       266         34          0          0          0       3411   clock.o
      7918        822          0         37         52      35823   command_center.o
       310         40          0          0          0       3566   common.o
       160         20         40        313         16       3271   devinfoservice.o
      4192        348       2155         24         64      25935   display.o
       436         52          0          0          0       4119   flash.o
        62         12          0          0          0       1129   gap.o
       630         16          0         36        166       9154   gapbondmgr.o
       678         44         20        131         22       5616   gapgattserver.o
      3466        182          8         93        744      28581   gattservapp.o
      1440        142          0          0        456      24174   gpio.o
       112         44       1024       1024          0       1828   jump_table.o
       400         38          0         14          0       3593   keys.o
      1554        136        100          1         36       7765   light.o
       288         44          0          0       6144       2928   main.o
       610         26          0          2        120       6368   my_printf.o
       136          6         53          4          0      74177   osal_blesmartperipheral.o
       280         14          0          0          0       3337   osal_snv.o
       792        192         68        116          0       7002   ota_app_service.o
      2016        178          0         97         63      11696   peripheral.o
       506         56         16          1       1034       5237   protocol_uart.o
       636         54          0          1         68       6144   pwm.o
       532         66          0          8        120       7552   pwrmgr.o
       908        138         34        467       3072       8667   simplegattprofile.o
      1346        102          0          0         88      19064   spi.o
        28          8        192          0       2304        608   startup_armcm0.o
        16          8          0          4          0        647   system_armcm0.o
      2208        128        195         12        174      17797   systems_parameters.o
       488        134        104         14          0       4847   temp.o
       852         82         12          0         32      14998   uart.o
      1462        158        404          4          0       9733   user_color.o
       304         18          0          0        142       4808   user_flash.o
      3236        514         19         16         72      26774   user_lighteffect.o
      1452        244          0          8         40       4196   user_remaintimer.o
       164         14          0         32          0       2548   user_utils.o
        10          0          0          0          0        982   user_watchdog.o
        40          6          0          0          0       1804   watchdog.o

    ----------------------------------------------------------------------
     44688       4972       4556       2692      15076     464318   Object Totals
      1080        360         80          0          0          0   (incl. Generated)
        40          0          6         23          7          0   (incl. Padding)

    ----------------------------------------------------------------------

      Code (inc. data)   RO Data    RW Data    ZI Data      Debug   Library Member Name

        86          0          0          0          0          0   __dczerorl2.o
         0          0          0          0          0          0   entry.o
         0          0          0          0          0          0   entry10a.o
         0          0          0          0          0          0   entry11a.o
         8          4          0          0          0          0   entry2.o
         4          0          0          0          0          0   entry5.o
         0          0          0          0          0          0   entry7b.o
         0          0          0          0          0          0   entry8b.o
         8          4          0          0          0          0   entry9a.o
        18          0          0          0          0         72   fputc.o
        30          0          0          0          0          0   handlers.o
        36          8          0          0          0         68   init.o
         0          0          0          0          0          0   iusefp.o
         0          0          0          0          0          0   iusesemip.o
        32          0          0          0          0         68   llshl.o
        38          0          0          0          0         68   llsshr.o
        34          0          0          0          0         68   llushr.o
       192         20          0          0          0        144   malloc.o
        26          0          0          0          0         72   memcmp.o
        36          0          0          0          0         60   memcpya.o
        36          0          0          0          0        100   memseta.o
         0          0          0          8          0          0   mvars.o
      2302        102          0          0          0        556   printfa.o
         0          0          0          0          0          0   semi.o
         0          0          0          4          0          0   stdout.o
        96          0          0          0          0         84   uldiv.o
        20          0          0          0          0         60   uread4.o
        40          2          0          0          0         68   cdcmple.o
        40          2          0          0          0         68   cdrcmple.o
        20          0          0          0          0         68   cfcmple.o
        20          0          0          0          0         68   cfrcmple.o
        56          0          0          0          0         68   d2f.o
       356          4          0          0          0        140   dadd.o
       240          6          0          0          0         84   ddiv.o
       236          0          0          0          0        216   depilogue.o
        60         10          0          0          0         68   dfixui.o
        64         10          0          0          0         68   dfixul.o
        40          6          0          0          0         68   dflti.o
        28          4          0          0          0         68   dfltui.o
       208          6          0          0          0         88   dmul.o
        44          0          0          0          0         72   dscalb.o
        40          0          0          0          0         60   f2d.o
       178          0          0          0          0        108   fadd.o
       124          0          0          0          0         72   fdiv.o
       130          0          0          0          0        144   fepilogue.o
        40          0          0          0          0         60   ffixui.o
        22          0          0          0          0         68   fflti.o
        14          0          0          0          0         68   ffltui.o
       122          0          0          0          0         72   fmul.o
        24          0          0          0          0         60   fscalb.o
       648         52          0          7         65        688   flash_ext.o
      1742        282          0         25         16        744   patch.o
      1212        318          0          0          0        572   rf_phy_driver.o

    ----------------------------------------------------------------------
      8764        840          0         44         84       5348   Library Totals
        14          0          0          0          3          0   (incl. Padding)

    ----------------------------------------------------------------------

      Code (inc. data)   RO Data    RW Data    ZI Data      Debug   Library Name

      3002        138          0         12          0       1420   mc_p.l
      2146         50          0          0          0       1924   mf_p.l
      3602        652          0         32         81       2004   rf.lib

    ----------------------------------------------------------------------
      8764        840          0         44         84       5348   Library Totals

    ----------------------------------------------------------------------

==============================================================================


      Code (inc. data)   RO Data    RW Data    ZI Data      Debug   

     53452       5812       4556       2736      15160     450762   Grand Totals
     53452       5812       4556        600      15160     450762   ELF Image Totals (compressed)
     53452       5812       4556        600          0          0   ROM Totals

==============================================================================

    Total RO  Size (Code + RO Data)                58008 (  56.65kB)
    Total RW  Size (RW Data + ZI Data)             17896 (  17.48kB)
    Total ROM Size (Code + RO Data + RW Data)      58608 (  57.23kB)

==============================================================================

