Component: ARM Compiler 5.06 update 6 (build 750) Tool: armlink [4d35ed]

==============================================================================

Section Cross References

    osal_blesmartperipheral.o(i.osalInitTasks) refers to peripheral.o(i.GAPRole_Init) for GAPRole_Init
    osal_blesmartperipheral.o(i.osalInitTasks) refers to gattservapp.o(i.GATTServApp_Init) for GATTServApp_Init
    osal_blesmartperipheral.o(i.osalInitTasks) refers to systems_parameters.o(i.systems_parameters_Init) for systems_parameters_Init
    osal_blesmartperipheral.o(i.osalInitTasks) refers to blesmartperipheral.o(i.bleSmartPeripheral_Init) for bleSmartPeripheral_Init
    osal_blesmartperipheral.o(i.osalInitTasks) refers to protocol_uart.o(i.protocol_uart_Init) for protocol_uart_Init
    osal_blesmartperipheral.o(i.osalInitTasks) refers to light.o(i.light_Init) for light_Init
    osal_blesmartperipheral.o(i.osalInitTasks) refers to command_center.o(i.command_center_Init) for command_center_Init
    osal_blesmartperipheral.o(i.osalInitTasks) refers to user_watchdog.o(i.userWatchDogInit) for userWatchDogInit
    osal_blesmartperipheral.o(i.osalInitTasks) refers to osal_blesmartperipheral.o(.data) for .data
    osal_blesmartperipheral.o(.constdata) refers to peripheral.o(i.GAPRole_ProcessEvent) for GAPRole_ProcessEvent
    osal_blesmartperipheral.o(.constdata) refers to gattservapp.o(i.GATTServApp_ProcessEvent) for GATTServApp_ProcessEvent
    osal_blesmartperipheral.o(.constdata) refers to blesmartperipheral.o(i.bleSmartPeripheral_ProcessEvent) for bleSmartPeripheral_ProcessEvent
    osal_blesmartperipheral.o(.constdata) refers to protocol_uart.o(i.protocol_uart_ProcessEvent) for protocol_uart_ProcessEvent
    osal_blesmartperipheral.o(.constdata) refers to light.o(i.light_ProcessEvent) for light_ProcessEvent
    osal_blesmartperipheral.o(.constdata) refers to command_center.o(i.command_center_ProcessEvent) for command_center_ProcessEvent
    osal_blesmartperipheral.o(.constdata) refers to user_watchdog.o(i.userWatchDogProcessEvent) for userWatchDogProcessEvent
    blesmartperipheral.o(i.GAP_GetConnetInt) refers to systems_parameters.o(i.systems_param_Get_param) for systems_param_Get_param
    blesmartperipheral.o(i.GAP_GetadvInt) refers to systems_parameters.o(i.systems_param_Get_param) for systems_param_Get_param
    blesmartperipheral.o(i.GetgapProfileState) refers to blesmartperipheral.o(.data) for .data
    blesmartperipheral.o(i.bleSmartPeripheral_Init) refers to memseta.o(.text) for __aeabi_memclr4
    blesmartperipheral.o(i.bleSmartPeripheral_Init) refers to systems_parameters.o(i.systems_param_Get_param) for systems_param_Get_param
    blesmartperipheral.o(i.bleSmartPeripheral_Init) refers to peripheral.o(i.GAPRole_SetParameter) for GAPRole_SetParameter
    blesmartperipheral.o(i.bleSmartPeripheral_Init) refers to blesmartperipheral.o(i.GAP_GetadvInt) for GAP_GetadvInt
    blesmartperipheral.o(i.bleSmartPeripheral_Init) refers to blesmartperipheral.o(i.GAP_GetConnetInt) for GAP_GetConnetInt
    blesmartperipheral.o(i.bleSmartPeripheral_Init) refers to gapgattserver.o(i.GGS_SetParameter) for GGS_SetParameter
    blesmartperipheral.o(i.bleSmartPeripheral_Init) refers to gapgattserver.o(i.GGS_AddService) for GGS_AddService
    blesmartperipheral.o(i.bleSmartPeripheral_Init) refers to battservice.o(i.Batt_AddService) for Batt_AddService
    blesmartperipheral.o(i.bleSmartPeripheral_Init) refers to devinfoservice.o(i.DevInfo_AddService) for DevInfo_AddService
    blesmartperipheral.o(i.bleSmartPeripheral_Init) refers to simplegattprofile.o(i.SimpleProfile_AddService) for SimpleProfile_AddService
    blesmartperipheral.o(i.bleSmartPeripheral_Init) refers to simplegattprofile.o(i.SimpleProfile_RegisterAppCBs) for SimpleProfile_RegisterAppCBs
    blesmartperipheral.o(i.bleSmartPeripheral_Init) refers to ota_app_service.o(i.ota_app_AddService) for ota_app_AddService
    blesmartperipheral.o(i.bleSmartPeripheral_Init) refers to keys.o(i.keys_RegisterDebounceCBs) for keys_RegisterDebounceCBs
    blesmartperipheral.o(i.bleSmartPeripheral_Init) refers to blesmartperipheral.o(.data) for .data
    blesmartperipheral.o(i.bleSmartPeripheral_ProcessEvent) refers to peripheral.o(i.GAPRole_StartDevice) for GAPRole_StartDevice
    blesmartperipheral.o(i.bleSmartPeripheral_ProcessEvent) refers to keys.o(i.keys_Debounce_Handle) for keys_Debounce_Handle
    blesmartperipheral.o(i.bleSmartPeripheral_ProcessEvent) refers to blesmartperipheral.o(.data) for .data
    blesmartperipheral.o(i.peripheralStateNotificationCB) refers to peripheral.o(i.GAPRole_GetParameter) for GAPRole_GetParameter
    blesmartperipheral.o(i.peripheralStateNotificationCB) refers to systems_parameters.o(i.systems_param_Set_param) for systems_param_Set_param
    blesmartperipheral.o(i.peripheralStateNotificationCB) refers to memseta.o(.text) for __aeabi_memclr4
[...]
    devInfoModelNumberUUID                   0x200023b4   Data           2  devinfoservice.o(.constdata)
    devInfoSerialNumberUUID                  0x200023b6   Data           2  devinfoservice.o(.constdata)
    devInfoFirmwareRevUUID                   0x200023b8   Data           2  devinfoservice.o(.constdata)
    devInfoHardwareRevUUID                   0x200023ba   Data           2  devinfoservice.o(.constdata)
    devInfoSoftwareRevUUID                   0x200023bc   Data           2  devinfoservice.o(.constdata)
    devInfoMfrNameUUID                       0x200023be   Data           2  devinfoservice.o(.constdata)
    devInfo11073CertUUID                     0x200023c0   Data           2  devinfoservice.o(.constdata)
    devInfoPnpIdUUID                         0x200023c2   Data           2  devinfoservice.o(.constdata)
    devInfoCBs                               0x200023cc   Data          12  devinfoservice.o(.constdata)
    gapServiceCBs                            0x200023e0   Data          12  gapgattserver.o(.constdata)
    ota_ServiceUUID                          0x200023f4   Data          16  ota_app_service.o(.constdata)
    ota_CommandUUID                          0x20002404   Data          16  ota_app_service.o(.constdata)
    ota_ResponseUUID                         0x20002414   Data          16  ota_app_service.o(.constdata)
    ota_ProfileCBs                           0x2000242c   Data          12  ota_app_service.o(.constdata)
    simpleProfileServUUID                    0x20002438   Data           2  simplegattprofile.o(.constdata)
    simpleProfilechar1UUID                   0x2000243a   Data           2  simplegattprofile.o(.constdata)
    simpleProfilechar2UUID                   0x2000243c   Data           2  simplegattprofile.o(.constdata)
    simpleProfilechar3UUID                   0x2000243e   Data           2  simplegattprofile.o(.constdata)
    simpleProfilechar4UUID                   0x20002440   Data           2  simplegattprofile.o(.constdata)
    simpleProfilechar5UUID                   0x20002442   Data           2  simplegattprofile.o(.constdata)
    simpleProfilechar6UUID                   0x20002444   Data           2  simplegattprofile.o(.constdata)
    simpleProfileCBs                         0x20002450   Data          12  simplegattprofile.o(.constdata)
    Region$$Table$$Base                      0x20002484   Number         0  anon$$obj.o(Region$$Table)
    Region$$Table$$Limit                     0x200024d4   Number         0  anon$$obj.o(Region$$Table)
    tasksEvents                              0x200024d4   Data           4  osal_blesmartperipheral.o(.data)
    bleSmartPeripheral_TaskID                0x200024d9   Data           1  blesmartperipheral.o(.data)
    fIsInvalidMacAddr                        0x2000251f   Data           1  command_center.o(.data)
    command_center_TaskID                    0x20002521   Data           1  command_center.o(.data)
    defaultTestTimerConst                    0x20002522   Data           2  command_center.o(.data)
    vBurnInTestTimer                         0x20002524   Data           2  command_center.o(.data)
    fullyParams                              0x2000252c   Data           4  command_center.o(.data)
    vAdcErrorTimes                           0x20002530   Data           1  command_center.o(.data)
    scene                                    0x20002538   Data          20  display.o(.data)
    light_TaskID                             0x2000254c   Data           1  light.o(.data)
    fIsLightEffectOn                         0x20002560   Data           1  user_lighteffect.o(.data)
    vLEDStepCtrlTimeCnt                      0x20002561   Data           1  user_lighteffect.o(.data)
    fIsRisingNow                             0x20002562   Data           1  user_lighteffect.o(.data)
    customizeFlashTimeArray                  0x20002563   Data           1  user_lighteffect.o(.data)
    customizeGradualTimeArray                0x20002564   Data           1  user_lighteffect.o(.data)
    vCandleIndex                             0x20002565   Data           1  user_lighteffect.o(.data)
    pLedStruct                               0x20002568   Data           4  user_lighteffect.o(.data)
    pUserColor                               0x2000256c   Data           4  user_lighteffect.o(.data)
    vTemperatureCoe                          0x20002570   Data           4  user_color.o(.data)
    fIsUpdateRemainTimer                     0x20002594   Data           1  user_remaintimer.o(.data)
    vCwMaxTimer                              0x20002595   Data           1  user_remaintimer.o(.data)
    vCalcTime1s                              0x20002596   Data           1  user_remaintimer.o(.data)
    vRemainTimer                             0x20002598   Data           2  user_remaintimer.o(.data)
    vRemainCheckTimes                        0x2000259a   Data           2  user_remaintimer.o(.data)
    protocol_uart_TaskID                     0x2000259c   Data           1  protocol_uart.o(.data)
    put_char_size                            0x200025a8   Data           2  my_printf.o(.data)
    s_pinmap                                 0x200025b0   Data           9  adc.o(.data)
    gapRole_AdvEnabled                       0x20002824   Data           1  peripheral.o(.data)
    gapRole_AdvEventType                     0x2000282c   Data           1  peripheral.o(.data)
    appTaskID                                0x200028ac   Data           1  gattservapp.o(.data)
    GATTServApp_TaskID                       0x200028ae   Data           1  gattservapp.o(.data)
    s_reboot_flg                             0x20002910   Data           1  ota_app_service.o(.data)
    s_ota_app                                0x20002911   Data           7  ota_app_service.o(.data)
    simpleProfileChar4Config                 0x20002994   Data           8  simplegattprofile.o(.data)
    simpleProfileChar6Config                 0x2000299c   Data           8  simplegattprofile.o(.data)
    SystemCoreClock                          0x20002b54   Data           4  system_armcm0.o(.data)
    llModeLast                               0x20002b58   Data           1  patch.o(.data)
    pGlobal_config                           0x20002b5c   Data           4  patch.o(.data)
    g_stop_scan_t0                           0x20002b60   Data           4  patch.o(.data)
    g_stop_scan_t1                           0x20002b64   Data           4  patch.o(.data)
    g_stop_scan_t1_err                       0x20002b68   Data           4  patch.o(.data)
    g_stop_scan_pending_ms                   0x20002b6c   Data           4  patch.o(.data)
    g_rfPhyClkSel                            0x20002b70   Data           1  patch.o(.data)
    g_chipMAddr                              0x20002b71   Data           7  flash_ext.o(.data)
    __stdout                                 0x20002b78   Data           4  stdout.o(.data)
    __microlib_freelist                      0x20002b7c   Data           4  mvars.o(.data)
    __microlib_freelist_initialised          0x20002b80   Data           4  mvars.o(.data)
    UserManualInfo                           0x20002bfe   Data          20  systems_parameters.o(.bss)
    OtaFile                                  0x20002c12   Data          20  systems_parameters.o(.bss)
    macAscii                                 0x20002c26   Data          12  systems_parameters.o(.bss)
    battInfo                                 0x20002c34   Data          52  command_center.o(.bss)
    displayParams                            0x20002c74   Data          52  display.o(.bss)
    color                                    0x20002cb8   Data          20  light.o(.bss)
    LedStruct                                0x20002ccc   Data          32  user_lighteffect.o(.bss)
    pcaDataStruct                            0x20002cec   Data          10  user_lighteffect.o(.bss)
    oriCustomizePwmDataStruct                0x20002cf6   Data          10  user_lighteffect.o(.bss)
    userColor                                0x20002d00   Data          20  user_lighteffect.o(.bss)
    deviceInfoParams                         0x20002d14   Data         142  user_flash.o(.bss)
    put_char                                 0x20003438   Data         120  my_printf.o(.bss)
    g_largeHeap                              0x20004568   Data        6144  main.o(.bss)
    llModeDbg                                0x20005d68   Data          16  patch.o(.bss)
    g_chipId                                 0x20005d78   Data          65  flash_ext.o(.bss)
    __heap_base                              0x20005dc0   Data           0  startup_armcm0.o(HEAP)
    __heap_limit                             0x20005ec0   Data           0  startup_armcm0.o(HEAP)
    __initial_sp                             0x200066c0   Data           0  startup_armcm0.o(STACK)



==============================================================================

Memory Map of the image

  Image Entry point : 0x1fff48c1

  Load Region LR_IROM1 (Base: 0x1fff4800, Size: 0x0000e384, Max: 0x0001b7ff, ABSOLUTE, COMPRESSED[0x0000df20])

    Execution Region ER_IROM1 (Exec base: 0x1fff4800, Load base: 0x1fff4800, Size: 0x00011ec0, Max: 0x0001b7ff, ABSOLUTE, COMPRESSED[0x0000024c])

    Exec Addr    Load Addr    Size         Type   Attr      Idx    E Section Name        Object

    0x1fff4800   0x1fff4800   0x000000c0   Data   RO         4322    RESET               startup_armcm0.o
    0x1fff48c0   0x1fff48c0   0x00000000   Code   RO         4564  * .ARM.Collect$$$$00000000  mc_p.l(entry.o)
    0x1fff48c0   0x1fff48c0   0x00000004   Code   RO         4904    .ARM.Collect$$$$00000001  mc_p.l(entry2.o)
    0x1fff48c4   0x1fff48c4   0x00000004   Code   RO         4907    .ARM.Collect$$$$00000004  mc_p.l(entry5.o)
    0x1fff48c8   0x1fff48c8   0x00000000   Code   RO         4909    .ARM.Collect$$$$00000008  mc_p.l(entry7b.o)
    0x1fff48c8   0x1fff48c8   0x00000000   Code   RO         4911    .ARM.Collect$$$$0000000A  mc_p.l(entry8b.o)
    0x1fff48c8   0x1fff48c8   0x00000008   Code   RO         4912    .ARM.Collect$$$$0000000B  mc_p.l(entry9a.o)
    0x1fff48d0   0x1fff48d0   0x00000000   Code   RO         4914    .ARM.Collect$$$$0000000D  mc_p.l(entry10a.o)
    0x1fff48d0   0x1fff48d0   0x00000000   Code   RO         4916    .ARM.Collect$$$$0000000F  mc_p.l(entry11a.o)
    0x1fff48d0   0x1fff48d0   0x00000004   Code   RO         4905    .ARM.Collect$$$$00002712  mc_p.l(entry2.o)
    0x1fff48d4   0x1fff48d4   0x0000001c   Code   RO         4323    .text               startup_armcm0.o
    0x1fff48f0   0x1fff48f0   0x00000024   Code   RO         4567    .text               mc_p.l(memcpya.o)
    0x1fff4914   0x1fff4914   0x00000024   Code   RO         4569    .text               mc_p.l(memseta.o)
    0x1fff4938   0x1fff4938   0x0000001a   Code   RO         4571    .text               mc_p.l(memcmp.o)
    0x1fff4952   0x1fff4952   0x00000014   Code   RO         4864    .text               mc_p.l(uread4.o)
    0x1fff4966   0x1fff4966   0x000000b2   Code   RO         4866    .text               mf_p.l(fadd.o)
    0x1fff4a18   0x1fff4a18   0x0000007a   Code   RO         4868    .text               mf_p.l(fmul.o)
    0x1fff4a92   0x1fff4a92   0x0000007c   Code   RO         4870    .text               mf_p.l(fdiv.o)
    0x1fff4b0e   0x1fff4b0e   0x00000018   Code   RO         4872    .text               mf_p.l(fscalb.o)
    0x1fff4b26   COMPRESSED   0x00000002   PAD
    0x1fff4b28   0x1fff4b28   0x00000164   Code   RO         4874    .text               mf_p.l(dadd.o)
    0x1fff4c8c   0x1fff4c8c   0x000000d0   Code   RO         4876    .text               mf_p.l(dmul.o)
    0x1fff4d5c   0x1fff4d5c   0x000000f0   Code   RO         4878    .text               mf_p.l(ddiv.o)
    0x1fff4e4c   0x1fff4e4c   0x0000002c   Code   RO         4880    .text               mf_p.l(dscalb.o)
    0x1fff4e78   0x1fff4e78   0x00000016   Code   RO         4882    .text               mf_p.l(fflti.o)
    0x1fff4e8e   0x1fff4e8e   0x0000000e   Code   RO         4884    .text               mf_p.l(ffltui.o)
    0x1fff4e9c   0x1fff4e9c   0x00000028   Code   RO         4886    .text               mf_p.l(dflti.o)
    0x1fff4ec4   0x1fff4ec4   0x0000001c   Code   RO         4888    .text               mf_p.l(dfltui.o)
    0x1fff4ee0   0x1fff4ee0   0x00000028   Code   RO         4890    .text               mf_p.l(ffixui.o)
    0x1fff4f08   0x1fff4f08   0x0000003c   Code   RO         4892    .text               mf_p.l(dfixui.o)
    0x1fff4f44   0x1fff4f44   0x00000028   Code   RO         4894    .text               mf_p.l(f2d.o)
    0x1fff4f6c   0x1fff4f6c   0x00000028   Code   RO         4896    .text               mf_p.l(cdcmple.o)
    0x1fff4f94   0x1fff4f94   0x00000038   Code   RO         4898    .text               mf_p.l(d2f.o)
    0x1fff4fcc   0x1fff4fcc   0x00000014   Code   RO         4900    .text               mf_p.l(cfcmple.o)
    0x1fff4fe0   0x1fff4fe0   0x00000014   Code   RO         4902    .text               mf_p.l(cfrcmple.o)
    0x1fff4ff4   0x1fff4ff4   0x00000060   Code   RO         4921    .text               mc_p.l(uldiv.o)
    0x1fff5054   0x1fff5054   0x00000020   Code   RO         4923    .text               mc_p.l(llshl.o)
    0x1fff5074   0x1fff5074   0x00000022   Code   RO         4925    .text               mc_p.l(llushr.o)
    0x1fff5096   0x1fff5096   0x00000026   Code   RO         4927    .text               mc_p.l(llsshr.o)
    0x1fff50bc   0x1fff50bc   0x00000000   Code   RO         4931    .text               mc_p.l(iusefp.o)
    0x1fff50bc   0x1fff50bc   0x00000082   Code   RO         4932    .text               mf_p.l(fepilogue.o)
    0x1fff513e   0x1fff513e   0x000000be   Code   RO         4934    .text               mf_p.l(depilogue.o)
    0x1fff51fc   0x1fff51fc   0x00000040   Code   RO         4938    .text               mf_p.l(dfixul.o)
    0x1fff523c   0x1fff523c   0x00000028   Code   RO         4940    .text               mf_p.l(cdrcmple.o)
    0x1fff5264   0x1fff5264   0x00000024   Code   RO         4942    .text               mc_p.l(init.o)
    0x1fff5288   0x1fff5288   0x00000000   Code   RO         4944    .text               mc_p.l(semi.o)
    0x1fff5288   0x1fff5288   0x00000000   Code   RO         4945    .text               mc_p.l(iusesemip.o)
    0x1fff5288   0x1fff5288   0x00000056   Code   RO         4954    .text               mc_p.l(__dczerorl2.o)
    0x1fff52de   COMPRESSED   0x00000002   PAD
    0x1fff52e0   0x1fff52e0   0x0000000c   Ven    RO         4956    Veneer$$Code        anon$$obj.o
    0x1fff52ec   0x1fff52ec   0x0000000c   Ven    RO         4957    Veneer$$Code        anon$$obj.o
    0x1fff52f8   0x1fff52f8   0x0000000c   Ven    RO         4958    Veneer$$Code        anon$$obj.o
    0x1fff5304   0x1fff5304   0x0000000c   Ven    RO         4959    Veneer$$Code        anon$$obj.o
    0x1fff5310   0x1fff5310   0x0000000c   Ven    RO         4960    Veneer$$Code        anon$$obj.o
    0x1fff531c   0x1fff531c   0x0000000c   Ven    RO         4961    Veneer$$Code        anon$$obj.o
    0x1fff5328   0x1fff5328   0x0000000c   Ven    RO         4962    Veneer$$Code        anon$$obj.o
    0x1fff5334   0x1fff5334   0x0000000c   Ven    RO         4963    Veneer$$Code        anon$$obj.o
    0x1fff5340   0x1fff5340   0x0000000c   Ven    RO         4964    Veneer$$Code        anon$$obj.o
    0x1fff534c   0x1fff534c   0x0000000c   Ven    RO         4965    Veneer$$Code        anon$$obj.o
    0x1fff5358   0x1fff5358   0x0000000c   Ven    RO         4966    Veneer$$Code        anon$$obj.o
    0x1fff5364   0x1fff5364   0x0000000c   Ven    RO         4967    Veneer$$Code        anon$$obj.o
    0x1fff5370   0x1fff5370   0x0000000c   Ven    RO         4968    Veneer$$Code        anon$$obj.o
    0x1fff537c   0x1fff537c   0x0000000c   Ven    RO         4969    Veneer$$Code        anon$$obj.o
    0x1fff5388   0x1fff5388   0x0000000c   Ven    RO         4970    Veneer$$Code        anon$$obj.o
    0x1fff5394   0x1fff5394   0x0000000c   Ven    RO         4971    Veneer$$Code        anon$$obj.o
    0x1fff53a0   0x1fff53a0   0x0000000c   Ven    RO         4972    Veneer$$Code        anon$$obj.o
    0x1fff53ac   0x1fff53ac   0x0000000c   Ven    RO         4973    Veneer$$Code        anon$$obj.o
    0x1fff53b8   0x1fff53b8   0x0000000c   Ven    RO         4974    Veneer$$Code        anon$$obj.o
    0x1fff53c4   0x1fff53c4   0x0000000c   Ven    RO         4975    Veneer$$Code        anon$$obj.o
    0x1fff53d0   0x1fff53d0   0x0000000c   Ven    RO         4976    Veneer$$Code        anon$$obj.o
    0x1fff53dc   0x1fff53dc   0x0000000c   Ven    RO         4977    Veneer$$Code        anon$$obj.o
    0x1fff53e8   0x1fff53e8   0x0000000c   Ven    RO         4978    Veneer$$Code        anon$$obj.o
    0x1fff53f4   0x1fff53f4   0x0000000c   Ven    RO         4979    Veneer$$Code        anon$$obj.o
    0x1fff5400   0x1fff5400   0x0000000c   Ven    RO         4980    Veneer$$Code        anon$$obj.o
    0x1fff540c   0x1fff540c   0x0000000c   Ven    RO         4981    Veneer$$Code        anon$$obj.o
    0x1fff5418   0x1fff5418   0x0000000c   Ven    RO         4982    Veneer$$Code        anon$$obj.o
    0x1fff5424   0x1fff5424   0x0000000c   Ven    RO         4983    Veneer$$Code        anon$$obj.o
    0x1fff5430   0x1fff5430   0x0000000c   Ven    RO         4984    Veneer$$Code        anon$$obj.o
    0x1fff543c   0x1fff543c   0x0000000c   Ven    RO         4985    Veneer$$Code        anon$$obj.o
    0x1fff5448   0x1fff5448   0x0000000c   Ven    RO         4986    Veneer$$Code        anon$$obj.o
    0x1fff5454   0x1fff5454   0x0000000c   Ven    RO         4987    Veneer$$Code        anon$$obj.o
    0x1fff5460   0x1fff5460   0x0000000c   Ven    RO         4988    Veneer$$Code        anon$$obj.o
    0x1fff546c   0x1fff546c   0x0000000c   Ven    RO         4989    Veneer$$Code        anon$$obj.o
    0x1fff5478   0x1fff5478   0x0000000c   Ven    RO         4990    Veneer$$Code        anon$$obj.o
    0x1fff5484   0x1fff5484   0x0000000c   Ven    RO         4991    Veneer$$Code        anon$$obj.o
    0x1fff5490   0x1fff5490   0x0000000c   Ven    RO         4992    Veneer$$Code        anon$$obj.o
    0x1fff549c   0x1fff549c   0x0000000c   Ven    RO         4993    Veneer$$Code        anon$$obj.o
    0x1fff54a8   0x1fff54a8   0x0000000c   Ven    RO         4994    Veneer$$Code        anon$$obj.o
    0x1fff54b4   0x1fff54b4   0x0000000c   Ven    RO         4995    Veneer$$Code        anon$$obj.o
    0x1fff54c0   0x1fff54c0   0x0000000c   Ven    RO         4996    Veneer$$Code        anon$$obj.o
    0x1fff54cc   0x1fff54cc   0x0000000c   Ven    RO         4997    Veneer$$Code        anon$$obj.o
    0x1fff54d8   0x1fff54d8   0x0000000c   Ven    RO         4998    Veneer$$Code        anon$$obj.o
    0x1fff54e4   0x1fff54e4   0x0000000c   Ven    RO         4999    Veneer$$Code        anon$$obj.o
    0x1fff54f0   0x1fff54f0   0x0000000c   Ven    RO         5000    Veneer$$Code        anon$$obj.o
    0x1fff54fc   0x1fff54fc   0x0000000c   Ven    RO         5001    Veneer$$Code        anon$$obj.o
    0x1fff5508   0x1fff5508   0x0000000c   Ven    RO         5002    Veneer$$Code        anon$$obj.o
    0x1fff5514   0x1fff5514   0x0000000c   Ven    RO         5003    Veneer$$Code        anon$$obj.o
    0x1fff5520   0x1fff5520   0x0000000c   Ven    RO         5004    Veneer$$Code        anon$$obj.o
    0x1fff552c   0x1fff552c   0x0000000c   Ven    RO         5005    Veneer$$Code        anon$$obj.o
    0x1fff5538   0x1fff5538   0x0000000c   Ven    RO         5006    Veneer$$Code        anon$$obj.o
    0x1fff5544   0x1fff5544   0x0000000c   Ven    RO         5007    Veneer$$Code        anon$$obj.o
    0x1fff5550   0x1fff5550   0x0000000c   Ven    RO         5008    Veneer$$Code        anon$$obj.o
    0x1fff555c   0x1fff555c   0x0000000c   Ven    RO         5009    Veneer$$Code        anon$$obj.o
    0x1fff5568   0x1fff5568   0x0000000c   Ven    RO         5010    Veneer$$Code        anon$$obj.o
    0x1fff5574   0x1fff5574   0x0000000c   Ven    RO         5011    Veneer$$Code        anon$$obj.o
    0x1fff5580   0x1fff5580   0x0000000c   Ven    RO         5012    Veneer$$Code        anon$$obj.o
    0x1fff558c   0x1fff558c   0x0000000c   Ven    RO         5013    Veneer$$Code        anon$$obj.o
    0x1fff5598   0x1fff5598   0x0000000c   Ven    RO         5014    Veneer$$Code        anon$$obj.o
    0x1fff55a4   0x1fff55a4   0x0000000c   Ven    RO         5015    Veneer$$Code        anon$$obj.o
    0x1fff55b0   0x1fff55b0   0x0000000c   Ven    RO         5016    Veneer$$Code        anon$$obj.o
    0x1fff55bc   0x1fff55bc   0x0000000c   Ven    RO         5017    Veneer$$Code        anon$$obj.o
    0x1fff55c8   0x1fff55c8   0x0000000c   Ven    RO         5018    Veneer$$Code        anon$$obj.o
    0x1fff55d4   0x1fff55d4   0x0000000c   Ven    RO         5019    Veneer$$Code        anon$$obj.o
    0x1fff55e0   0x1fff55e0   0x0000000c   Ven    RO         5020    Veneer$$Code        anon$$obj.o
    0x1fff55ec   0x1fff55ec   0x0000000c   Ven    RO         5021    Veneer$$Code        anon$$obj.o
    0x1fff55f8   0x1fff55f8   0x0000000c   Ven    RO         5022    Veneer$$Code        anon$$obj.o
    0x1fff5604   0x1fff5604   0x0000000c   Ven    RO         5023    Veneer$$Code        anon$$obj.o
    0x1fff5610   0x1fff5610   0x0000000c   Ven    RO         5024    Veneer$$Code        anon$$obj.o
    0x1fff561c   0x1fff561c   0x0000000c   Ven    RO         5025    Veneer$$Code        anon$$obj.o
    0x1fff5628   0x1fff5628   0x0000000c   Ven    RO         5026    Veneer$$Code        anon$$obj.o
    0x1fff5634   0x1fff5634   0x0000000c   Ven    RO         5027    Veneer$$Code        anon$$obj.o
    0x1fff5640   0x1fff5640   0x0000000c   Ven    RO         5028    Veneer$$Code        anon$$obj.o
    0x1fff564c   0x1fff564c   0x0000000c   Ven    RO         5029    Veneer$$Code        anon$$obj.o
    0x1fff5658   0x1fff5658   0x0000000c   Ven    RO         5030    Veneer$$Code        anon$$obj.o
    0x1fff5664   0x1fff5664   0x0000000c   Ven    RO         5031    Veneer$$Code        anon$$obj.o
    0x1fff5670   0x1fff5670   0x0000000c   Ven    RO         5032    Veneer$$Code        anon$$obj.o
    0x1fff567c   0x1fff567c   0x0000000c   Ven    RO         5033    Veneer$$Code        anon$$obj.o
    0x1fff5688   0x1fff5688   0x0000000c   Ven    RO         5034    Veneer$$Code        anon$$obj.o
    0x1fff5694   0x1fff5694   0x0000000c   Ven    RO         5035    Veneer$$Code        anon$$obj.o
    0x1fff56a0   0x1fff56a0   0x0000000c   Ven    RO         5036    Veneer$$Code        anon$$obj.o
    0x1fff56ac   0x1fff56ac   0x0000000c   Ven    RO         5037    Veneer$$Code        anon$$obj.o
    0x1fff56b8   0x1fff56b8   0x0000000c   Ven    RO         5038    Veneer$$Code        anon$$obj.o
    0x1fff56c4   0x1fff56c4   0x0000000c   Ven    RO         5039    Veneer$$Code        anon$$obj.o
    0x1fff56d0   0x1fff56d0   0x0000000c   Ven    RO         5040    Veneer$$Code        anon$$obj.o
    0x1fff56dc   0x1fff56dc   0x0000000c   Ven    RO         5041    Veneer$$Code        anon$$obj.o
    0x1fff56e8   0x1fff56e8   0x0000000c   Ven    RO         5042    Veneer$$Code        anon$$obj.o
    0x1fff56f4   0x1fff56f4   0x0000000c   Ven    RO         5043    Veneer$$Code        anon$$obj.o
    0x1fff5700   0x1fff5700   0x0000000c   Ven    RO         5044    Veneer$$Code        anon$$obj.o
    0x1fff570c   0x1fff570c   0x0000000c   Ven    RO         5045    Veneer$$Code        anon$$obj.o
    0x1fff5718   0x1fff5718   0x00000030   Code   RO         1684    i.BCD2ASC           user_utils.o
    0x1fff5748   0x1fff5748   0x00000024   Code   RO         3145    i.Batt_AddService   battservice.o
    0x1fff576c   0x1fff576c   0x000000d8   Code   RO          508    i.CCS_DATATRANSFER_PROCESS  command_center.o
    0x1fff5844   0x1fff5844   0x00000284   Code   RO          509    i.CCS_EventsPro_TestMode  command_center.o
    0x1fff5ac8   0x1fff5ac8   0x00000010   Code   RO          511    i.CCS_GET_ChargeStatus  command_center.o
    0x1fff5ad8   0x1fff5ad8   0x00000054   Code   RO          514    i.CCS_NotifyStatus  command_center.o
    0x1fff5b2c   0x1fff5b2c   0x00000004   Code   RO          515    i.CCS_SIMPLEGATT_DATA_PROCESS  command_center.o
    0x1fff5b30   0x1fff5b30   0x000000d0   Code   RO          516    i.CCS_Systems_off   command_center.o
    0x1fff5c00   0x1fff5c00   0x00000158   Code   RO          517    i.CCS_Systems_on    command_center.o
    0x1fff5d58   0x1fff5d58   0x000002cc   Code   RO          518    i.CCS_keysChange_handle  command_center.o
    0x1fff6024   0x1fff6024   0x00000018   Code   RO         3239    i.DevInfo_AddService  devinfoservice.o
    0x1fff603c   0x1fff603c   0x00000140   Code   RO         3473    i.GAPBondMgr_LinkEst  gapbondmgr.o
    0x1fff617c   0x1fff617c   0x000000b4   Code   RO         3478    i.GAPBondMgr_ResolveAddr  gapbondmgr.o
    0x1fff6230   0x1fff6230   0x000000e8   Code   RO         3369    i.GAPRole_GetParameter  peripheral.o
    0x1fff6318   0x1fff6318   0x00000044   Code   RO         3370    i.GAPRole_Init      peripheral.o
    0x1fff635c   0x1fff635c   0x000000f4   Code   RO         3371    i.GAPRole_ProcessEvent  peripheral.o
    0x1fff6450   0x1fff6450   0x00000058   Code   RO         3373    i.GAPRole_SendUpdateParam  peripheral.o
    0x1fff64a8   0x1fff64a8   0x00000214   Code   RO         3374    i.GAPRole_SetParameter  peripheral.o
    0x1fff66bc   0x1fff66bc   0x00000038   Code   RO         3375    i.GAPRole_StartDevice  peripheral.o
    0x1fff66f4   0x1fff66f4   0x00000020   Code   RO         3376    i.GAPRole_TerminateConnection  peripheral.o
    0x1fff6714   0x1fff6714   0x0000003e   Code   RO         3450    i.GAP_DeviceInit    gap.o
    0x1fff6752   0x1fff6752   0x00000050   Code   RO          193    i.GAP_GetConnetInt  blesmartperipheral.o
    0x1fff67a2   0x1fff67a2   0x0000005a   Code   RO          194    i.GAP_GetadvInt     blesmartperipheral.o
    0x1fff67fc   0x1fff67fc   0x00000022   Code   RO         3647    i.GATTServApp_FindAttr  gattservapp.o
    0x1fff681e   COMPRESSED   0x00000002   PAD
    0x1fff6820   0x1fff6820   0x0000004c   Code   RO         3650    i.GATTServApp_Init  gattservapp.o
    0x1fff686c   0x1fff686c   0x00000030   Code   RO         3651    i.GATTServApp_InitCharCfg  gattservapp.o
    0x1fff689c   0x1fff689c   0x00000058   Code   RO         3652    i.GATTServApp_ProcessCCCWriteReq  gattservapp.o
    0x1fff68f4   0x1fff68f4   0x00000094   Code   RO         3653    i.GATTServApp_ProcessCharCfg  gattservapp.o
    0x1fff6988   0x1fff6988   0x00000038   Code   RO         3654    i.GATTServApp_ProcessEvent  gattservapp.o
    0x1fff69c0   0x1fff69c0   0x00000228   Code   RO         3655    i.GATTServApp_ReadAttr  gattservapp.o
    0x1fff6be8   0x1fff6be8   0x0000000e   Code   RO         3656    i.GATTServApp_ReadCharCfg  gattservapp.o
    0x1fff6bf6   COMPRESSED   0x00000002   PAD
    0x1fff6bf8   0x1fff6bf8   0x0000005c   Code   RO         3658    i.GATTServApp_RegisterService  gattservapp.o
    0x1fff6c54   0x1fff6c54   0x00000038   Code   RO         3659    i.GATTServApp_SendCCCUpdatedEvent  gattservapp.o
    0x1fff6c8c   0x1fff6c8c   0x00000024   Code   RO         3660    i.GATTServApp_SendServiceChangedInd  gattservapp.o
    0x1fff6cb0   0x1fff6cb0   0x00000018   Code   RO         3663    i.GATTServApp_UpdateCharCfg  gattservapp.o
    0x1fff6cc8   0x1fff6cc8   0x00000042   Code   RO         3664    i.GATTServApp_WriteAttr  gattservapp.o
    0x1fff6d0a   COMPRESSED   0x00000002   PAD
    0x1fff6d0c   0x1fff6d0c   0x0000002c   Code   RO         3665    i.GATTServApp_WriteCharCfg  gattservapp.o
    0x1fff6d38   0x1fff6d38   0x00000020   Code   RO         3289    i.GGS_AddService    gapgattserver.o
    0x1fff6d58   0x1fff6d58   0x00000088   Code   RO         3295    i.GGS_SetParameter  gapgattserver.o
    0x1fff6de0   0x1fff6de0   0x0000000c   Code   RO          195    i.GetgapProfileState  blesmartperipheral.o
    0x1fff6dec   0x1fff6dec   0x00000012   Code   RO          519    i.HW_RESET_MCU      command_center.o
    0x1fff6dfe   COMPRESSED   0x00000002   PAD
    0x1fff6e00   0x1fff6e00   0x00000150   Code   RO         4364    i.LL_SetScanControl1  rf.lib(patch.o)
    0x1fff6f50   0x1fff6f50   0x00000004   Code   RO          825    i.OLED_ShowNum      display.o
    0x1fff6f54   0x1fff6f54   0x00000002   Code   RO          826    i.OLED_ShowString   display.o
    0x1fff6f56   COMPRESSED   0x00000002   PAD
    0x1fff6f58   0x1fff6f58   0x000000a8   Code   RO         4483    i.ProgramWord       rf.lib(flash_ext.o)
    0x1fff7000   0x1fff7000   0x0000003c   Code   RO         3938    i.SimpleProfile_AddService  simplegattprofile.o
    0x1fff703c   0x1fff703c   0x00000050   Code   RO         3939    i.SimpleProfile_GetParameter  simplegattprofile.o
    0x1fff708c   0x1fff708c   0x00000014   Code   RO         3940    i.SimpleProfile_RegisterAppCBs  simplegattprofile.o
    0x1fff70a0   0x1fff70a0   0x000000b8   Code   RO         3941    i.SimpleProfile_SetParameter  simplegattprofile.o
    0x1fff7158   0x1fff7158   0x00000010   Code   RO         4330    i.SystemInit        system_armcm0.o
    0x1fff7168   0x1fff7168   0x00000064   Code   RO          330    i.UserInfo_NotifyStatus  systems_parameters.o
    0x1fff71cc   0x1fff71cc   0x00000012   Code   RO         2081    i.WaitMs            common.o
    0x1fff71de   COMPRESSED   0x00000002   PAD
    0x1fff71e0   0x1fff71e0   0x0000002c   Code   RO         2082    i.WaitRTCCount      common.o
    0x1fff720c   0x1fff720c   0x00000028   Code   RO         3100    i.Watchdog_ProcessEvent  watchdog.o
    0x1fff7234   0x1fff7234   0x00000020   Code   RO         4808    i.__0printf         mc_p.l(printfa.o)
    0x1fff7254   0x1fff7254   0x00000028   Code   RO         4810    i.__0sprintf        mc_p.l(printfa.o)
    0x1fff727c   0x1fff727c   0x0000002e   Code   RO         4936    i.__ARM_clz         mf_p.l(depilogue.o)
    0x1fff72aa   COMPRESSED   0x00000002   PAD
    0x1fff72ac   0x1fff72ac   0x00000018   Code   RO         2210    i.__NVIC_EnableIRQ  gpio.o
    0x1fff72c4   0x1fff72c4   0x00000044   Code   RO         2211    i.__NVIC_SetPriority  gpio.o
    0x1fff7308   0x1fff7308   0x00000044   Code   RO         2844    i.__NVIC_SetPriority  spi.o
    0x1fff734c   0x1fff734c   0x00000044   Code   RO         4194    i.__NVIC_SetPriority  main.o
    0x1fff7390   0x1fff7390   0x0000001c   Code   RO          331    i.__NVIC_SystemReset  systems_parameters.o
    0x1fff73ac   0x1fff73ac   0x0000001c   Code   RO         3876    i.__NVIC_SystemReset  ota_app_service.o
    0x1fff73c8   0x1fff73c8   0x0000000e   Code   RO         4948    i.__scatterload_copy  mc_p.l(handlers.o)
    0x1fff73d6   0x1fff73d6   0x00000002   Code   RO         4949    i.__scatterload_null  mc_p.l(handlers.o)
    0x1fff73d8   0x1fff73d8   0x0000000e   Code   RO         4950    i.__scatterload_zeroinit  mc_p.l(handlers.o)
    0x1fff73e6   COMPRESSED   0x00000002   PAD
    0x1fff73e8   0x1fff73e8   0x00000174   Code   RO         4815    i._fp_digits        mc_p.l(printfa.o)
    0x1fff755c   0x1fff755c   0x000006ec   Code   RO         4816    i._printf_core      mc_p.l(printfa.o)
    0x1fff7c48   0x1fff7c48   0x00000020   Code   RO         4817    i._printf_post_padding  mc_p.l(printfa.o)
    0x1fff7c68   0x1fff7c68   0x0000002c   Code   RO         4818    i._printf_pre_padding  mc_p.l(printfa.o)
    0x1fff7c94   0x1fff7c94   0x0000000a   Code   RO         4820    i._sputc            mc_p.l(printfa.o)
    0x1fff7c9e   COMPRESSED   0x00000002   PAD
    0x1fff7ca0   0x1fff7ca0   0x00000018   Code   RO         2583    i.adc_wakeup_hdl    adc.o
    0x1fff7cb8   0x1fff7cb8   0x00000014   Code   RO            1    i.app_main          blesmartperipheral_main.o
    0x1fff7ccc   0x1fff7ccc   0x00000036   Code   RO         4366    i.arry_sort         rf.lib(patch.o)
    0x1fff7d02   COMPRESSED   0x00000002   PAD
    0x1fff7d04   0x1fff7d04   0x00000038   Code   RO         3151    i.battMeasure       battservice.o
    0x1fff7d3c   0x1fff7d3c   0x000000a4   Code   RO         3153    i.battReadAttrCB    battservice.o
    0x1fff7de0   0x1fff7de0   0x00000240   Code   RO          520    i.battVoltCompensation  command_center.o
    0x1fff8020   0x1fff8020   0x0000005c   Code   RO         3154    i.battWriteAttrCB   battservice.o
    0x1fff807c   0x1fff807c   0x0000001c   Code   RO          422    i.batt_RegisterCBs_Value  battery.o
    0x1fff8098   0x1fff8098   0x00000094   Code   RO          423    i.batt_adc_evt      battery.o
    0x1fff812c   0x1fff812c   0x000000ac   Code   RO          424    i.batt_adc_init     battery.o
    0x1fff81d8   0x1fff81d8   0x00000068   Code   RO          425    i.batt_cal          battery.o
    0x1fff8240   0x1fff8240   0x0000000c   Code   RO          426    i.batt_get_percent  battery.o
    0x1fff824c   0x1fff824c   0x0000000c   Code   RO          427    i.batt_get_voltage  battery.o
    0x1fff8258   0x1fff8258   0x00000018   Code   RO          428    i.batt_init         battery.o
    0x1fff8270   0x1fff8270   0x00000008   Code   RO          429    i.batt_measure      battery.o
    0x1fff8278   0x1fff8278   0x000000e4   Code   RO          827    i.batterDisplay     display.o
    0x1fff835c   0x1fff835c   0x00000170   Code   RO          196    i.bleSmartPeripheral_Init  blesmartperipheral.o
    0x1fff84cc   0x1fff84cc   0x00000048   Code   RO          197    i.bleSmartPeripheral_ProcessEvent  blesmartperipheral.o
    0x1fff8514   0x1fff8514   0x00000400   Code   RO         1726    i.calcRemainTime    user_remaintimer.o
    0x1fff8914   0x1fff8914   0x00000020   Code   RO         1265    i.checkFlashLoopOver  user_lighteffect.o
    0x1fff8934   0x1fff8934   0x00000020   Code   RO         4488    i.check_chip_id     rf.lib(flash_ext.o)
    0x1fff8954   0x1fff8954   0x00000020   Code   RO         4489    i.check_chip_mAddr  rf.lib(flash_ext.o)
    0x1fff8974   0x1fff8974   0x00000028   Code   RO         4490    i.check_internal_bus_busy  rf.lib(flash_ext.o)
    0x1fff899c   0x1fff899c   0x0000006c   Code   RO         4491    i.chip_id_one_bit_hot_convter  rf.lib(flash_ext.o)
    0x1fff8a08   0x1fff8a08   0x00000114   Code   RO          521    i.chkLightEffectModeVoltCompensation  command_center.o
    0x1fff8b1c   0x1fff8b1c   0x00000010   Code   RO         2584    i.clear_adcc_cfg    adc.o
    0x1fff8b2c   0x1fff8b2c   0x00000014   Code   RO         1886    i.clk_gate_disable  clock.o
    0x1fff8b40   0x1fff8b40   0x00000014   Code   RO         1887    i.clk_gate_enable   clock.o
    0x1fff8b54   0x1fff8b54   0x0000000c   Code   RO         1889    i.clk_pclk          clock.o
    0x1fff8b60   0x1fff8b60   0x00000016   Code   RO         1890    i.clk_reset         clock.o
    0x1fff8b76   COMPRESSED   0x00000002   PAD
    0x1fff8b78   0x1fff8b78   0x000000b0   Code   RO          522    i.command_center_Init  command_center.o
    0x1fff8c28   0x1fff8c28   0x000005c8   Code   RO          523    i.command_center_ProcessEvent  command_center.o
    0x1fff91f0   0x1fff91f0   0x00000050   Code   RO         1266    i.coolUpdateByCoe   user_lighteffect.o
    0x1fff9240   0x1fff9240   0x0000005c   Code   RO         1267    i.customizeFlashCbfunc  user_lighteffect.o
    0x1fff929c   0x1fff929c   0x00000050   Code   RO         1268    i.customizeFlashEffect  user_lighteffect.o
    0x1fff92ec   0x1fff92ec   0x00000008   Code   RO         1269    i.customizeFlashEndCbfunc  user_lighteffect.o
    0x1fff92f4   0x1fff92f4   0x00000088   Code   RO         1270    i.customizeGradualEffect  user_lighteffect.o
    0x1fff937c   0x1fff937c   0x00000104   Code   RO         1271    i.customizeGrdualCbfunc  user_lighteffect.o
    0x1fff9480   0x1fff9480   0x00000058   Code   RO         1272    i.customizeGrdualEndCbfunc  user_lighteffect.o
    0x1fff94d8   0x1fff94d8   0x00000088   Code   RO         3240    i.devInfo_ReadAttrCB  devinfoservice.o
    0x1fff9560   0x1fff9560   0x00000020   Code   RO         4493    i.disable_spif_flash_write  rf.lib(flash_ext.o)
    0x1fff9580   0x1fff9580   0x00000002   Code   RO          829    i.displayFactoryInfo  display.o
    0x1fff9582   COMPRESSED   0x00000002   PAD
    0x1fff9584   0x1fff9584   0x00000048   Code   RO          830    i.displayFloat      display.o
    0x1fff95cc   0x1fff95cc   0x000001c0   Code   RO          831    i.displaySystemMenu  display.o
    0x1fff978c   0x1fff978c   0x00000060   Code   RO          832    i.display_Init      display.o
    0x1fff97ec   0x1fff97ec   0x00000020   Code   RO         4494    i.enable_spif_flash_write  rf.lib(flash_ext.o)
    0x1fff980c   0x1fff980c   0x0000004c   Code   RO          524    i.entryBurnInTest   command_center.o
    0x1fff9858   0x1fff9858   0x000000b4   Code   RO          525    i.entryFactoryMode  command_center.o
    0x1fff990c   0x1fff990c   0x00000020   Code   RO          526    i.factoryModeColorTempOn  command_center.o
    0x1fff992c   0x1fff992c   0x00000024   Code   RO          527    i.factoryModeRGBOn  command_center.o
    0x1fff9950   0x1fff9950   0x0000051c   Code   RO         1273    i.fireProcess       user_lighteffect.o
    0x1fff9e6c   0x1fff9e6c   0x00000074   Code   RO         1274    i.flashMode2StyleAfunc  user_lighteffect.o
    0x1fff9ee0   0x1fff9ee0   0x0000005c   Code   RO         2782    i.flash_erase_ucds  flash.o
    0x1fff9f3c   0x1fff9f3c   0x0000001c   Code   RO         2784    i.flash_read_ucds   flash.o
    0x1fff9f58   0x1fff9f58   0x00000084   Code   RO         2786    i.flash_read_ucds_block_byte  flash.o
    0x1fff9fdc   0x1fff9fdc   0x00000050   Code   RO         4496    i.flash_sector_erase  rf.lib(flash_ext.o)
    0x1fffa02c   0x1fffa02c   0x00000034   Code   RO         2787    i.flash_write_ucds  flash.o
    0x1fffa060   0x1fffa060   0x00000084   Code   RO         2789    i.flash_write_ucds_block_byte  flash.o
    0x1fffa0e4   0x1fffa0e4   0x00000012   Code   RO         4918    i.fputc             mc_p.l(fputc.o)
    0x1fffa0f6   COMPRESSED   0x00000002   PAD
    0x1fffa0f8   0x1fffa0f8   0x00000054   Code   RO         4836    i.free              mc_p.l(malloc.o)
    0x1fffa14c   0x1fffa14c   0x00000098   Code   RO         1727    i.freshRemainTimeCheck  user_remaintimer.o
    0x1fffa1e4   0x1fffa1e4   0x00000030   Code   RO         3489    i.gapBondMgrFindAddr  gapbondmgr.o
    0x1fffa214   0x1fffa214   0x00000036   Code   RO         3491    i.gapBondMgrGetPublicAddr  gapbondmgr.o
    0x1fffa24a   0x1fffa24a   0x0000001c   Code   RO         3492    i.gapBondMgrInvertCharCfgItem  gapbondmgr.o
    0x1fffa266   COMPRESSED   0x00000002   PAD
    0x1fffa268   0x1fffa268   0x000001f4   Code   RO         3377    i.gapRole_ProcessGAPMsg  peripheral.o
    0x1fffa45c   0x1fffa45c   0x000000b0   Code   RO         3378    i.gapRole_ProcessOSALMsg  peripheral.o
    0x1fffa50c   0x1fffa50c   0x00000058   Code   RO         3379    i.gapRole_startConnUpdate  peripheral.o
    0x1fffa564   0x1fffa564   0x0000000e   Code   RO         3666    i.gattServApp_FindAuthorizeAttrCB  gattservapp.o
    0x1fffa572   0x1fffa572   0x0000001c   Code   RO         3667    i.gattServApp_FindCharCfgItem  gattservapp.o
    0x1fffa58e   COMPRESSED   0x00000002   PAD
    0x1fffa590   0x1fffa590   0x00000024   Code   RO         3668    i.gattServApp_FindPrepareWriteQ  gattservapp.o
    0x1fffa5b4   0x1fffa5b4   0x00000020   Code   RO         3669    i.gattServApp_FindServiceCBs  gattservapp.o
    0x1fffa5d4   0x1fffa5d4   0x0000005c   Code   RO         3670    i.gattServApp_HandleConnStatusCB  gattservapp.o
    0x1fffa630   0x1fffa630   0x00000088   Code   RO         3671    i.gattServApp_ProcessExecuteWriteReq  gattservapp.o
    0x1fffa6b8   0x1fffa6b8   0x000000f0   Code   RO         3672    i.gattServApp_ProcessFindByTypeValueReq  gattservapp.o
    0x1fffa7a8   0x1fffa7a8   0x00000164   Code   RO         3673    i.gattServApp_ProcessMsg  gattservapp.o
    0x1fffa90c   0x1fffa90c   0x000000a4   Code   RO         3674    i.gattServApp_ProcessPrepareWriteReq  gattservapp.o
    0x1fffa9b0   0x1fffa9b0   0x00000138   Code   RO         3675    i.gattServApp_ProcessReadByGrpTypeReq  gattservapp.o
    0x1fffaae8   0x1fffaae8   0x00000118   Code   RO         3676    i.gattServApp_ProcessReadByTypeReq  gattservapp.o
    0x1fffac00   0x1fffac00   0x000000c8   Code   RO         3677    i.gattServApp_ProcessReadMultiReq  gattservapp.o
    0x1fffacc8   0x1fffacc8   0x0000007a   Code   RO         3678    i.gattServApp_ProcessWriteReq  gattservapp.o
    0x1fffad42   COMPRESSED   0x00000002   PAD
    0x1fffad44   0x1fffad44   0x00000078   Code   RO         3680    i.gattServApp_SetNumPrepareWrites  gattservapp.o
    0x1fffadbc   0x1fffadbc   0x0000000c   Code   RO         2585    i.getAdcStts        adc.o
    0x1fffadc8   0x1fffadc8   0x00000018   Code   RO          430    i.getBattPercentByVolt  battery.o
    0x1fffade0   0x1fffade0   0x000000bc   Code   RO          431    i.getBattPercentByVoltMv  battery.o
    0x1fffae9c   0x1fffae9c   0x000000e8   Code   RO          528    i.getChargingCurrentByVolt  command_center.o
    0x1fffaf84   0x1fffaf84   0x0000000c   Code   RO          529    i.getCompensationVolt  command_center.o
    0x1fffaf90   0x1fffaf90   0x0000000c   Code   RO         1099    i.getLightStts      light.o
    0x1fffaf9c   0x1fffaf9c   0x0000000c   Code   RO          530    i.getSysStatus      command_center.o
    0x1fffafa8   0x1fffafa8   0x00000024   Code   RO          332    i.getSystemId       systems_parameters.o
    0x1fffafcc   0x1fffafcc   0x0000000c   Code   RO          531    i.getSystemStts     command_center.o
    0x1fffafd8   0x1fffafd8   0x000000c2   Code   RO         3296    i.ggs_ReadAttrCB    gapgattserver.o
    0x1fffb09a   0x1fffb09a   0x00000058   Code   RO         3297    i.ggs_SetAttrWPermit  gapgattserver.o
    0x1fffb0f2   COMPRESSED   0x00000002   PAD
    0x1fffb0f4   0x1fffb0f4   0x000000e4   Code   RO         3298    i.ggs_WriteAttrCB   gapgattserver.o
    0x1fffb1d8   0x1fffb1d8   0x00000028   Code   RO         2212    i.gpio_interrupt_disable  gpio.o
    0x1fffb200   0x1fffb200   0x0000003c   Code   RO         2213    i.gpio_interrupt_enable  gpio.o
    0x1fffb23c   0x1fffb23c   0x00000028   Code   RO         2214    i.gpio_pin0to3_pin31to34_control  gpio.o
    0x1fffb264   0x1fffb264   0x00000044   Code   RO         2215    i.gpio_sleep_handler  gpio.o
    0x1fffb2a8   0x1fffb2a8   0x0000005c   Code   RO         2216    i.gpio_wakeup_handler  gpio.o
    0x1fffb304   0x1fffb304   0x00000068   Code   RO         2217    i.gpioin_event      gpio.o
    0x1fffb36c   0x1fffb36c   0x00000024   Code   RO         2218    i.gpioin_event_pin  gpio.o
    0x1fffb390   0x1fffb390   0x000000cc   Code   RO         2586    i.hal_ADC_IRQHandler  adc.o
    0x1fffb45c   0x1fffb45c   0x00000018   Code   RO         2219    i.hal_GPIO_IRQHandler  gpio.o
    0x1fffb474   0x1fffb474   0x00000038   Code   RO         2845    i.hal_SPI0_IRQHandler  spi.o
    0x1fffb4ac   0x1fffb4ac   0x00000038   Code   RO         2846    i.hal_SPI1_IRQHandler  spi.o
    0x1fffb4e4   0x1fffb4e4   0x00000040   Code   RO         2437    i.hal_UART0_IRQHandler  uart.o
    0x1fffb524   0x1fffb524   0x00000270   Code   RO         2588    i.hal_adc_config_channel  adc.o
    0x1fffb794   0x1fffb794   0x00000020   Code   RO         2589    i.hal_adc_init      adc.o
    0x1fffb7b4   0x1fffb7b4   0x0000004c   Code   RO         2590    i.hal_adc_start     adc.o
    0x1fffb800   0x1fffb800   0x000000e4   Code   RO         2591    i.hal_adc_stop      adc.o
    0x1fffb8e4   0x1fffb8e4   0x0000013c   Code   RO         2592    i.hal_adc_value_cal  adc.o
    0x1fffba20   0x1fffba20   0x00000028   Code   RO         2220    i.hal_gpio_DS_control  gpio.o
    0x1fffba48   0x1fffba48   0x00000040   Code   RO         2221    i.hal_gpio_cfg_analog_io  gpio.o
    0x1fffba88   0x1fffba88   0x00000034   Code   RO         2222    i.hal_gpio_fast_write  gpio.o
    0x1fffbabc   0x1fffbabc   0x00000028   Code   RO         2223    i.hal_gpio_fmux     gpio.o
    0x1fffbae4   0x1fffbae4   0x00000030   Code   RO         2224    i.hal_gpio_fmux_set  gpio.o
    0x1fffbb14   0x1fffbb14   0x0000005c   Code   RO         2225    i.hal_gpio_init     gpio.o
    0x1fffbb70   0x1fffbb70   0x00000058   Code   RO         2234    i.hal_gpio_pin_init  gpio.o
    0x1fffbbc8   0x1fffbbc8   0x00000038   Code   RO         2235    i.hal_gpio_pull_set  gpio.o
    0x1fffbc00   0x1fffbc00   0x00000038   Code   RO         2236    i.hal_gpio_read     gpio.o
    0x1fffbc38   0x1fffbc38   0x00000050   Code   RO         2238    i.hal_gpio_wakeup_set  gpio.o
    0x1fffbc88   0x1fffbc88   0x00000040   Code   RO         2239    i.hal_gpio_write    gpio.o
    0x1fffbcc8   0x1fffbcc8   0x00000030   Code   RO         2240    i.hal_gpioin_disable  gpio.o
    0x1fffbcf8   0x1fffbcf8   0x0000006c   Code   RO         2241    i.hal_gpioin_enable  gpio.o
    0x1fffbd64   0x1fffbd64   0x00000030   Code   RO         2242    i.hal_gpioin_register  gpio.o
    0x1fffbd94   0x1fffbd94   0x00000028   Code   RO         1894    i.hal_ms_intv       clock.o
    0x1fffbdbc   0x1fffbdbc   0x00000058   Code   RO         2684    i.hal_pwm_ch_start  pwm.o
    0x1fffbe14   0x1fffbe14   0x00000028   Code   RO         2685    i.hal_pwm_ch_stop   pwm.o
    0x1fffbe3c   0x1fffbe3c   0x0000001c   Code   RO         2686    i.hal_pwm_close_channel  pwm.o
    0x1fffbe58   0x1fffbe58   0x00000078   Code   RO         2687    i.hal_pwm_destroy   pwm.o
    0x1fffbed0   0x1fffbed0   0x00000058   Code   RO         2689    i.hal_pwm_init      pwm.o
    0x1fffbf28   0x1fffbf28   0x0000003c   Code   RO         2691    i.hal_pwm_module_init  pwm.o
    0x1fffbf64   0x1fffbf64   0x00000028   Code   RO         2692    i.hal_pwm_open_channel  pwm.o
    0x1fffbf8c   0x1fffbf8c   0x0000004c   Code   RO         2693    i.hal_pwm_set_count_val  pwm.o
    0x1fffbfd8   0x1fffbfd8   0x00000030   Code   RO         2694    i.hal_pwm_start     pwm.o
    0x1fffc008   0x1fffc008   0x00000030   Code   RO         2695    i.hal_pwm_stop      pwm.o
    0x1fffc038   0x1fffc038   0x00000018   Code   RO         1973    i.hal_pwrmgr_RAM_retention  pwrmgr.o
    0x1fffc050   0x1fffc050   0x0000001c   Code   RO         1975    i.hal_pwrmgr_RAM_retention_set  pwrmgr.o
    0x1fffc06c   0x1fffc06c   0x00000034   Code   RO         1976    i.hal_pwrmgr_init   pwrmgr.o
    0x1fffc0a0   0x1fffc0a0   0x00000050   Code   RO         1977    i.hal_pwrmgr_is_lock  pwrmgr.o
    0x1fffc0f0   0x1fffc0f0   0x00000054   Code   RO         1978    i.hal_pwrmgr_lock   pwrmgr.o
    0x1fffc144   0x1fffc144   0x00000044   Code   RO         1980    i.hal_pwrmgr_register  pwrmgr.o
    0x1fffc188   0x1fffc188   0x00000034   Code   RO         1981    i.hal_pwrmgr_sleep_process  pwrmgr.o
    0x1fffc1bc   0x1fffc1bc   0x00000060   Code   RO         1982    i.hal_pwrmgr_unlock  pwrmgr.o
    0x1fffc21c   0x1fffc21c   0x00000030   Code   RO         1984    i.hal_pwrmgr_wakeup_process  pwrmgr.o
    0x1fffc24c   0x1fffc24c   0x00000078   Code   RO         4195    i.hal_rfphy_init    main.o
    0x1fffc2c4   0x1fffc2c4   0x00000064   Code   RO         4369    i.hal_rom_code_ini  rf.lib(patch.o)
    0x1fffc328   0x1fffc328   0x0000008c   Code   RO         1895    i.hal_rtc_clock_config  clock.o
    0x1fffc3b4   0x1fffc3b4   0x00000050   Code   RO         2848    i.hal_spi_bus_deinit  spi.o
    0x1fffc404   0x1fffc404   0x00000080   Code   RO         2849    i.hal_spi_bus_init  spi.o
    0x1fffc484   0x1fffc484   0x00000090   Code   RO         2853    i.hal_spi_master_init  spi.o
    0x1fffc514   0x1fffc514   0x0000006a   Code   RO         2855    i.hal_spi_pin_deinit  spi.o
    0x1fffc57e   0x1fffc57e   0x00000098   Code   RO         2856    i.hal_spi_pin_init  spi.o
    0x1fffc616   COMPRESSED   0x00000002   PAD
    0x1fffc618   0x1fffc618   0x00000048   Code   RO         2857    i.hal_spi_send_byte  spi.o
    0x1fffc660   0x1fffc660   0x000000d4   Code   RO         2098    i.hal_system_init   common.o
    0x1fffc734   0x1fffc734   0x0000000c   Code   RO         1896    i.hal_systick       clock.o
    0x1fffc740   0x1fffc740   0x0000004c   Code   RO         2439    i.hal_uart_init     uart.o
    0x1fffc78c   0x1fffc78c   0x0000001c   Code   RO         2440    i.hal_uart_send_buff  uart.o
    0x1fffc7a8   0x1fffc7a8   0x0000003c   Code   RO         2442    i.hal_uart_set_tx_buf  uart.o
    0x1fffc7e4   0x1fffc7e4   0x0000006c   Code   RO         3877    i.handleConnStatusCB  ota_app_service.o
    0x1fffc850   0x1fffc850   0x00000070   Code   RO         4287    i.hard_fault        jump_table.o
    0x1fffc8c0   0x1fffc8c0   0x000002f0   Code   RO         1463    i.hsb2Rgb           user_color.o
    0x1fffcbb0   0x1fffcbb0   0x0000020c   Code   RO         4370    i.init_config       rf.lib(patch.o)
    0x1fffcdbc   0x1fffcdbc   0x00000058   Code   RO         1685    i.invalidMacAddrCheck  user_utils.o
    0x1fffce14   0x1fffce14   0x00000050   Code   RO         2443    i.irq_rx_handler    uart.o
    0x1fffce64   0x1fffce64   0x0000007c   Code   RO         2444    i.irq_tx_empty_handler  uart.o
    0x1fffcee0   0x1fffcee0   0x00000038   Code   RO          532    i.keyBrightnessDecProcess  command_center.o
    0x1fffcf18   0x1fffcf18   0x00000038   Code   RO          533    i.keyBrightnessIncProcess  command_center.o
    0x1fffcf50   0x1fffcf50   0x00000114   Code   RO          534    i.keyFuncDownProcess  command_center.o
    0x1fffd064   0x1fffd064   0x00000134   Code   RO          535    i.keyFuncUpProcess  command_center.o
    0x1fffd198   0x1fffd198   0x00000020   Code   RO          536    i.keyFunctionProcess  command_center.o
    0x1fffd1b8   0x1fffd1b8   0x00000028   Code   RO         3043    i.keys_Debounce_Handle  keys.o
    0x1fffd1e0   0x1fffd1e0   0x000000b0   Code   RO         3044    i.keys_Init         keys.o
    0x1fffd290   0x1fffd290   0x00000018   Code   RO         3045    i.keys_RegisterCBs  keys.o
    0x1fffd2a8   0x1fffd2a8   0x00000018   Code   RO         3046    i.keys_RegisterDebounceCBs  keys.o
    0x1fffd2c0   0x1fffd2c0   0x00000058   Code   RO         3047    i.keys_read         keys.o
    0x1fffd318   0x1fffd318   0x000000b4   Code   RO          835    i.lcdDrawFontGbk16  display.o
    0x1fffd3cc   0x1fffd3cc   0x000000b0   Code   RO          836    i.lcdDrawLine       display.o
    0x1fffd47c   0x1fffd47c   0x00000024   Code   RO          837    i.lcdDrawPoint      display.o
    0x1fffd4a0   0x1fffd4a0   0x00000016   Code   RO          838    i.lcdDrawSingleCharGbk16  display.o
    0x1fffd4b6   0x1fffd4b6   0x00000086   Code   RO          839    i.lcdDrawWidthTimesHeight  display.o
    0x1fffd53c   0x1fffd53c   0x00000010   Code   RO          840    i.lcdEntrySleep     display.o
    0x1fffd54c   0x1fffd54c   0x000000da   Code   RO          841    i.lcdRectColorDraw  display.o
    0x1fffd626   0x1fffd626   0x0000005e   Code   RO          842    i.lcdSetRegion      display.o
    0x1fffd684   0x1fffd684   0x00000044   Code   RO          843    i.lcd_clear         display.o
    0x1fffd6c8   0x1fffd6c8   0x000002f8   Code   RO          844    i.lcd_config        display.o
    0x1fffd9c0   0x1fffd9c0   0x00000020   Code   RO          845    i.lcd_off           display.o
    0x1fffd9e0   0x1fffd9e0   0x00000012   Code   RO          846    i.lcd_on            display.o
    0x1fffd9f2   0x1fffd9f2   0x0000003a   Code   RO          847    i.lcd_set_xy        display.o
    0x1fffda2c   0x1fffda2c   0x000000a8   Code   RO         1276    i.lightEffectFunc   user_lighteffect.o
    0x1fffdad4   0x1fffdad4   0x00000018   Code   RO         1100    i.light_Init        light.o
    0x1fffdaec   0x1fffdaec   0x00000034   Code   RO         1101    i.light_ProcessEvent  light.o
    0x1fffdb20   0x1fffdb20   0x00000150   Code   RO         1102    i.light_ctrl        light.o
    0x1fffdc70   0x1fffdc70   0x000000b0   Code   RO         1103    i.light_off         light.o
    0x1fffdd20   0x1fffdd20   0x00000080   Code   RO         1104    i.light_update      light.o
    0x1fffdda0   0x1fffdda0   0x00000088   Code   RO         1277    i.lightning1Process  user_lighteffect.o
    0x1fffde28   0x1fffde28   0x00000084   Code   RO         4372    i.llSetupAdv1       rf.lib(patch.o)
    0x1fffdeac   0x1fffdeac   0x0000011c   Code   RO         4373    i.ll_hw_go1         rf.lib(patch.o)
    0x1fffdfc8   0x1fffdfc8   0x000000d0   Code   RO         1105    i.loadTargetColorTemperatureValue  light.o
    0x1fffe098   0x1fffe098   0x0000001c   Code   RO         1278    i.loadTargetPwmData  user_lighteffect.o
    0x1fffe0b4   0x1fffe0b4   0x00000074   Code   RO         1106    i.loadTargetRGBValue  light.o
    0x1fffe128   0x1fffe128   0x00000098   Code   RO          848    i.logoDisplay       display.o
    0x1fffe1c0   0x1fffe1c0   0x00000050   Code   RO         4196    i.main              main.o
    0x1fffe210   0x1fffe210   0x0000006c   Code   RO         4837    i.malloc            mc_p.l(malloc.o)
    0x1fffe27c   0x1fffe27c   0x0000002c   Code   RO         1728    i.minOfFloatArray   user_remaintimer.o
    0x1fffe2a8   0x1fffe2a8   0x00000018   Code   RO         3048    i.negedge_callback_wakeup  keys.o
    0x1fffe2c0   0x1fffe2c0   0x00000100   Code   RO         1464    i.originalHsv2Rgb   user_color.o
    0x1fffe3c0   0x1fffe3c0   0x00000088   Code   RO           52    i.osalInitTasks     osal_blesmartperipheral.o
    0x1fffe448   0x1fffe448   0x00000026   Code   RO         4241    i.osal_snv_read     osal_snv.o
    0x1fffe46e   0x1fffe46e   0x0000007e   Code   RO         4242    i.osal_snv_write    osal_snv.o
    0x1fffe4ec   0x1fffe4ec   0x00000028   Code   RO         3878    i.ota_ReadAttrCB    ota_app_service.o
    0x1fffe514   0x1fffe514   0x000000a4   Code   RO         3879    i.ota_WriteAttrCB   ota_app_service.o
    0x1fffe5b8   0x1fffe5b8   0x00000078   Code   RO         3880    i.ota_app_AddService  ota_app_service.o
    0x1fffe630   0x1fffe630   0x000000b0   Code   RO          198    i.peripheralStateNotificationCB  blesmartperipheral.o
    0x1fffe6e0   0x1fffe6e0   0x0000003c   Code   RO         2518    i.phy_printf        my_printf.o
    0x1fffe71c   0x1fffe71c   0x00000008   Code   RO         2519    i.phy_printf_init   my_printf.o
    0x1fffe724   0x1fffe724   0x00000018   Code   RO         3049    i.posedge_callback_wakeup  keys.o
    0x1fffe73c   0x1fffe73c   0x00000130   Code   RO         1729    i.powerLineAdjust   user_remaintimer.o
    0x1fffe86c   0x1fffe86c   0x000000f0   Code   RO         2520    i.print             my_printf.o
    0x1fffe95c   0x1fffe95c   0x0000002c   Code   RO         2522    i.printchar         my_printf.o
    0x1fffe988   0x1fffe988   0x00000092   Code   RO         2523    i.printi            my_printf.o
    0x1fffea1a   0x1fffea1a   0x00000070   Code   RO         2524    i.prints            my_printf.o
    0x1fffea8a   0x1fffea8a   0x0000004c   Code   RO          537    i.processBattLevel  command_center.o
    0x1fffead6   COMPRESSED   0x00000002   PAD
    0x1fffead8   0x1fffead8   0x000000e0   Code   RO         3881    i.process_cmd       ota_app_service.o
    0x1fffebb8   0x1fffebb8   0x00000280   Code   RO          538    i.protocol_uartCB_Handle  command_center.o
    0x1fffee38   0x1fffee38   0x00000056   Code   RO         1772    i.protocol_uart_GetBandrate  protocol_uart.o
    0x1fffee8e   COMPRESSED   0x00000002   PAD
    0x1fffee90   0x1fffee90   0x00000068   Code   RO         1773    i.protocol_uart_Init  protocol_uart.o
    0x1fffeef8   0x1fffeef8   0x00000058   Code   RO         1774    i.protocol_uart_ProcessEvent  protocol_uart.o
    0x1fffef50   0x1fffef50   0x000000a8   Code   RO         1775    i.protocol_uart_evt_hdl  protocol_uart.o
    0x1fffeff8   0x1fffeff8   0x0000003c   Code   RO         1776    i.protocol_uart_wakeup_handle  protocol_uart.o
    0x1ffff034   0x1ffff034   0x0000009a   Code   RO         1107    i.pwmInit           light.o
    0x1ffff0ce   COMPRESSED   0x00000002   PAD
    0x1ffff0d0   0x1ffff0d0   0x00000060   Code   RO         4376    i.rc32k_calibration  rf.lib(patch.o)
    0x1ffff130   0x1ffff130   0x00000040   Code   RO         4377    i.rc32k_calibration_check  rf.lib(patch.o)
    0x1ffff170   0x1ffff170   0x00000070   Code   RO         4378    i.rc32k_tracking_check  rf.lib(patch.o)
    0x1ffff1e0   0x1ffff1e0   0x00000058   Code   RO          849    i.reInitialLCD      display.o
    0x1ffff238   0x1ffff238   0x0000003c   Code   RO         1600    i.readDeviceInfo    user_flash.o
    0x1ffff274   0x1ffff274   0x00000078   Code   RO         1601    i.readExceptionStts  user_flash.o
    0x1ffff2ec   0x1ffff2ec   0x00000008   Code   RO         1602    i.readFlashData     user_flash.o
    0x1ffff2f4   0x1ffff2f4   0x0000003c   Code   RO         4497    i.read_chip_id      rf.lib(flash_ext.o)
    0x1ffff330   0x1ffff330   0x00000040   Code   RO         4498    i.read_chip_mAddr   rf.lib(flash_ext.o)
    0x1ffff370   0x1ffff370   0x000000ac   Code   RO          333    i.resetDeviceInfoParams  systems_parameters.o
    0x1ffff41c   0x1ffff41c   0x0000006c   Code   RO         3882    i.response          ota_app_service.o
    0x1ffff488   0x1ffff488   0x00000010   Code   RO          539    i.restartBattInfoCollection  command_center.o
    0x1ffff498   0x1ffff498   0x0000005c   Code   RO          540    i.restoreFromCustomizeModeCheck  command_center.o
    0x1ffff4f4   0x1ffff4f4   0x00000038   Code   RO          541    i.restoreFromPreinstallModeCheck  command_center.o
    0x1ffff52c   0x1ffff52c   0x0000002c   Code   RO          542    i.restoreMode       command_center.o
    0x1ffff558   0x1ffff558   0x00000028   Code   RO         4379    i.rf_calibrate1     rf.lib(patch.o)
    0x1ffff580   0x1ffff580   0x000000f0   Code   RO         4419    i.rf_phy_ana_cfg    rf.lib(rf_phy_driver.o)
    0x1ffff670   0x1ffff670   0x00000120   Code   RO         4420    i.rf_phy_bb_cfg     rf.lib(rf_phy_driver.o)
    0x1ffff790   0x1ffff790   0x00000060   Code   RO         4421    i.rf_phy_change_cfg  rf.lib(rf_phy_driver.o)
    0x1ffff7f0   0x1ffff7f0   0x00000020   Code   RO         4438    i.rf_phy_ini        rf.lib(rf_phy_driver.o)
    0x1ffff810   0x1ffff810   0x00000034   Code   RO         4439    i.rf_phy_set_txPower  rf.lib(rf_phy_driver.o)
    0x1ffff844   0x1ffff844   0x00000110   Code   RO         4440    i.rf_rxDcoc_cfg     rf.lib(rf_phy_driver.o)
    0x1ffff954   0x1ffff954   0x0000004c   Code   RO         4443    i.rf_tpCal_gen_cap_arrary  rf.lib(rf_phy_driver.o)
    0x1ffff9a0   0x1ffff9a0   0x0000009c   Code   RO         4444    i.rf_tp_cal         rf.lib(rf_phy_driver.o)
    0x1ffffa3c   0x1ffffa3c   0x00000014   Code   RO         4197    i.rf_wakeup_handler  main.o
    0x1ffffa50   0x1ffffa50   0x0000001c   Code   RO         1686    i.sameByteCheck     user_utils.o
    0x1ffffa6c   0x1ffffa6c   0x00000034   Code   RO         1279    i.sceneFire         user_lighteffect.o
    0x1ffffaa0   0x1ffffaa0   0x00000038   Code   RO         1280    i.sceneLightning1   user_lighteffect.o
    0x1ffffad8   0x1ffffad8   0x00000038   Code   RO         1281    i.set2FlashMode2StyleA  user_lighteffect.o
    0x1ffffb10   0x1ffffb10   0x00000020   Code   RO         1282    i.set2SimulatonModeStyleA  user_lighteffect.o
    0x1ffffb30   0x1ffffb30   0x000000ec   Code   RO          543    i.setBattLevel      command_center.o
    0x1ffffc1c   0x1ffffc1c   0x00000050   Code   RO          544    i.setBatteryFully   command_center.o
    0x1ffffc6c   0x1ffffc6c   0x00000020   Code   RO         1465    i.setBlueData       user_color.o
    0x1ffffc8c   0x1ffffc8c   0x0000000c   Code   RO         1466    i.setBlueDuty       user_color.o
    0x1ffffc98   0x1ffffc98   0x00000020   Code   RO         1467    i.setCoolData       user_color.o
    0x1ffffcb8   0x1ffffcb8   0x0000000c   Code   RO         1468    i.setCoolDuty       user_color.o
    0x1ffffcc4   0x1ffffcc4   0x00000020   Code   RO         1283    i.setFlashEffectPub  user_lighteffect.o
    0x1ffffce4   0x1ffffce4   0x00000020   Code   RO         1284    i.setGradualEffectPub  user_lighteffect.o
    0x1ffffd04   0x1ffffd04   0x00000020   Code   RO         1469    i.setGreenData      user_color.o
    0x1ffffd24   0x1ffffd24   0x0000000c   Code   RO         1470    i.setGreenDuty      user_color.o
    0x1ffffd30   0x1ffffd30   0x00000128   Code   RO         1285    i.setLEDFunc        user_lighteffect.o
    0x1ffffe58   0x1ffffe58   0x00000038   Code   RO          545    i.setModeInfo       command_center.o
    0x1ffffe90   0x1ffffe90   0x00000020   Code   RO         1471    i.setRedData        user_color.o
    0x1ffffeb0   0x1ffffeb0   0x0000000c   Code   RO         1472    i.setRedDuty        user_color.o
    0x1ffffebc   0x1ffffebc   0x0000000c   Code   RO         1186    i.setTemperature    temp.o
    0x1ffffec8   0x1ffffec8   0x00000024   Code   RO         1473    i.setWarmData       user_color.o
    0x1ffffeec   0x1ffffeec   0x00000088   Code   RO         2594    i.set_sampling_resolution  adc.o
    0x1fffff74   0x1fffff74   0x00000046   Code   RO          199    i.simpleProfileChangeCB  blesmartperipheral.o
    0x1fffffba   COMPRESSED   0x00000002   PAD
    0x1fffffbc   0x1fffffbc   0x00000030   Code   RO         3943    i.simpleProfile_HandleConnStatusCB  simplegattprofile.o
    0x1fffffec   0x1fffffec   0x0000010c   Code   RO         3944    i.simpleProfile_ReadAttrCB  simplegattprofile.o
    0x200000f8   0x200000f8   0x0000000c   Code   RO         3945    i.simpleProfile_Set_notify_status  simplegattprofile.o
    0x20000104   0x20000104   0x000000ec   Code   RO         3946    i.simpleProfile_WriteAttrCB  simplegattprofile.o
    0x200001f0   0x200001f0   0x00000038   Code   RO         4243    i.snv_calc_addr     osal_snv.o
    0x20000228   0x20000228   0x0000003c   Code   RO         4244    i.snvwr             osal_snv.o
    0x20000264   0x20000264   0x00000040   Code   RO         2872    i.spi_int_disable   spi.o
    0x200002a4   0x200002a4   0x00000060   Code   RO         2873    i.spi_int_enable    spi.o
    0x20000304   0x20000304   0x000000e8   Code   RO         2874    i.spi_int_handle    spi.o
    0x200003ec   0x200003ec   0x0000005c   Code   RO         2875    i.spis_int_handle   spi.o
    0x20000448   0x20000448   0x0000002c   Code   RO          546    i.startCharging     command_center.o
    0x20000474   0x20000474   0x00000068   Code   RO         1286    i.startLightEffect  user_lighteffect.o
    0x200004dc   0x200004dc   0x00000014   Code   RO          547    i.startLightEffectEvent  command_center.o
    0x200004f0   0x200004f0   0x0000003c   Code   RO          548    i.stopCharging      command_center.o
    0x2000052c   0x2000052c   0x00000014   Code   RO          549    i.stopLightEffectEvent  command_center.o
    0x20000540   0x20000540   0x00000034   Code   RO          550    i.stopSceneModeCheck  command_center.o
    0x20000574   0x20000574   0x0000001c   Code   RO         1603    i.storeDeviceInfo   user_flash.o
    0x20000590   0x20000590   0x00000040   Code   RO         1604    i.storeExceptionStts  user_flash.o
    0x200005d0   0x200005d0   0x00000024   Code   RO         2100    i.subWriteReg       common.o
    0x200005f4   0x200005f4   0x0000009c   Code   RO          334    i.systems_param_Get_param  systems_parameters.o
    0x20000690   0x20000690   0x000000d8   Code   RO          335    i.systems_param_Set_param  systems_parameters.o
    0x20000768   0x20000768   0x00000300   Code   RO          336    i.systems_parameters_Init  systems_parameters.o
    0x20000a68   0x20000a68   0x0000001c   Code   RO         1187    i.temp_RegisterCBs_Value  temp.o
    0x20000a84   0x20000a84   0x00000050   Code   RO         1188    i.temp_adc_evt      temp.o
    0x20000ad4   0x20000ad4   0x000000b0   Code   RO         1189    i.temp_adc_init     temp.o
    0x20000b84   0x20000b84   0x00000084   Code   RO         1190    i.temp_cal          temp.o
    0x20000c08   0x20000c08   0x0000000c   Code   RO         1191    i.temp_get_value    temp.o
    0x20000c14   0x20000c14   0x00000028   Code   RO         1192    i.temp_init         temp.o
    0x20000c3c   0x20000c3c   0x00000008   Code   RO         1193    i.temp_measure      temp.o
    0x20000c44   0x20000c44   0x0000002c   Code   RO         1288    i.turnOffAllLightEffect  user_lighteffect.o
    0x20000c70   0x20000c70   0x00000010   Code   RO         1475    i.turnOffColorTempLamp  user_color.o
    0x20000c80   0x20000c80   0x00000016   Code   RO         1476    i.turnOffRGBLamp    user_color.o
    0x20000c96   COMPRESSED   0x00000002   PAD
    0x20000c98   0x20000c98   0x00000068   Code   RO         2445    i.txmit_buf_polling  uart.o
    0x20000d00   0x20000d00   0x00000080   Code   RO         2446    i.txmit_buf_use_tx_buf  uart.o
    0x20000d80   0x20000d80   0x000000bc   Code   RO         2447    i.uart_hw_config    uart.o
    0x20000e3c   0x20000e3c   0x00000080   Code   RO          852    i.updateArrowDisplay  display.o
    0x20000ebc   0x20000ebc   0x00000002   Code   RO          853    i.updateBLEDisplay  display.o
    0x20000ebe   COMPRESSED   0x00000002   PAD
    0x20000ec0   0x20000ec0   0x00000104   Code   RO          854    i.updateBrightnessDisplay  display.o
    0x20000fc4   0x20000fc4   0x00000054   Code   RO         1477    i.updateColor       user_color.o
    0x20001018   0x20001018   0x000000f0   Code   RO         1108    i.updateColorTemp   light.o
    0x20001108   0x20001108   0x00000050   Code   RO          855    i.updateColorTempDisplay  display.o
    0x20001158   0x20001158   0x000001e8   Code   RO          337    i.updateDeviceDefaultInfo  systems_parameters.o
    0x20001340   0x20001340   0x000000f4   Code   RO          338    i.updateDeviceInfo2Flash  systems_parameters.o
    0x20001434   0x20001434   0x00000002   Code   RO          856    i.updateHotDisplay  display.o
    0x20001436   COMPRESSED   0x00000002   PAD
    0x20001438   0x20001438   0x00000134   Code   RO          857    i.updateHuesDisplay  display.o
    0x2000156c   0x2000156c   0x00000028   Code   RO         1478    i.updatePWMDuty     user_color.o
    0x20001594   0x20001594   0x00000060   Code   RO         1109    i.updateRGBLamp     light.o
    0x200015f4   0x200015f4   0x00000074   Code   RO          859    i.updateRemainingTimeByValue  display.o
    0x20001668   0x20001668   0x00000050   Code   RO         1479    i.updateRgbOnly     user_color.o
    0x200016b8   0x200016b8   0x00000034   Code   RO          860    i.updateSceneDisplay  display.o
    0x200016ec   0x200016ec   0x0000005c   Code   RO          861    i.updateStrobeDisplay  display.o
    0x20001748   0x20001748   0x0000000c   Code   RO          551    i.updateSystemStts  command_center.o
    0x20001754   0x20001754   0x0000000e   Code   RO         2595    i.usbAbsSubUint16   adc.o
    0x20001762   0x20001762   0x00000002   Code   RO         1573    i.userWatchDogInit  user_watchdog.o
    0x20001764   0x20001764   0x00000008   Code   RO         1574    i.userWatchDogProcessEvent  user_watchdog.o
    0x2000176c   0x2000176c   0x0000008c   Code   RO          552    i.versionDisplay    command_center.o
    0x200017f8   0x200017f8   0x00000018   Code   RO         1605    i.writeFlashData    user_flash.o
    0x20001810   0x20001810   0x00000024   Code   RO          863    i.write_cmd         display.o
    0x20001834   0x20001834   0x00000020   Code   RO          864    i.write_data        display.o
    0x20001854   0x20001854   0x00000034   Data   RO           53    .constdata          osal_blesmartperipheral.o
    0x20001888   0x20001888   0x00000001   Data   RO           54    .constdata          osal_blesmartperipheral.o
    0x20001889   0x20001889   0x000000c3   Data   RO          341    .constdata          systems_parameters.o
    0x2000194c   0x2000194c   0x000007b8   Data   RO          866    .constdata          display.o
    0x20002104   0x20002104   0x00000064   Data   RO         1111    .constdata          light.o
    0x20002168   0x20002168   0x00000068   Data   RO         1194    .constdata          temp.o
    0x200021d0   0x200021d0   0x00000013   Data   RO         1296    .constdata          user_lighteffect.o
    0x200021e3   COMPRESSED   0x00000001   PAD
    0x200021e4   0x200021e4   0x00000194   Data   RO         1480    .constdata          user_color.o
    0x20002378   0x20002378   0x00000010   Data   RO         1778    .constdata          protocol_uart.o
    0x20002388   0x20002388   0x0000000c   Data   RO         2449    .constdata          uart.o
    0x20002394   0x20002394   0x00000002   Data   RO         3155    .constdata          battservice.o
    0x20002396   0x20002396   0x00000002   Data   RO         3157    .constdata          battservice.o
    0x20002398   0x20002398   0x00000002   Data   RO         3158    .constdata          battservice.o
    0x2000239a   COMPRESSED   0x00000002   PAD
    0x2000239c   0x2000239c   0x00000008   Data   RO         3159    .constdata          battservice.o
    0x200023a4   0x200023a4   0x0000000c   Data   RO         3160    .constdata          battservice.o
    0x200023b0   0x200023b0   0x00000002   Data   RO         3242    .constdata          devinfoservice.o
    0x200023b2   0x200023b2   0x00000002   Data   RO         3243    .constdata          devinfoservice.o
    0x200023b4   0x200023b4   0x00000002   Data   RO         3244    .constdata          devinfoservice.o
    0x200023b6   0x200023b6   0x00000002   Data   RO         3245    .constdata          devinfoservice.o
    0x200023b8   0x200023b8   0x00000002   Data   RO         3246    .constdata          devinfoservice.o
    0x200023ba   0x200023ba   0x00000002   Data   RO         3247    .constdata          devinfoservice.o
    0x200023bc   0x200023bc   0x00000002   Data   RO         3248    .constdata          devinfoservice.o
    0x200023be   0x200023be   0x00000002   Data   RO         3249    .constdata          devinfoservice.o
    0x200023c0   0x200023c0   0x00000002   Data   RO         3250    .constdata          devinfoservice.o
    0x200023c2   0x200023c2   0x00000002   Data   RO         3251    .constdata          devinfoservice.o
    0x200023c4   0x200023c4   0x00000008   Data   RO         3252    .constdata          devinfoservice.o
    0x200023cc   0x200023cc   0x0000000c   Data   RO         3253    .constdata          devinfoservice.o
    0x200023d8   0x200023d8   0x00000008   Data   RO         3300    .constdata          gapgattserver.o
    0x200023e0   0x200023e0   0x0000000c   Data   RO         3301    .constdata          gapgattserver.o
    0x200023ec   0x200023ec   0x00000008   Data   RO         3683    .constdata          gattservapp.o
    0x200023f4   0x200023f4   0x00000010   Data   RO         3883    .constdata          ota_app_service.o
    0x20002404   0x20002404   0x00000010   Data   RO         3884    .constdata          ota_app_service.o
    0x20002414   0x20002414   0x00000010   Data   RO         3885    .constdata          ota_app_service.o
    0x20002424   0x20002424   0x00000008   Data   RO         3886    .constdata          ota_app_service.o
    0x2000242c   0x2000242c   0x0000000c   Data   RO         3887    .constdata          ota_app_service.o
    0x20002438   0x20002438   0x00000002   Data   RO         3948    .constdata          simplegattprofile.o
    0x2000243a   0x2000243a   0x00000002   Data   RO         3949    .constdata          simplegattprofile.o
    0x2000243c   0x2000243c   0x00000002   Data   RO         3950    .constdata          simplegattprofile.o
    0x2000243e   0x2000243e   0x00000002   Data   RO         3951    .constdata          simplegattprofile.o
    0x20002440   0x20002440   0x00000002   Data   RO         3952    .constdata          simplegattprofile.o
    0x20002442   0x20002442   0x00000002   Data   RO         3953    .constdata          simplegattprofile.o
    0x20002444   0x20002444   0x00000002   Data   RO         3954    .constdata          simplegattprofile.o
    0x20002446   COMPRESSED   0x00000002   PAD
    0x20002448   0x20002448   0x00000008   Data   RO         3955    .constdata          simplegattprofile.o
    0x20002450   0x20002450   0x0000000c   Data   RO         3956    .constdata          simplegattprofile.o
    0x2000245c   0x2000245c   0x00000027   Data   RO          868    .conststring        display.o
    0x20002483   COMPRESSED   0x00000001   PAD
    0x20002484   0x20002484   0x00000050   Data   RO         4946    Region$$Table       anon$$obj.o
    0x200024d4   COMPRESSED   0x00000004   Data   RW           55    .data               osal_blesmartperipheral.o
    0x200024d8   COMPRESSED   0x00000010   Data   RW          200    .data               blesmartperipheral.o
    0x200024e8   COMPRESSED   0x0000000c   Data   RW          342    .data               systems_parameters.o
    0x200024f4   COMPRESSED   0x00000018   Data   RW          432    .data               battery.o
    0x2000250c   COMPRESSED   0x00000024   Data   RW          555    .data               command_center.o
    0x20002530   COMPRESSED   0x00000001   Data   RW          556    .data               command_center.o
    0x20002531   COMPRESSED   0x00000003   PAD
    0x20002534   COMPRESSED   0x00000018   Data   RW          869    .data               display.o
    0x2000254c   COMPRESSED   0x00000001   Data   RW         1113    .data               light.o
    0x2000254d   COMPRESSED   0x00000003   PAD
    0x20002550   COMPRESSED   0x0000000e   Data   RW         1195    .data               temp.o
    0x2000255e   COMPRESSED   0x00000002   PAD
    0x20002560   COMPRESSED   0x00000010   Data   RW         1305    .data               user_lighteffect.o
    0x20002570   COMPRESSED   0x00000004   Data   RW         1481    .data               user_color.o
    0x20002574   COMPRESSED   0x00000020   Data   RW         1687    .data               user_utils.o
    0x20002594   COMPRESSED   0x00000008   Data   RW         1731    .data               user_remaintimer.o
    0x2000259c   COMPRESSED   0x00000001   Data   RW         1779    .data               protocol_uart.o
    0x2000259d   COMPRESSED   0x00000003   PAD
    0x200025a0   COMPRESSED   0x00000008   Data   RW         1987    .data               pwrmgr.o
    0x200025a8   COMPRESSED   0x00000002   Data   RW         2527    .data               my_printf.o
    0x200025aa   COMPRESSED   0x0000000f   Data   RW         2597    .data               adc.o
    0x200025b9   COMPRESSED   0x00000001   Data   RW         2697    .data               pwm.o
    0x200025ba   COMPRESSED   0x0000000e   Data   RW         3050    .data               keys.o
    0x200025c8   COMPRESSED   0x00000001   Data   RW         3161    .data               battservice.o
    0x200025c9   COMPRESSED   0x00000003   PAD
    0x200025cc   COMPRESSED   0x00000090   Data   RW         3162    .data               battservice.o
    0x2000265c   COMPRESSED   0x00000001   Data   RW         3163    .data               battservice.o
    0x2000265d   COMPRESSED   0x00000001   Data   RW         3164    .data               battservice.o
    0x2000265e   COMPRESSED   0x00000008   Data   RW         3165    .data               battservice.o
    0x20002666   COMPRESSED   0x00000001   Data   RW         3254    .data               devinfoservice.o
    0x20002667   COMPRESSED   0x00000001   Data   RW         3255    .data               devinfoservice.o
    0x20002668   COMPRESSED   0x00000001   Data   RW         3256    .data               devinfoservice.o
    0x20002669   COMPRESSED   0x00000001   Data   RW         3257    .data               devinfoservice.o
    0x2000266a   COMPRESSED   0x00000001   Data   RW         3258    .data               devinfoservice.o
    0x2000266b   COMPRESSED   0x00000001   Data   RW         3259    .data               devinfoservice.o
    0x2000266c   COMPRESSED   0x00000001   Data   RW         3260    .data               devinfoservice.o
    0x2000266d   COMPRESSED   0x00000001   Data   RW         3261    .data               devinfoservice.o
    0x2000266e   COMPRESSED   0x00000001   Data   RW         3262    .data               devinfoservice.o
    0x2000266f   COMPRESSED   0x00000001   PAD
    0x20002670   COMPRESSED   0x00000130   Data   RW         3263    .data               devinfoservice.o
    0x200027a0   COMPRESSED   0x00000080   Data   RW         3302    .data               gapgattserver.o
    0x20002820   COMPRESSED   0x00000001   Data   RW         3303    .data               gapgattserver.o
    0x20002821   COMPRESSED   0x00000001   Data   RW         3304    .data               gapgattserver.o
    0x20002822   COMPRESSED   0x00000001   Data   RW         3305    .data               gapgattserver.o
    0x20002823   COMPRESSED   0x00000001   PAD
    0x20002824   COMPRESSED   0x00000061   Data   RW         3381    .data               peripheral.o
    0x20002885   COMPRESSED   0x00000003   PAD
    0x20002888   COMPRESSED   0x00000024   Data   RW         3500    .data               gapbondmgr.o
    0x200028ac   COMPRESSED   0x0000005c   Data   RW         3685    .data               gattservapp.o
    0x20002908   COMPRESSED   0x00000001   Data   RW         3686    .data               gattservapp.o
    0x20002909   COMPRESSED   0x00000001   Data   RW         3888    .data               ota_app_service.o
    0x2000290a   COMPRESSED   0x00000001   Data   RW         3889    .data               ota_app_service.o
    0x2000290b   COMPRESSED   0x00000001   Data   RW         3890    .data               ota_app_service.o
    0x2000290c   COMPRESSED   0x00000001   Data   RW         3891    .data               ota_app_service.o
    0x2000290d   COMPRESSED   0x00000003   PAD
    0x20002910   COMPRESSED   0x00000070   Data   RW         3892    .data               ota_app_service.o
    0x20002980   COMPRESSED   0x00000174   Data   RW         3957    .data               simplegattprofile.o
    0x20002af4   COMPRESSED   0x00000001   Data   RW         3958    .data               simplegattprofile.o
    0x20002af5   COMPRESSED   0x0000000f   Data   RW         3959    .data               simplegattprofile.o
    0x20002b04   COMPRESSED   0x00000001   Data   RW         3960    .data               simplegattprofile.o
    0x20002b05   COMPRESSED   0x0000000f   Data   RW         3961    .data               simplegattprofile.o
    0x20002b14   COMPRESSED   0x00000001   Data   RW         3962    .data               simplegattprofile.o
    0x20002b15   COMPRESSED   0x00000011   Data   RW         3963    .data               simplegattprofile.o
    0x20002b26   COMPRESSED   0x00000001   Data   RW         3964    .data               simplegattprofile.o
    0x20002b27   COMPRESSED   0x0000000c   Data   RW         3965    .data               simplegattprofile.o
    0x20002b33   COMPRESSED   0x00000001   Data   RW         3966    .data               simplegattprofile.o
    0x20002b34   COMPRESSED   0x0000000c   Data   RW         3967    .data               simplegattprofile.o
    0x20002b40   COMPRESSED   0x00000001   Data   RW         3968    .data               simplegattprofile.o
    0x20002b41   COMPRESSED   0x00000012   Data   RW         3969    .data               simplegattprofile.o
    0x20002b53   COMPRESSED   0x00000001   PAD
    0x20002b54   COMPRESSED   0x00000004   Data   RW         4331    .data               system_armcm0.o
    0x20002b58   COMPRESSED   0x00000018   Data   RW         4388    .data               rf.lib(patch.o)
    0x20002b70   COMPRESSED   0x00000001   Data   RW         4389    .data               rf.lib(patch.o)
    0x20002b71   COMPRESSED   0x00000007   Data   RW         4500    .data               rf.lib(flash_ext.o)
    0x20002b78   COMPRESSED   0x00000004   Data   RW         4920    .data               mc_p.l(stdout.o)
    0x20002b7c   COMPRESSED   0x00000004   Data   RW         4929    .data               mc_p.l(mvars.o)
    0x20002b80   COMPRESSED   0x00000004   Data   RW         4930    .data               mc_p.l(mvars.o)
    0x20002b84        -       0x000000a2   Zero   RW          339    .bss                systems_parameters.o
    0x20002c26        -       0x0000000c   Zero   RW          340    .bss                systems_parameters.o
    0x20002c32   COMPRESSED   0x00000002   PAD
    0x20002c34        -       0x00000034   Zero   RW          553    .bss                command_center.o
    0x20002c68        -       0x00000040   Zero   RW          865    .bss                display.o
    0x20002ca8        -       0x00000024   Zero   RW         1110    .bss                light.o
    0x20002ccc        -       0x00000034   Zero   RW         1289    .bss                user_lighteffect.o
    0x20002d00        -       0x00000014   Zero   RW         1290    .bss                user_lighteffect.o
    0x20002d14        -       0x0000008e   Zero   RW         1606    .bss                user_flash.o
    0x20002da2   COMPRESSED   0x00000002   PAD
    0x20002da4        -       0x00000028   Zero   RW         1730    .bss                user_remaintimer.o
    0x20002dcc        -       0x0000040a   Zero   RW         1777    .bss                protocol_uart.o
    0x200031d6   COMPRESSED   0x00000002   PAD
    0x200031d8        -       0x00000078   Zero   RW         1986    .bss                pwrmgr.o
    0x20003250        -       0x000001c8   Zero   RW         2246    .bss                gpio.o
    0x20003418        -       0x00000020   Zero   RW         2448    .bss                uart.o
    0x20003438        -       0x00000078   Zero   RW         2526    .bss                my_printf.o
    0x200034b0        -       0x00000028   Zero   RW         2596    .bss                adc.o
    0x200034d8        -       0x00000044   Zero   RW         2696    .bss                pwm.o
    0x2000351c        -       0x00000058   Zero   RW         2876    .bss                spi.o
    0x20003574        -       0x00000010   Zero   RW         3241    .bss                devinfoservice.o
    0x20003584        -       0x00000016   Zero   RW         3299    .bss                gapgattserver.o
    0x2000359a        -       0x0000003f   Zero   RW         3380    .bss                peripheral.o
    0x200035d9   COMPRESSED   0x00000001   PAD
    0x200035da        -       0x000000a6   Zero   RW         3499    .bss                gapbondmgr.o
    0x20003680        -       0x000002e8   Zero   RW         3682    .bss                gattservapp.o
    0x20003968        -       0x00000c00   Zero   RW         3947    .bss                simplegattprofile.o
    0x20004568        -       0x00001800   Zero   RW         4198    .bss                main.o
    0x20005d68        -       0x00000010   Zero   RW         4383    .bss                rf.lib(patch.o)
    0x20005d78        -       0x00000041   Zero   RW         4499    .bss                rf.lib(flash_ext.o)
    0x20005db9   COMPRESSED   0x00000007   PAD
    0x20005dc0        -       0x00000100   Zero   RW         4321    HEAP                startup_armcm0.o
    0x20005ec0        -       0x00000800   Zero   RW         4320    STACK               startup_armcm0.o



  Load Region LR_IROM2 (Base: 0x1fff0800, Size: 0x00000800, Max: 0x00000800, ABSOLUTE, COMPRESSED[0x0000040c])

    Execution Region JUMP_TABLE (Exec base: 0x1fff0800, Load base: 0x1fff0800, Size: 0x00000400, Max: 0x00000400, ABSOLUTE)

    Exec Addr    Load Addr    Size         Type   Attr      Idx    E Section Name        Object

    0x1fff0800   0x1fff0800   0x00000400   Data   RO         4289    jump_table_mem_area  jump_table.o


    Execution Region GOLBAL_CONFIG (Exec base: 0x1fff0c00, Load base: 0x1fff0c00, Size: 0x00000400, Max: 0x00000400, ABSOLUTE, COMPRESSED[0x0000000c])

    Exec Addr    Load Addr    Size         Type   Attr      Idx    E Section Name        Object

    0x1fff0c00   COMPRESSED   0x00000400   Data   RW         4288    global_config_area  jump_table.o


==============================================================================

Image component sizes


      Code (inc. data)   RO Data    RW Data    ZI Data      Debug   Object Name

      1682        172          0         15         40      21718   adc.o
       720        194          0         24          0       7741   battery.o
       348         60         26        155          0      11073   battservice.o
       868         66          0         16          0      11208   blesmartperipheral.o
        20          0          0          0          0      12699   blesmartperipheral_main.o
       266         34          0          0          0       3411   clock.o
      7722        808          0         37         52      35753   command_center.o
       310         40          0          0          0       3566   common.o
       160         20         40        313         16       3271   devinfoservice.o
      4012        346       2015         24         64      24633   display.o
       436         52          0          0          0       4119   flash.o
        62         12          0          0          0       1129   gap.o
       630         16          0         36        166       9154   gapbondmgr.o
       678         44         20        131         22       5616   gapgattserver.o
      3466        182          8         93        744      28581   gattservapp.o
      1440        142          0          0        456      24174   gpio.o
       112         44       1024       1024          0       1828   jump_table.o
       400         38          0         14          0       3593   keys.o
      1542        136        100          1         36       7753   light.o
       288         44          0          0       6144       2928   main.o
       610         26          0          2        120       6368   my_printf.o
       136          6         53          4          0      74109   osal_blesmartperipheral.o
       280         14          0          0          0       3337   osal_snv.o
       792        192         68        116          0       7002   ota_app_service.o
      2016        178          0         97         63      11696   peripheral.o
       506         56         16          1       1034       5237   protocol_uart.o
       636         54          0          1         68       6144   pwm.o
       532         66          0          8        120       7552   pwrmgr.o
       908        138         34        467       3072       8667   simplegattprofile.o
      1346        102          0          0         88      19064   spi.o
        28          8        192          0       2304        608   startup_armcm0.o
        16          8          0          4          0        647   system_armcm0.o
      2208        128        195         12        174      17797   systems_parameters.o
       488        134        104         14          0       4847   temp.o
       852         82         12          0         32      14998   uart.o
      1462        158        404          4          0       9733   user_color.o
       304         18          0          0        142       4808   user_flash.o
      3236        514         19         16         72      26706   user_lighteffect.o
      1524        248          0          8         40       4256   user_remaintimer.o
       164         14          0         32          0       2548   user_utils.o
        10          0          0          0          0        982   user_watchdog.o
        40          6          0          0          0       1804   watchdog.o

    ----------------------------------------------------------------------
     44376       4960       4416       2692      15076     462858   Object Totals
      1080        360         80          0          0          0   (incl. Generated)
        40          0          6         23          7          0   (incl. Padding)

    ----------------------------------------------------------------------

      Code (inc. data)   RO Data    RW Data    ZI Data      Debug   Library Member Name

        86          0          0          0          0          0   __dczerorl2.o
         0          0          0          0          0          0   entry.o
         0          0          0          0          0          0   entry10a.o
         0          0          0          0          0          0   entry11a.o
         8          4          0          0          0          0   entry2.o
         4          0          0          0          0          0   entry5.o
         0          0          0          0          0          0   entry7b.o
         0          0          0          0          0          0   entry8b.o
         8          4          0          0          0          0   entry9a.o
        18          0          0          0          0         72   fputc.o
        30          0          0          0          0          0   handlers.o
        36          8          0          0          0         68   init.o
         0          0          0          0          0          0   iusefp.o
         0          0          0          0          0          0   iusesemip.o
        32          0          0          0          0         68   llshl.o
        38          0          0          0          0         68   llsshr.o
        34          0          0          0          0         68   llushr.o
       192         20          0          0          0        144   malloc.o
        26          0          0          0          0         72   memcmp.o
        36          0          0          0          0         60   memcpya.o
        36          0          0          0          0        100   memseta.o
         0          0          0          8          0          0   mvars.o
      2302        102          0          0          0        556   printfa.o
         0          0          0          0          0          0   semi.o
         0          0          0          4          0          0   stdout.o
        96          0          0          0          0         84   uldiv.o
        20          0          0          0          0         60   uread4.o
        40          2          0          0          0         68   cdcmple.o
        40          2          0          0          0         68   cdrcmple.o
        20          0          0          0          0         68   cfcmple.o
        20          0          0          0          0         68   cfrcmple.o
        56          0          0          0          0         68   d2f.o
       356          4          0          0          0        140   dadd.o
       240          6          0          0          0         84   ddiv.o
       236          0          0          0          0        216   depilogue.o
        60         10          0          0          0         68   dfixui.o
        64         10          0          0          0         68   dfixul.o
        40          6          0          0          0         68   dflti.o
        28          4          0          0          0         68   dfltui.o
       208          6          0          0          0         88   dmul.o
        44          0          0          0          0         72   dscalb.o
        40          0          0          0          0         60   f2d.o
       178          0          0          0          0        108   fadd.o
       124          0          0          0          0         72   fdiv.o
       130          0          0          0          0        144   fepilogue.o
        40          0          0          0          0         60   ffixui.o
        22          0          0          0          0         68   fflti.o
        14          0          0          0          0         68   ffltui.o
       122          0          0          0          0         72   fmul.o
        24          0          0          0          0         60   fscalb.o
       648         52          0          7         65        688   flash_ext.o
      1742        282          0         25         16        744   patch.o
      1212        318          0          0          0        572   rf_phy_driver.o

    ----------------------------------------------------------------------
      8764        840          0         44         88       5348   Library Totals
        14          0          0          0          7          0   (incl. Padding)

    ----------------------------------------------------------------------

      Code (inc. data)   RO Data    RW Data    ZI Data      Debug   Library Name

      3002        138          0         12          0       1420   mc_p.l
      2146         50          0          0          0       1924   mf_p.l
      3602        652          0         32         81       2004   rf.lib

    ----------------------------------------------------------------------
      8764        840          0         44         88       5348   Library Totals

    ----------------------------------------------------------------------

==============================================================================


      Code (inc. data)   RO Data    RW Data    ZI Data      Debug   

     53140       5800       4416       2736      15164     449390   Grand Totals
     53140       5800       4416        600      15164     449390   ELF Image Totals (compressed)
     53140       5800       4416        600          0          0   ROM Totals

==============================================================================

    Total RO  Size (Code + RO Data)                57556 (  56.21kB)
    Total RW  Size (RW Data + ZI Data)             17900 (  17.48kB)
    Total ROM Size (Code + RO Data + RW Data)      58156 (  56.79kB)

==============================================================================

